Archive member included to satisfy reference by file (symbol)

C:/PROGRA~2/ARMGNU~1/14EFD8~1.2RE/bin/../lib/gcc/arm-none-eabi/14.2.1/thumb/v7-m/nofp\libc_nano.a(libc_a-exit.o)
                              C:/PROGRA~2/ARMGNU~1/14EFD8~1.2RE/bin/../lib/gcc/arm-none-eabi/14.2.1/thumb/v7-m/nofp/crt0.o (exit)
C:/PROGRA~2/ARMGNU~1/14EFD8~1.2RE/bin/../lib/gcc/arm-none-eabi/14.2.1/thumb/v7-m/nofp\libc_nano.a(libc_a-findfp.o)
                              C:/PROGRA~2/ARMGNU~1/14EFD8~1.2RE/bin/../lib/gcc/arm-none-eabi/14.2.1/thumb/v7-m/nofp\libc_nano.a(libc_a-exit.o) (__stdio_exit_handler)
C:/PROGRA~2/ARMGNU~1/14EFD8~1.2RE/bin/../lib/gcc/arm-none-eabi/14.2.1/thumb/v7-m/nofp\libc_nano.a(libc_a-fwalk.o)
                              C:/PROGRA~2/ARMGNU~1/14EFD8~1.2RE/bin/../lib/gcc/arm-none-eabi/14.2.1/thumb/v7-m/nofp\libc_nano.a(libc_a-findfp.o) (_fwalk_sglue)
C:/PROGRA~2/ARMGNU~1/14EFD8~1.2RE/bin/../lib/gcc/arm-none-eabi/14.2.1/thumb/v7-m/nofp\libc_nano.a(libc_a-stdio.o)
                              C:/PROGRA~2/ARMGNU~1/14EFD8~1.2RE/bin/../lib/gcc/arm-none-eabi/14.2.1/thumb/v7-m/nofp\libc_nano.a(libc_a-findfp.o) (__sread)
C:/PROGRA~2/ARMGNU~1/14EFD8~1.2RE/bin/../lib/gcc/arm-none-eabi/14.2.1/thumb/v7-m/nofp\libc_nano.a(libc_a-memset.o)
                              C:/PROGRA~2/ARMGNU~1/14EFD8~1.2RE/bin/../lib/gcc/arm-none-eabi/14.2.1/thumb/v7-m/nofp/crt0.o (memset)
C:/PROGRA~2/ARMGNU~1/14EFD8~1.2RE/bin/../lib/gcc/arm-none-eabi/14.2.1/thumb/v7-m/nofp\libc_nano.a(libc_a-closer.o)
                              C:/PROGRA~2/ARMGNU~1/14EFD8~1.2RE/bin/../lib/gcc/arm-none-eabi/14.2.1/thumb/v7-m/nofp\libc_nano.a(libc_a-stdio.o) (_close_r)
C:/PROGRA~2/ARMGNU~1/14EFD8~1.2RE/bin/../lib/gcc/arm-none-eabi/14.2.1/thumb/v7-m/nofp\libc_nano.a(libc_a-reent.o)
                              C:/PROGRA~2/ARMGNU~1/14EFD8~1.2RE/bin/../lib/gcc/arm-none-eabi/14.2.1/thumb/v7-m/nofp\libc_nano.a(libc_a-closer.o) (errno)
C:/PROGRA~2/ARMGNU~1/14EFD8~1.2RE/bin/../lib/gcc/arm-none-eabi/14.2.1/thumb/v7-m/nofp\libc_nano.a(libc_a-impure.o)
                              C:/PROGRA~2/ARMGNU~1/14EFD8~1.2RE/bin/../lib/gcc/arm-none-eabi/14.2.1/thumb/v7-m/nofp\libc_nano.a(libc_a-reent.o) (_impure_ptr)
C:/PROGRA~2/ARMGNU~1/14EFD8~1.2RE/bin/../lib/gcc/arm-none-eabi/14.2.1/thumb/v7-m/nofp\libc_nano.a(libc_a-lseekr.o)
                              C:/PROGRA~2/ARMGNU~1/14EFD8~1.2RE/bin/../lib/gcc/arm-none-eabi/14.2.1/thumb/v7-m/nofp\libc_nano.a(libc_a-stdio.o) (_lseek_r)
C:/PROGRA~2/ARMGNU~1/14EFD8~1.2RE/bin/../lib/gcc/arm-none-eabi/14.2.1/thumb/v7-m/nofp\libc_nano.a(libc_a-readr.o)
                              C:/PROGRA~2/ARMGNU~1/14EFD8~1.2RE/bin/../lib/gcc/arm-none-eabi/14.2.1/thumb/v7-m/nofp\libc_nano.a(libc_a-stdio.o) (_read_r)
C:/PROGRA~2/ARMGNU~1/14EFD8~1.2RE/bin/../lib/gcc/arm-none-eabi/14.2.1/thumb/v7-m/nofp\libc_nano.a(libc_a-writer.o)
                              C:/PROGRA~2/ARMGNU~1/14EFD8~1.2RE/bin/../lib/gcc/arm-none-eabi/14.2.1/thumb/v7-m/nofp\libc_nano.a(libc_a-stdio.o) (_write_r)
C:/PROGRA~2/ARMGNU~1/14EFD8~1.2RE/bin/../lib/gcc/arm-none-eabi/14.2.1/thumb/v7-m/nofp\libc_nano.a(libc_a-init.o)
                              C:/PROGRA~2/ARMGNU~1/14EFD8~1.2RE/bin/../lib/gcc/arm-none-eabi/14.2.1/thumb/v7-m/nofp/crt0.o (__libc_init_array)
C:/PROGRA~2/ARMGNU~1/14EFD8~1.2RE/bin/../lib/gcc/arm-none-eabi/14.2.1/thumb/v7-m/nofp\libc_nano.a(libc_a-lock.o)
                              C:/PROGRA~2/ARMGNU~1/14EFD8~1.2RE/bin/../lib/gcc/arm-none-eabi/14.2.1/thumb/v7-m/nofp\libc_nano.a(libc_a-findfp.o) (__retarget_lock_init_recursive)
C:/PROGRA~2/ARMGNU~1/14EFD8~1.2RE/bin/../lib/gcc/arm-none-eabi/14.2.1/thumb/v7-m/nofp\libc_nano.a(libc_a-freer.o)
                              C:/PROGRA~2/ARMGNU~1/14EFD8~1.2RE/bin/../lib/gcc/arm-none-eabi/14.2.1/thumb/v7-m/nofp\libc_nano.a(libc_a-reent.o) (_free_r)
C:/PROGRA~2/ARMGNU~1/14EFD8~1.2RE/bin/../lib/gcc/arm-none-eabi/14.2.1/thumb/v7-m/nofp\libc_nano.a(libc_a-mallocr.o)
                              C:/PROGRA~2/ARMGNU~1/14EFD8~1.2RE/bin/../lib/gcc/arm-none-eabi/14.2.1/thumb/v7-m/nofp\libc_nano.a(libc_a-findfp.o) (_malloc_r)
C:/PROGRA~2/ARMGNU~1/14EFD8~1.2RE/bin/../lib/gcc/arm-none-eabi/14.2.1/thumb/v7-m/nofp\libc_nano.a(libc_a-mlock.o)
                              C:/PROGRA~2/ARMGNU~1/14EFD8~1.2RE/bin/../lib/gcc/arm-none-eabi/14.2.1/thumb/v7-m/nofp\libc_nano.a(libc_a-freer.o) (__malloc_lock)
C:/PROGRA~2/ARMGNU~1/14EFD8~1.2RE/bin/../lib/gcc/arm-none-eabi/14.2.1/thumb/v7-m/nofp\libc_nano.a(libc_a-fflush.o)
                              C:/PROGRA~2/ARMGNU~1/14EFD8~1.2RE/bin/../lib/gcc/arm-none-eabi/14.2.1/thumb/v7-m/nofp\libc_nano.a(libc_a-findfp.o) (_fflush_r)
C:/PROGRA~2/ARMGNU~1/14EFD8~1.2RE/bin/../lib/gcc/arm-none-eabi/14.2.1/thumb/v7-m/nofp\libc_nano.a(libc_a-sbrkr.o)
                              C:/PROGRA~2/ARMGNU~1/14EFD8~1.2RE/bin/../lib/gcc/arm-none-eabi/14.2.1/thumb/v7-m/nofp\libc_nano.a(libc_a-mallocr.o) (_sbrk_r)
[...]
Memory Configuration

Name             Origin             Length             Attributes
RAM              0x20000000         0x00005000         xrw
FLASH            0x08000000         0x00010000         xr
*default*        0x00000000         0xffffffff

Linker script and memory map

LOAD C:/PROGRA~2/ARMGNU~1/14EFD8~1.2RE/bin/../lib/gcc/arm-none-eabi/14.2.1/thumb/v7-m/nofp/crti.o
LOAD C:/PROGRA~2/ARMGNU~1/14EFD8~1.2RE/bin/../lib/gcc/arm-none-eabi/14.2.1/thumb/v7-m/nofp/crtbegin.o
LOAD C:/PROGRA~2/ARMGNU~1/14EFD8~1.2RE/bin/../lib/gcc/arm-none-eabi/14.2.1/thumb/v7-m/nofp/crt0.o
START GROUP
LOAD C:/PROGRA~2/ARMGNU~1/14EFD8~1.2RE/bin/../lib/gcc/arm-none-eabi/14.2.1/thumb/v7-m/nofp\libc_nano.a
LOAD C:/PROGRA~2/ARMGNU~1/14EFD8~1.2RE/bin/../lib/gcc/arm-none-eabi/14.2.1/thumb/v7-m/nofp\libm.a
END GROUP
LOAD cmake/stm32cubemx/CMakeFiles/STM32_Drivers.dir/__/__/Core/Src/system_stm32f1xx.c.obj
LOAD cmake/stm32cubemx/CMakeFiles/STM32_Drivers.dir/__/__/Drivers/STM32F1xx_HAL_Driver/Src/stm32f1xx_hal_gpio_ex.c.obj
LOAD cmake/stm32cubemx/CMakeFiles/STM32_Drivers.dir/__/__/Drivers/STM32F1xx_HAL_Driver/Src/stm32f1xx_hal_adc.c.obj
LOAD cmake/stm32cubemx/CMakeFiles/STM32_Drivers.dir/__/__/Drivers/STM32F1xx_HAL_Driver/Src/stm32f1xx_hal_adc_ex.c.obj
LOAD cmake/stm32cubemx/CMakeFiles/STM32_Drivers.dir/__/__/Drivers/STM32F1xx_HAL_Driver/Src/stm32f1xx_hal.c.obj
LOAD cmake/stm32cubemx/CMakeFiles/STM32_Drivers.dir/__/__/Drivers/STM32F1xx_HAL_Driver/Src/stm32f1xx_hal_rcc.c.obj
LOAD cmake/stm32cubemx/CMakeFiles/STM32_Drivers.dir/__/__/Drivers/STM32F1xx_HAL_Driver/Src/stm32f1xx_hal_rcc_ex.c.obj
LOAD cmake/stm32cubemx/CMakeFiles/STM32_Drivers.dir/__/__/Drivers/STM32F1xx_HAL_Driver/Src/stm32f1xx_hal_gpio.c.obj
LOAD cmake/stm32cubemx/CMakeFiles/STM32_Drivers.dir/__/__/Drivers/STM32F1xx_HAL_Driver/Src/stm32f1xx_hal_dma.c.obj
LOAD cmake/stm32cubemx/CMakeFiles/STM32_Drivers.dir/__/__/Drivers/STM32F1xx_HAL_Driver/Src/stm32f1xx_hal_cortex.c.obj
LOAD cmake/stm32cubemx/CMakeFiles/STM32_Drivers.dir/__/__/Drivers/STM32F1xx_HAL_Driver/Src/stm32f1xx_hal_pwr.c.obj
LOAD cmake/stm32cubemx/CMakeFiles/STM32_Drivers.dir/__/__/Drivers/STM32F1xx_HAL_Driver/Src/stm32f1xx_hal_flash.c.obj
LOAD cmake/stm32cubemx/CMakeFiles/STM32_Drivers.dir/__/__/Drivers/STM32F1xx_HAL_Driver/Src/stm32f1xx_hal_flash_ex.c.obj
LOAD cmake/stm32cubemx/CMakeFiles/STM32_Drivers.dir/__/__/Drivers/STM32F1xx_HAL_Driver/Src/stm32f1xx_hal_exti.c.obj
LOAD cmake/stm32cubemx/CMakeFiles/STM32_Drivers.dir/__/__/Drivers/STM32F1xx_HAL_Driver/Src/stm32f1xx_hal_i2c.c.obj
LOAD cmake/stm32cubemx/CMakeFiles/STM32_Drivers.dir/__/__/Drivers/STM32F1xx_HAL_Driver/Src/stm32f1xx_hal_tim.c.obj
LOAD cmake/stm32cubemx/CMakeFiles/STM32_Drivers.dir/__/__/Drivers/STM32F1xx_HAL_Driver/Src/stm32f1xx_hal_tim_ex.c.obj
LOAD CMakeFiles/hw_rgr.dir/Core/Src/main.c.obj
LOAD CMakeFiles/hw_rgr.dir/Core/Src/stm32f1xx_it.c.obj
LOAD CMakeFiles/hw_rgr.dir/Core/Src/stm32f1xx_hal_msp.c.obj
LOAD CMakeFiles/hw_rgr.dir/Core/Src/sysmem.c.obj
LOAD CMakeFiles/hw_rgr.dir/Core/Src/syscalls.c.obj
LOAD CMakeFiles/hw_rgr.dir/startup_stm32f103xb.s.obj
LOAD CMakeFiles/hw_rgr.dir/Core/Libs/SSD1306_for_STM32_HAL_IAR/src/ssd1306.c.obj
LOAD CMakeFiles/hw_rgr.dir/Core/Libs/SSD1306_for_STM32_HAL_IAR/src/fonts.c.obj
START GROUP
LOAD C:/PROGRA~2/ARMGNU~1/14EFD8~1.2RE/bin/../lib/gcc/arm-none-eabi/14.2.1/thumb/v7-m/nofp\libgcc.a
LOAD C:/PROGRA~2/ARMGNU~1/14EFD8~1.2RE/bin/../lib/gcc/arm-none-eabi/14.2.1/thumb/v7-m/nofp\libg_nano.a
LOAD C:/PROGRA~2/ARMGNU~1/14EFD8~1.2RE/bin/../lib/gcc/arm-none-eabi/14.2.1/thumb/v7-m/nofp\libc_nano.a
END GROUP
START GROUP
LOAD C:/PROGRA~2/ARMGNU~1/14EFD8~1.2RE/bin/../lib/gcc/arm-none-eabi/14.2.1/thumb/v7-m/nofp\libgcc.a
LOAD C:/PROGRA~2/ARMGNU~1/14EFD8~1.2RE/bin/../lib/gcc/arm-none-eabi/14.2.1/thumb/v7-m/nofp\libc_nano.a
END GROUP
LOAD C:/PROGRA~2/ARMGNU~1/14EFD8~1.2RE/bin/../lib/gcc/arm-none-eabi/14.2.1/thumb/v7-m/nofp/crtend.o
LOAD C:/PROGRA~2/ARMGNU~1/14EFD8~1.2RE/bin/../lib/gcc/arm-none-eabi/14.2.1/thumb/v7-m/nofp/crtn.o
                0x20005000                        _estack = (ORIGIN (RAM) + LENGTH (RAM))
                0x00000200                        _Min_Heap_Size = 0x200
                0x00000400                        _Min_Stack_Size = 0x400

.isr_vector     0x08000000      0x10c
                0x08000000                        . = ALIGN (0x4)
 *(.isr_vector)
 .isr_vector    0x08000000      0x10c CMakeFiles/hw_rgr.dir/startup_stm32f103xb.s.obj
                0x08000000                g_pfnVectors
                0x0800010c                        . = ALIGN (0x4)

.text           0x08000110     0x4324
                0x08000110                        . = ALIGN (0x4)
 *(.text)
 .text          0x08000110      0x254 C:/PROGRA~2/ARMGNU~1/14EFD8~1.2RE/bin/../lib/gcc/arm-none-eabi/14.2.1/thumb/v7-m/nofp\libgcc.a(_arm_muldf3.o)
                0x08000110                __muldf3
                0x08000110                __aeabi_dmul
 .text          0x08000364      0x378 C:/PROGRA~2/ARMGNU~1/14EFD8~1.2RE/bin/../lib/gcc/arm-none-eabi/14.2.1/thumb/v7-m/nofp\libgcc.a(_arm_addsubdf3.o)
                0x08000364                __aeabi_drsub
                0x0800036c                __aeabi_dsub
                0x0800036c                __subdf3
                0x08000370                __aeabi_dadd
                0x08000370                __adddf3
                0x080005e8                __floatunsidf
                0x080005e8                __aeabi_ui2d
                0x08000608                __floatsidf
                0x08000608                __aeabi_i2d
                0x0800062c                __aeabi_f2d
                0x0800062c                __extendsfdf2
                0x08000670                __floatundidf
                0x08000670                __aeabi_ul2d
                0x08000680                __floatdidf
                0x08000680                __aeabi_l2d
 .text          0x080006dc       0xa0 C:/PROGRA~2/ARMGNU~1/14EFD8~1.2RE/bin/../lib/gcc/arm-none-eabi/14.2.1/thumb/v7-m/nofp\libgcc.a(_arm_truncdfsf2.o)
                0x080006dc                __truncdfsf2
                0x080006dc                __aeabi_d2f
 .text          0x0800077c      0x21c C:/PROGRA~2/ARMGNU~1/14EFD8~1.2RE/bin/../lib/gcc/arm-none-eabi/14.2.1/thumb/v7-m/nofp\libgcc.a(_arm_addsubsf3.o)
                0x0800077c                __aeabi_frsub
                0x08000784                __subsf3
                0x08000784                __aeabi_fsub
                0x08000788                __aeabi_fadd
                0x08000788                __addsf3
                0x080008e8                __aeabi_ui2f
                0x080008e8                __floatunsisf
                0x080008f0                __aeabi_i2f
                0x080008f0                __floatsisf
                0x0800090c                __aeabi_ul2f
                0x0800090c                __floatundisf
                0x0800091c                __aeabi_l2f
                0x0800091c                __floatdisf
 .text          0x08000998      0x2a0 C:/PROGRA~2/ARMGNU~1/14EFD8~1.2RE/bin/../lib/gcc/arm-none-eabi/14.2.1/thumb/v7-m/nofp\libgcc.a(_arm_muldivsf3.o)
                0x08000998                __mulsf3
                0x08000998                __aeabi_fmul
                0x08000b00                __aeabi_fdiv
                0x08000b00                __divsf3
 .text          0x08000c38       0x4c C:/PROGRA~2/ARMGNU~1/14EFD8~1.2RE/bin/../lib/gcc/arm-none-eabi/14.2.1/thumb/v7-m/nofp\libgcc.a(_arm_fixsfsi.o)
                0x08000c38                __aeabi_f2iz
                0x08000c38                __fixsfsi
 *(.text*)
 .text.deregister_tm_clones
                0x08000c84       0x1c C:/PROGRA~2/ARMGNU~1/14EFD8~1.2RE/bin/../lib/gcc/arm-none-eabi/14.2.1/thumb/v7-m/nofp/crtbegin.o
 .text.register_tm_clones
                0x08000ca0       0x24 C:/PROGRA~2/ARMGNU~1/14EFD8~1.2RE/bin/../lib/gcc/arm-none-eabi/14.2.1/thumb/v7-m/nofp/crtbegin.o
 .text.__do_global_dtors_aux
                0x08000cc4       0x28 C:/PROGRA~2/ARMGNU~1/14EFD8~1.2RE/bin/../lib/gcc/arm-none-eabi/14.2.1/thumb/v7-m/nofp/crtbegin.o
 .text.frame_dummy
                0x08000cec       0x24 C:/PROGRA~2/ARMGNU~1/14EFD8~1.2RE/bin/../lib/gcc/arm-none-eabi/14.2.1/thumb/v7-m/nofp/crtbegin.o
 .text.memset   0x08000d10       0x10 C:/PROGRA~2/ARMGNU~1/14EFD8~1.2RE/bin/../lib/gcc/arm-none-eabi/14.2.1/thumb/v7-m/nofp\libc_nano.a(libc_a-memset.o)
                0x08000d10                memset
 .text.__libc_init_array
                0x08000d20       0x48 C:/PROGRA~2/ARMGNU~1/14EFD8~1.2RE/bin/../lib/gcc/arm-none-eabi/14.2.1/thumb/v7-m/nofp\libc_nano.a(libc_a-init.o)
                0x08000d20                __libc_init_array
 .text.__retarget_lock_acquire_recursive
                0x08000d68        0x2 C:/PROGRA~2/ARMGNU~1/14EFD8~1.2RE/bin/../lib/gcc/arm-none-eabi/14.2.1/thumb/v7-m/nofp\libc_nano.a(libc_a-lock.o)
                0x08000d68                __retarget_lock_acquire_recursive
 .text.__retarget_lock_release_recursive
                0x08000d6a        0x2 C:/PROGRA~2/ARMGNU~1/14EFD8~1.2RE/bin/../lib/gcc/arm-none-eabi/14.2.1/thumb/v7-m/nofp\libc_nano.a(libc_a-lock.o)
                0x08000d6a                __retarget_lock_release_recursive
 .text._free_r  0x08000d6c       0x90 C:/PROGRA~2/ARMGNU~1/14EFD8~1.2RE/bin/../lib/gcc/arm-none-eabi/14.2.1/thumb/v7-m/nofp\libc_nano.a(libc_a-freer.o)
                0x08000d6c                _free_r
 .text.sbrk_aligned
                0x08000dfc       0x44 C:/PROGRA~2/ARMGNU~1/14EFD8~1.2RE/bin/../lib/gcc/arm-none-eabi/14.2.1/thumb/v7-m/nofp\libc_nano.a(libc_a-mallocr.o)
 .text._malloc_r
                0x08000e40      0x100 C:/PROGRA~2/ARMGNU~1/14EFD8~1.2RE/bin/../lib/gcc/arm-none-eabi/14.2.1/thumb/v7-m/nofp\libc_nano.a(libc_a-mallocr.o)
                0x08000e40                _malloc_r
 .text.__malloc_lock
                0x08000f40        0xc C:/PROGRA~2/ARMGNU~1/14EFD8~1.2RE/bin/../lib/gcc/arm-none-eabi/14.2.1/thumb/v7-m/nofp\libc_nano.a(libc_a-mlock.o)
                0x08000f40                __malloc_lock
 .text.__malloc_unlock
                0x08000f4c        0xc C:/PROGRA~2/ARMGNU~1/14EFD8~1.2RE/bin/../lib/gcc/arm-none-eabi/14.2.1/thumb/v7-m/nofp\libc_nano.a(libc_a-mlock.o)
                0x08000f4c                __malloc_unlock
 .text._sbrk_r  0x08000f58       0x20 C:/PROGRA~2/ARMGNU~1/14EFD8~1.2RE/bin/../lib/gcc/arm-none-eabi/14.2.1/thumb/v7-m/nofp\libc_nano.a(libc_a-sbrkr.o)
                0x08000f58                _sbrk_r
 .text.SystemInit
                0x08000f78        0x4 cmake/stm32cubemx/CMakeFiles/STM32_Drivers.dir/__/__/Core/Src/system_stm32f1xx.c.obj
                0x08000f78                SystemInit
 .text.HAL_ADC_Init
                0x08000f7c      0x17c cmake/stm32cubemx/CMakeFiles/STM32_Drivers.dir/__/__/Drivers/STM32F1xx_HAL_Driver/Src/stm32f1xx_hal_adc.c.obj
                0x08000f7c                HAL_ADC_Init
 .text.HAL_ADC_Stop
                0x080010f8       0x7c cmake/stm32cubemx/CMakeFiles/STM32_Drivers.dir/__/__/Drivers/STM32F1xx_HAL_Driver/Src/stm32f1xx_hal_adc.c.obj
                0x080010f8                HAL_ADC_Stop
 .text.HAL_ADC_ConvCpltCallback
                0x08001174        0x4 cmake/stm32cubemx/CMakeFiles/STM32_Drivers.dir/__/__/Drivers/STM32F1xx_HAL_Driver/Src/stm32f1xx_hal_adc.c.obj
                0x08001174                HAL_ADC_ConvCpltCallback
 .text.HAL_ADC_IRQHandler
                0x08001178       0xf0 cmake/stm32cubemx/CMakeFiles/STM32_Drivers.dir/__/__/Drivers/STM32F1xx_HAL_Driver/Src/stm32f1xx_hal_adc.c.obj
                0x08001178                HAL_ADC_IRQHandler
 .text.HAL_ADC_ConfigChannel
                0x08001268      0x12c cmake/stm32cubemx/CMakeFiles/STM32_Drivers.dir/__/__/Drivers/STM32F1xx_HAL_Driver/Src/stm32f1xx_hal_adc.c.obj
                0x08001268                HAL_ADC_ConfigChannel
 .text.HAL_ADC_AnalogWDGConfig
                0x08001394       0x5c cmake/stm32cubemx/CMakeFiles/STM32_Drivers.dir/__/__/Drivers/STM32F1xx_HAL_Driver/Src/stm32f1xx_hal_adc.c.obj
                0x08001394                HAL_ADC_AnalogWDGConfig
 .text.ADC_Enable
                0x080013f0       0x88 cmake/stm32cubemx/CMakeFiles/STM32_Drivers.dir/__/__/Drivers/STM32F1xx_HAL_Driver/Src/stm32f1xx_hal_adc.c.obj
                0x080013f0                ADC_Enable
 .text.HAL_ADC_Start
                0x08001478       0xcc cmake/stm32cubemx/CMakeFiles/STM32_Drivers.dir/__/__/Drivers/STM32F1xx_HAL_Driver/Src/stm32f1xx_hal_adc.c.obj
                0x08001478                HAL_ADC_Start
 .text.HAL_ADCEx_InjectedConvCpltCallback
                0x08001544        0x4 cmake/stm32cubemx/CMakeFiles/STM32_Drivers.dir/__/__/Drivers/STM32F1xx_HAL_Driver/Src/stm32f1xx_hal_adc_ex.c.obj
                0x08001544                HAL_ADCEx_InjectedConvCpltCallback
 .text.HAL_InitTick
                0x08001548       0x48 cmake/stm32cubemx/CMakeFiles/STM32_Drivers.dir/__/__/Drivers/STM32F1xx_HAL_Driver/Src/stm32f1xx_hal.c.obj
                0x08001548                HAL_InitTick
 .text.HAL_Init
                0x08001590       0x24 cmake/stm32cubemx/CMakeFiles/STM32_Drivers.dir/__/__/Drivers/STM32F1xx_HAL_Driver/Src/stm32f1xx_hal.c.obj
                0x08001590                HAL_Init
 .text.HAL_IncTick
                0x080015b4       0x18 cmake/stm32cubemx/CMakeFiles/STM32_Drivers.dir/__/__/Drivers/STM32F1xx_HAL_Driver/Src/stm32f1xx_hal.c.obj
                0x080015b4                HAL_IncTick
 .text.HAL_GetTick
                0x080015cc        0xc cmake/stm32cubemx/CMakeFiles/STM32_Drivers.dir/__/__/Drivers/STM32F1xx_HAL_Driver/Src/stm32f1xx_hal.c.obj
                0x080015cc                HAL_GetTick
 .text.HAL_Delay
                0x080015d8       0x24 cmake/stm32cubemx/CMakeFiles/STM32_Drivers.dir/__/__/Drivers/STM32F1xx_HAL_Driver/Src/stm32f1xx_hal.c.obj
                0x080015d8                HAL_Delay
 .text.HAL_RCC_OscConfig
                0x080015fc      0x3e0 cmake/stm32cubemx/CMakeFiles/STM32_Drivers.dir/__/__/Drivers/STM32F1xx_HAL_Driver/Src/stm32f1xx_hal_rcc.c.obj
                0x080015fc                HAL_RCC_OscConfig
 .text.HAL_RCC_ClockConfig
                0x080019dc      0x184 cmake/stm32cubemx/CMakeFiles/STM32_Drivers.dir/__/__/Drivers/STM32F1xx_HAL_Driver/Src/stm32f1xx_hal_rcc.c.obj
                0x080019dc                HAL_RCC_ClockConfig
 .text.HAL_RCC_GetPCLK1Freq
                0x08001b60       0x20 cmake/stm32cubemx/CMakeFiles/STM32_Drivers.dir/__/__/Drivers/STM32F1xx_HAL_Driver/Src/stm32f1xx_hal_rcc.c.obj
                0x08001b60                HAL_RCC_GetPCLK1Freq
 .text.HAL_RCCEx_PeriphCLKConfig
                0x08001b80      0x100 cmake/stm32cubemx/CMakeFiles/STM32_Drivers.dir/__/__/Drivers/STM32F1xx_HAL_Driver/Src/stm32f1xx_hal_rcc_ex.c.obj
                0x08001b80                HAL_RCCEx_PeriphCLKConfig
 .text.HAL_GPIO_Init
                0x08001c80      0x40c cmake/stm32cubemx/CMakeFiles/STM32_Drivers.dir/__/__/Drivers/STM32F1xx_HAL_Driver/Src/stm32f1xx_hal_gpio.c.obj
                0x08001c80                HAL_GPIO_Init
 .text.HAL_GPIO_WritePin
                0x0800208c        0x8 cmake/stm32cubemx/CMakeFiles/STM32_Drivers.dir/__/__/Drivers/STM32F1xx_HAL_Driver/Src/stm32f1xx_hal_gpio.c.obj
                0x0800208c                HAL_GPIO_WritePin
 .text.HAL_GPIO_TogglePin
                0x08002094       0x14 cmake/stm32cubemx/CMakeFiles/STM32_Drivers.dir/__/__/Drivers/STM32F1xx_HAL_Driver/Src/stm32f1xx_hal_gpio.c.obj
                0x08002094                HAL_GPIO_TogglePin
 .text.HAL_NVIC_SetPriorityGrouping
                0x080020a8       0x24 cmake/stm32cubemx/CMakeFiles/STM32_Drivers.dir/__/__/Drivers/STM32F1xx_HAL_Driver/Src/stm32f1xx_hal_cortex.c.obj
                0x080020a8                HAL_NVIC_SetPriorityGrouping
 .text.HAL_NVIC_SetPriority
                0x080020cc       0x78 cmake/stm32cubemx/CMakeFiles/STM32_Drivers.dir/__/__/Drivers/STM32F1xx_HAL_Driver/Src/stm32f1xx_hal_cortex.c.obj
                0x080020cc                HAL_NVIC_SetPriority
 .text.HAL_NVIC_EnableIRQ
                0x08002144       0x1c cmake/stm32cubemx/CMakeFiles/STM32_Drivers.dir/__/__/Drivers/STM32F1xx_HAL_Driver/Src/stm32f1xx_hal_cortex.c.obj
                0x08002144                HAL_NVIC_EnableIRQ
 .text.HAL_NVIC_DisableIRQ
                0x08002160       0x24 cmake/stm32cubemx/CMakeFiles/STM32_Drivers.dir/__/__/Drivers/STM32F1xx_HAL_Driver/Src/stm32f1xx_hal_cortex.c.obj
                0x08002160                HAL_NVIC_DisableIRQ
 .text.HAL_SYSTICK_Config
                0x08002184       0x30 cmake/stm32cubemx/CMakeFiles/STM32_Drivers.dir/__/__/Drivers/STM32F1xx_HAL_Driver/Src/stm32f1xx_hal_cortex.c.obj
                0x08002184                HAL_SYSTICK_Config
 .text.I2C_WaitOnMasterAddressFlagUntilTimeout.constprop.0
                0x080021b4       0xac cmake/stm32cubemx/CMakeFiles/STM32_Drivers.dir/__/__/Drivers/STM32F1xx_HAL_Driver/Src/stm32f1xx_hal_i2c.c.obj
 .text.I2C_RequestMemoryWrite
                0x08002260      0x210 cmake/stm32cubemx/CMakeFiles/STM32_Drivers.dir/__/__/Drivers/STM32F1xx_HAL_Driver/Src/stm32f1xx_hal_i2c.c.obj
 .text.HAL_I2C_Init
                0x08002470      0x190 cmake/stm32cubemx/CMakeFiles/STM32_Drivers.dir/__/__/Drivers/STM32F1xx_HAL_Driver/Src/stm32f1xx_hal_i2c.c.obj
                0x08002470                HAL_I2C_Init
 .text.HAL_I2C_Mem_Write
                0x08002600      0x234 cmake/stm32cubemx/CMakeFiles/STM32_Drivers.dir/__/__/Drivers/STM32F1xx_HAL_Driver/Src/stm32f1xx_hal_i2c.c.obj
                0x08002600                HAL_I2C_Mem_Write
 .text.HAL_I2C_IsDeviceReady
                0x08002834      0x244 cmake/stm32cubemx/CMakeFiles/STM32_Drivers.dir/__/__/Drivers/STM32F1xx_HAL_Driver/Src/stm32f1xx_hal_i2c.c.obj
                0x08002834                HAL_I2C_IsDeviceReady
 .text.HAL_TIM_Base_Start
                0x08002a78       0x4c cmake/stm32cubemx/CMakeFiles/STM32_Drivers.dir/__/__/Drivers/STM32F1xx_HAL_Driver/Src/stm32f1xx_hal_tim.c.obj
                0x08002a78                HAL_TIM_Base_Start
 .text.HAL_TIM_Base_Stop
                0x08002ac4       0x2c cmake/stm32cubemx/CMakeFiles/STM32_Drivers.dir/__/__/Drivers/STM32F1xx_HAL_Driver/Src/stm32f1xx_hal_tim.c.obj
                0x08002ac4                HAL_TIM_Base_Stop
 .text.HAL_TIM_PWM_Init
                0x08002af0       0xdc cmake/stm32cubemx/CMakeFiles/STM32_Drivers.dir/__/__/Drivers/STM32F1xx_HAL_Driver/Src/stm32f1xx_hal_tim.c.obj
                0x08002af0                HAL_TIM_PWM_Init
 .text.HAL_TIM_IC_Start
                0x08002bcc       0xf4 cmake/stm32cubemx/CMakeFiles/STM32_Drivers.dir/__/__/Drivers/STM32F1xx_HAL_Driver/Src/stm32f1xx_hal_tim.c.obj
                0x08002bcc                HAL_TIM_IC_Start
 .text.HAL_TIM_IC_Stop
                0x08002cc0       0x74 cmake/stm32cubemx/CMakeFiles/STM32_Drivers.dir/__/__/Drivers/STM32F1xx_HAL_Driver/Src/stm32f1xx_hal_tim.c.obj
                0x08002cc0                HAL_TIM_IC_Stop
 .text.HAL_TIM_OnePulse_Start
                0x08002d34       0x8c cmake/stm32cubemx/CMakeFiles/STM32_Drivers.dir/__/__/Drivers/STM32F1xx_HAL_Driver/Src/stm32f1xx_hal_tim.c.obj
                0x08002d34                HAL_TIM_OnePulse_Start
 .text.HAL_TIM_PWM_ConfigChannel
                0x08002dc0      0x1e4 cmake/stm32cubemx/CMakeFiles/STM32_Drivers.dir/__/__/Drivers/STM32F1xx_HAL_Driver/Src/stm32f1xx_hal_tim.c.obj
                0x08002dc0                HAL_TIM_PWM_ConfigChannel
 .text.HAL_TIMEx_MasterConfigSynchronization
                0x08002fa4       0x64 cmake/stm32cubemx/CMakeFiles/STM32_Drivers.dir/__/__/Drivers/STM32F1xx_HAL_Driver/Src/stm32f1xx_hal_tim_ex.c.obj
                0x08002fa4                HAL_TIMEx_MasterConfigSynchronization
 .text.HAL_ADC_LevelOutOfWindowCallback
                0x08003008       0x2c CMakeFiles/hw_rgr.dir/Core/Src/main.c.obj
                0x08003008                HAL_ADC_LevelOutOfWindowCallback
 .text.print_capacitance_measurement_logs
                0x08003034       0xd0 CMakeFiles/hw_rgr.dir/Core/Src/main.c.obj
                0x08003034                print_capacitance_measurement_logs
 *fill*         0x08003104        0x4 
 .text.measure_capacitance
                0x08003108       0xb8 CMakeFiles/hw_rgr.dir/Core/Src/main.c.obj
                0x08003108                measure_capacitance
 .text.Error_Handler
                0x080031c0       0x20 CMakeFiles/hw_rgr.dir/Core/Src/main.c.obj
                0x080031c0                Error_Handler
 .text.SystemClock_Config
                0x080031e0       0x80 CMakeFiles/hw_rgr.dir/Core/Src/main.c.obj
                0x080031e0                SystemClock_Config
 .text.startup.main
                0x08003260      0x214 CMakeFiles/hw_rgr.dir/Core/Src/main.c.obj
                0x08003260                main
 .text.NMI_Handler
                0x08003474        0x4 CMakeFiles/hw_rgr.dir/Core/Src/stm32f1xx_it.c.obj
                0x08003474                NMI_Handler
 .text.HardFault_Handler
                0x08003478        0x4 CMakeFiles/hw_rgr.dir/Core/Src/stm32f1xx_it.c.obj
                0x08003478                HardFault_Handler
 .text.MemManage_Handler
                0x0800347c        0x4 CMakeFiles/hw_rgr.dir/Core/Src/stm32f1xx_it.c.obj
                0x0800347c                MemManage_Handler
 .text.BusFault_Handler
                0x08003480        0x4 CMakeFiles/hw_rgr.dir/Core/Src/stm32f1xx_it.c.obj
                0x08003480                BusFault_Handler
 .text.UsageFault_Handler
                0x08003484        0x4 CMakeFiles/hw_rgr.dir/Core/Src/stm32f1xx_it.c.obj
                0x08003484                UsageFault_Handler
 .text.SVC_Handler
                0x08003488        0x4 CMakeFiles/hw_rgr.dir/Core/Src/stm32f1xx_it.c.obj
                0x08003488                SVC_Handler
 .text.DebugMon_Handler
                0x0800348c        0x4 CMakeFiles/hw_rgr.dir/Core/Src/stm32f1xx_it.c.obj
                0x0800348c                DebugMon_Handler
 .text.PendSV_Handler
                0x08003490        0x4 CMakeFiles/hw_rgr.dir/Core/Src/stm32f1xx_it.c.obj
                0x08003490                PendSV_Handler
 .text.SysTick_Handler
                0x08003494        0x4 CMakeFiles/hw_rgr.dir/Core/Src/stm32f1xx_it.c.obj
                0x08003494                SysTick_Handler
 .text.ADC1_2_IRQHandler
                0x08003498        0xc CMakeFiles/hw_rgr.dir/Core/Src/stm32f1xx_it.c.obj
                0x08003498                ADC1_2_IRQHandler
 .text.HAL_MspInit
                0x080034a4       0x44 CMakeFiles/hw_rgr.dir/Core/Src/stm32f1xx_hal_msp.c.obj
                0x080034a4                HAL_MspInit
 .text.HAL_ADC_MspInit
                0x080034e8       0x70 CMakeFiles/hw_rgr.dir/Core/Src/stm32f1xx_hal_msp.c.obj
                0x080034e8                HAL_ADC_MspInit
 .text.HAL_I2C_MspInit
                0x08003558       0x64 CMakeFiles/hw_rgr.dir/Core/Src/stm32f1xx_hal_msp.c.obj
                0x08003558                HAL_I2C_MspInit
 .text.HAL_TIM_PWM_MspInit
                0x080035bc       0x2c CMakeFiles/hw_rgr.dir/Core/Src/stm32f1xx_hal_msp.c.obj
                0x080035bc                HAL_TIM_PWM_MspInit
 .text.HAL_TIM_MspPostInit
                0x080035e8       0x58 CMakeFiles/hw_rgr.dir/Core/Src/stm32f1xx_hal_msp.c.obj
                0x080035e8                HAL_TIM_MspPostInit
 .text._sbrk    0x08003640       0x48 CMakeFiles/hw_rgr.dir/Core/Src/sysmem.c.obj
                0x08003640                _sbrk
 .text.Reset_Handler
                0x08003688       0x48 CMakeFiles/hw_rgr.dir/startup_stm32f103xb.s.obj
                0x08003688                Reset_Handler
 .text.Default_Handler
                0x080036d0        0x2 CMakeFiles/hw_rgr.dir/startup_stm32f103xb.s.obj
                0x080036d0                RTC_Alarm_IRQHandler
                0x080036d0                EXTI2_IRQHandler
                0x080036d0                TIM1_CC_IRQHandler
                0x080036d0                PVD_IRQHandler
                0x080036d0                EXTI3_IRQHandler
                0x080036d0                EXTI0_IRQHandler
                0x080036d0                I2C2_EV_IRQHandler
                0x080036d0                SPI1_IRQHandler
                0x080036d0                TAMPER_IRQHandler
                0x080036d0                DMA1_Channel4_IRQHandler
                0x080036d0                USART3_IRQHandler
                0x080036d0                RTC_IRQHandler
                0x080036d0                DMA1_Channel7_IRQHandler
                0x080036d0                CAN1_RX1_IRQHandler
                0x080036d0                TIM4_IRQHandler
                0x080036d0                I2C1_EV_IRQHandler
                0x080036d0                DMA1_Channel6_IRQHandler
                0x080036d0                TIM3_IRQHandler
                0x080036d0                RCC_IRQHandler
                0x080036d0                TIM1_TRG_COM_IRQHandler
                0x080036d0                DMA1_Channel1_IRQHandler
                0x080036d0                Default_Handler
                0x080036d0                EXTI15_10_IRQHandler
                0x080036d0                EXTI9_5_IRQHandler
                0x080036d0                SPI2_IRQHandler
                0x080036d0                DMA1_Channel5_IRQHandler
                0x080036d0                EXTI4_IRQHandler
                0x080036d0                USB_LP_CAN1_RX0_IRQHandler
                0x080036d0                USB_HP_CAN1_TX_IRQHandler
                0x080036d0                DMA1_Channel3_IRQHandler
                0x080036d0                TIM1_UP_IRQHandler
                0x080036d0                WWDG_IRQHandler
                0x080036d0                TIM2_IRQHandler
                0x080036d0                TIM1_BRK_IRQHandler
                0x080036d0                EXTI1_IRQHandler
                0x080036d0                USART2_IRQHandler
                0x080036d0                I2C2_ER_IRQHandler
                0x080036d0                DMA1_Channel2_IRQHandler
                0x080036d0                CAN1_SCE_IRQHandler
                0x080036d0                FLASH_IRQHandler
                0x080036d0                USART1_IRQHandler
                0x080036d0                I2C1_ER_IRQHandler
                0x080036d0                USBWakeUp_IRQHandler
 *fill*         0x080036d2        0x2 
 .text.ssd1306_SetColor
                0x080036d4        0xc CMakeFiles/hw_rgr.dir/Core/Libs/SSD1306_for_STM32_HAL_IAR/src/ssd1306.c.obj
                0x080036d4                ssd1306_SetColor
 .text.ssd1306_UpdateScreen
                0x080036e0       0x90 CMakeFiles/hw_rgr.dir/Core/Libs/SSD1306_for_STM32_HAL_IAR/src/ssd1306.c.obj
                0x080036e0                ssd1306_UpdateScreen
 .text.ssd1306_Init
                0x08003770      0x330 CMakeFiles/hw_rgr.dir/Core/Libs/SSD1306_for_STM32_HAL_IAR/src/ssd1306.c.obj
                0x08003770                ssd1306_Init
 .text.ssd1306_WriteChar
                0x08003aa0      0x1b8 CMakeFiles/hw_rgr.dir/Core/Libs/SSD1306_for_STM32_HAL_IAR/src/ssd1306.c.obj
                0x08003aa0                ssd1306_WriteChar
 .text.ssd1306_WriteString
                0x08003c58       0x34 CMakeFiles/hw_rgr.dir/Core/Libs/SSD1306_for_STM32_HAL_IAR/src/ssd1306.c.obj
                0x08003c58                ssd1306_WriteString
 .text.ssd1306_SetCursor
                0x08003c8c        0xc CMakeFiles/hw_rgr.dir/Core/Libs/SSD1306_for_STM32_HAL_IAR/src/ssd1306.c.obj
                0x08003c8c                ssd1306_SetCursor
 .text.ssd1306_FlipScreenVertically
                0x08003c98       0x48 CMakeFiles/hw_rgr.dir/Core/Libs/SSD1306_for_STM32_HAL_IAR/src/ssd1306.c.obj
                0x08003c98                ssd1306_FlipScreenVertically
 .text.ssd1306_Clear
                0x08003ce0       0x10 CMakeFiles/hw_rgr.dir/Core/Libs/SSD1306_for_STM32_HAL_IAR/src/ssd1306.c.obj
                0x08003ce0                ssd1306_Clear
 .text.snprintf
                0x08003cf0       0x6c C:/PROGRA~2/ARMGNU~1/14EFD8~1.2RE/bin/../lib/gcc/arm-none-eabi/14.2.1/thumb/v7-m/nofp\libg_nano.a(libc_a-snprintf.o)
                0x08003cf0                sniprintf
                0x08003cf0                snprintf
 .text.__errno  0x08003d5c        0xc C:/PROGRA~2/ARMGNU~1/14EFD8~1.2RE/bin/../lib/gcc/arm-none-eabi/14.2.1/thumb/v7-m/nofp\libg_nano.a(libc_a-errno.o)
                0x08003d5c                __errno
 .text.__ssputs_r
                0x08003d68       0xc0 C:/PROGRA~2/ARMGNU~1/14EFD8~1.2RE/bin/../lib/gcc/arm-none-eabi/14.2.1/thumb/v7-m/nofp\libg_nano.a(libc_a-nano-svfprintf.o)
                0x08003d68                __ssputs_r
 .text._svfprintf_r
                0x08003e28      0x1f8 C:/PROGRA~2/ARMGNU~1/14EFD8~1.2RE/bin/../lib/gcc/arm-none-eabi/14.2.1/thumb/v7-m/nofp\libg_nano.a(libc_a-nano-svfprintf.o)
                0x08003e28                _svfiprintf_r
                0x08003e28                _svfprintf_r
 .text._printf_common
                0x08004020       0xe4 C:/PROGRA~2/ARMGNU~1/14EFD8~1.2RE/bin/../lib/gcc/arm-none-eabi/14.2.1/thumb/v7-m/nofp\libg_nano.a(libc_a-nano-vfprintf_i.o)
                0x08004020                _printf_common
 .text._printf_i
                0x08004104      0x240 C:/PROGRA~2/ARMGNU~1/14EFD8~1.2RE/bin/../lib/gcc/arm-none-eabi/14.2.1/thumb/v7-m/nofp\libg_nano.a(libc_a-nano-vfprintf_i.o)
                0x08004104                _printf_i
 .text.memmove  0x08004344       0x32 C:/PROGRA~2/ARMGNU~1/14EFD8~1.2RE/bin/../lib/gcc/arm-none-eabi/14.2.1/thumb/v7-m/nofp\libg_nano.a(libc_a-memmove.o)
                0x08004344                memmove
 .text.memchr   0x08004376       0x1c C:/PROGRA~2/ARMGNU~1/14EFD8~1.2RE/bin/../lib/gcc/arm-none-eabi/14.2.1/thumb/v7-m/nofp\libg_nano.a(libc_a-memchr-stub.o)
                0x08004376                memchr
 .text.memcpy   0x08004392       0x1c C:/PROGRA~2/ARMGNU~1/14EFD8~1.2RE/bin/../lib/gcc/arm-none-eabi/14.2.1/thumb/v7-m/nofp\libg_nano.a(libc_a-memcpy-stub.o)
                0x08004392                memcpy
 .text._realloc_r
                0x080043ae       0x5c C:/PROGRA~2/ARMGNU~1/14EFD8~1.2RE/bin/../lib/gcc/arm-none-eabi/14.2.1/thumb/v7-m/nofp\libg_nano.a(libc_a-reallocr.o)
                0x080043ae                _realloc_r
 .text._malloc_usable_size_r
                0x0800440a       0x10 C:/PROGRA~2/ARMGNU~1/14EFD8~1.2RE/bin/../lib/gcc/arm-none-eabi/14.2.1/thumb/v7-m/nofp\libg_nano.a(libc_a-msizer.o)
                0x0800440a                _malloc_usable_size_r
 *(.glue_7)
 .glue_7        0x0800441a        0x0 linker stubs
 *(.glue_7t)
 .glue_7t       0x0800441a        0x0 linker stubs
 *(.eh_frame)
 *fill*         0x0800441a        0x2 
 .eh_frame      0x0800441c        0x0 C:/PROGRA~2/ARMGNU~1/14EFD8~1.2RE/bin/../lib/gcc/arm-none-eabi/14.2.1/thumb/v7-m/nofp/crtbegin.o
 *(.init)
 .init          0x0800441c        0x4 C:/PROGRA~2/ARMGNU~1/14EFD8~1.2RE/bin/../lib/gcc/arm-none-eabi/14.2.1/thumb/v7-m/nofp/crti.o
                0x0800441c                _init
 .init          0x08004420        0x8 C:/PROGRA~2/ARMGNU~1/14EFD8~1.2RE/bin/../lib/gcc/arm-none-eabi/14.2.1/thumb/v7-m/nofp/crtn.o
 *(.fini)
 .fini          0x08004428        0x4 C:/PROGRA~2/ARMGNU~1/14EFD8~1.2RE/bin/../lib/gcc/arm-none-eabi/14.2.1/thumb/v7-m/nofp/crti.o
                0x08004428                _fini
 .fini          0x0800442c        0x8 C:/PROGRA~2/ARMGNU~1/14EFD8~1.2RE/bin/../lib/gcc/arm-none-eabi/14.2.1/thumb/v7-m/nofp/crtn.o
                0x08004434                        . = ALIGN (0x4)
                0x08004434                        _etext = .

.vfp11_veneer   0x08004434        0x0
 .vfp11_veneer  0x08004434        0x0 linker stubs

.v4_bx          0x08004434        0x0
 .v4_bx         0x08004434        0x0 linker stubs

.iplt           0x08004434        0x0
 .iplt          0x08004434        0x0 C:/PROGRA~2/ARMGNU~1/14EFD8~1.2RE/bin/../lib/gcc/arm-none-eabi/14.2.1/thumb/v7-m/nofp/crtbegin.o

.rodata         0x08004434     0x1564
                0x08004434                        . = ALIGN (0x4)
 *(.rodata)
 *(.rodata*)
 .rodata.APBPrescTable
                0x08004434        0x8 cmake/stm32cubemx/CMakeFiles/STM32_Drivers.dir/__/__/Core/Src/system_stm32f1xx.c.obj
                0x08004434                APBPrescTable
 .rodata.AHBPrescTable
                0x0800443c       0x10 cmake/stm32cubemx/CMakeFiles/STM32_Drivers.dir/__/__/Core/Src/system_stm32f1xx.c.obj
                0x0800443c                AHBPrescTable
 .rodata.aPredivFactorTable.0
                0x0800444c        0x2 cmake/stm32cubemx/CMakeFiles/STM32_Drivers.dir/__/__/Drivers/STM32F1xx_HAL_Driver/Src/stm32f1xx_hal_rcc.c.obj
 *fill*         0x0800444e        0x2 
 .rodata.aPLLMULFactorTable.1
                0x08004450       0x10 cmake/stm32cubemx/CMakeFiles/STM32_Drivers.dir/__/__/Drivers/STM32F1xx_HAL_Driver/Src/stm32f1xx_hal_rcc.c.obj
 .rodata.print_capacitance_measurement_logs.str1.4
                0x08004460       0x3c CMakeFiles/hw_rgr.dir/Core/Src/main.c.obj
                                 0x30 (size before relaxing)
 .rodata.main.str1.4
                0x0800449c        0xc CMakeFiles/hw_rgr.dir/Core/Src/main.c.obj
 .rodata.Font11x18
                0x0800449c      0xd5c CMakeFiles/hw_rgr.dir/Core/Libs/SSD1306_for_STM32_HAL_IAR/src/fonts.c.obj
 .rodata.Font7x10
                0x080051f8      0x76c CMakeFiles/hw_rgr.dir/Core/Libs/SSD1306_for_STM32_HAL_IAR/src/fonts.c.obj
 .rodata._svfprintf_r.str1.1
                0x08005964       0x33 C:/PROGRA~2/ARMGNU~1/14EFD8~1.2RE/bin/../lib/gcc/arm-none-eabi/14.2.1/thumb/v7-m/nofp\libg_nano.a(libc_a-nano-svfprintf.o)
                                 0x11 (size before relaxing)
 .rodata._printf_i.str1.1
                0x08005997       0x22 C:/PROGRA~2/ARMGNU~1/14EFD8~1.2RE/bin/../lib/gcc/arm-none-eabi/14.2.1/thumb/v7-m/nofp\libg_nano.a(libc_a-nano-vfprintf_i.o)
                0x080059bc                        . = ALIGN (0x4)
 *fill*         0x08005997        0x1 

.rel.dyn        0x08005998        0x0
 .rel.iplt      0x08005998        0x0 C:/PROGRA~2/ARMGNU~1/14EFD8~1.2RE/bin/../lib/gcc/arm-none-eabi/14.2.1/thumb/v7-m/nofp/crtbegin.o

.ARM.extab
 *(.ARM.extab* .gnu.linkonce.armextab.*)

.ARM            0x08005998        0x0
                0x08005998                        __exidx_start = .
 *(.ARM.exidx*)
                0x08005998                        __exidx_end = .

.preinit_array  0x08005998        0x0
                0x08005998                        PROVIDE (__preinit_array_start = .)
 *(.preinit_array*)
                0x08005998                        PROVIDE (__preinit_array_end = .)

.init_array     0x08005998        0x4
                0x08005998                        PROVIDE (__init_array_start = .)
 *(SORT_BY_NAME(.init_array.*))
 *(.init_array*)
 .init_array    0x08005998        0x4 C:/PROGRA~2/ARMGNU~1/14EFD8~1.2RE/bin/../lib/gcc/arm-none-eabi/14.2.1/thumb/v7-m/nofp/crtbegin.o
                0x0800599c                        PROVIDE (__init_array_end = .)

.fini_array     0x0800599c        0x4
                [!provide]                        PROVIDE (__fini_array_start = .)
 *(SORT_BY_NAME(.fini_array.*))
 *(.fini_array*)
 .fini_array    0x0800599c        0x4 C:/PROGRA~2/ARMGNU~1/14EFD8~1.2RE/bin/../lib/gcc/arm-none-eabi/14.2.1/thumb/v7-m/nofp/crtbegin.o
                [!provide]                        PROVIDE (__fini_array_end = .)
                0x080059a0                        _sidata = LOADADDR (.data)

.data           0x20000000       0x6c load address 0x080059a0
                0x20000000                        . = ALIGN (0x4)
                0x20000000                        _sdata = .
 *(.data)
 *(.data*)
 .data._impure_ptr
                0x20000000        0x4 C:/PROGRA~2/ARMGNU~1/14EFD8~1.2RE/bin/../lib/gcc/arm-none-eabi/14.2.1/thumb/v7-m/nofp\libc_nano.a(libc_a-impure.o)
                0x20000000                _impure_ptr
 .data._impure_data
                0x20000004       0x4c C:/PROGRA~2/ARMGNU~1/14EFD8~1.2RE/bin/../lib/gcc/arm-none-eabi/14.2.1/thumb/v7-m/nofp\libc_nano.a(libc_a-impure.o)
                0x20000004                _impure_data
 .data.SystemCoreClock
                0x20000050        0x4 cmake/stm32cubemx/CMakeFiles/STM32_Drivers.dir/__/__/Core/Src/system_stm32f1xx.c.obj
                0x20000050                SystemCoreClock
 .data.uwTickFreq
                0x20000054        0x1 cmake/stm32cubemx/CMakeFiles/STM32_Drivers.dir/__/__/Drivers/STM32F1xx_HAL_Driver/Src/stm32f1xx_hal.c.obj
                0x20000054                uwTickFreq
 *fill*         0x20000055        0x3 
 .data.uwTickPrio
                0x20000058        0x4 cmake/stm32cubemx/CMakeFiles/STM32_Drivers.dir/__/__/Drivers/STM32F1xx_HAL_Driver/Src/stm32f1xx_hal.c.obj
                0x20000058                uwTickPrio
 .data.Font_11x18
                0x2000005c        0x8 CMakeFiles/hw_rgr.dir/Core/Libs/SSD1306_for_STM32_HAL_IAR/src/fonts.c.obj
                0x2000005c                Font_11x18
 .data.Font_7x10
                0x20000064        0x8 CMakeFiles/hw_rgr.dir/Core/Libs/SSD1306_for_STM32_HAL_IAR/src/fonts.c.obj
                0x20000064                Font_7x10
                0x2000006c                        . = ALIGN (0x4)
                0x2000006c                        _edata = .

.tm_clone_table
                0x2000006c        0x0 load address 0x08005a0c
 .tm_clone_table
                0x2000006c        0x0 C:/PROGRA~2/ARMGNU~1/14EFD8~1.2RE/bin/../lib/gcc/arm-none-eabi/14.2.1/thumb/v7-m/nofp/crtbegin.o
 .tm_clone_table
                0x2000006c        0x0 C:/PROGRA~2/ARMGNU~1/14EFD8~1.2RE/bin/../lib/gcc/arm-none-eabi/14.2.1/thumb/v7-m/nofp/crtend.o

.igot.plt       0x2000006c        0x0 load address 0x08005a0c
 .igot.plt      0x2000006c        0x0 C:/PROGRA~2/ARMGNU~1/14EFD8~1.2RE/bin/../lib/gcc/arm-none-eabi/14.2.1/thumb/v7-m/nofp/crtbegin.o
                0x2000006c                        . = ALIGN (0x4)

.bss            0x20000070      0x648 load address 0x08005a0c
                0x20000070                        _sbss = .
                0x20000070                        __bss_start__ = _sbss
 *(.bss)
 *(.bss*)
 .bss.completed.1
                0x20000070        0x1 C:/PROGRA~2/ARMGNU~1/14EFD8~1.2RE/bin/../lib/gcc/arm-none-eabi/14.2.1/thumb/v7-m/nofp/crtbegin.o
 *fill*         0x20000071        0x3 
 .bss.object.0  0x20000074       0x18 C:/PROGRA~2/ARMGNU~1/14EFD8~1.2RE/bin/../lib/gcc/arm-none-eabi/14.2.1/thumb/v7-m/nofp/crtbegin.o
 .bss.__sf      0x2000008c      0x138 C:/PROGRA~2/ARMGNU~1/14EFD8~1.2RE/bin/../lib/gcc/arm-none-eabi/14.2.1/thumb/v7-m/nofp\libc_nano.a(libc_a-findfp.o)
                0x2000008c                __sf
 .bss.errno     0x200001c4        0x4 C:/PROGRA~2/ARMGNU~1/14EFD8~1.2RE/bin/../lib/gcc/arm-none-eabi/14.2.1/thumb/v7-m/nofp\libc_nano.a(libc_a-reent.o)
                0x200001c4                errno
 .bss.__lock___malloc_recursive_mutex
                0x200001c8        0x1 C:/PROGRA~2/ARMGNU~1/14EFD8~1.2RE/bin/../lib/gcc/arm-none-eabi/14.2.1/thumb/v7-m/nofp\libc_nano.a(libc_a-lock.o)
                0x200001c8                __lock___malloc_recursive_mutex
 *fill*         0x200001c9        0x3 
 .bss.__malloc_sbrk_start
                0x200001cc        0x4 C:/PROGRA~2/ARMGNU~1/14EFD8~1.2RE/bin/../lib/gcc/arm-none-eabi/14.2.1/thumb/v7-m/nofp\libc_nano.a(libc_a-mallocr.o)
                0x200001cc                __malloc_sbrk_start
 .bss.__malloc_free_list
                0x200001d0        0x4 C:/PROGRA~2/ARMGNU~1/14EFD8~1.2RE/bin/../lib/gcc/arm-none-eabi/14.2.1/thumb/v7-m/nofp\libc_nano.a(libc_a-mallocr.o)
                0x200001d0                __malloc_free_list
 .bss.uwTick    0x200001d4        0x4 cmake/stm32cubemx/CMakeFiles/STM32_Drivers.dir/__/__/Drivers/STM32F1xx_HAL_Driver/Src/stm32f1xx_hal.c.obj
                0x200001d4                uwTick
 .bss.CNT_CHARGED
                0x200001d8        0x2 CMakeFiles/hw_rgr.dir/Core/Src/main.c.obj
                0x200001d8                CNT_CHARGED
 *fill*         0x200001da        0x2 
 .bss.htim4     0x200001dc       0x48 CMakeFiles/hw_rgr.dir/Core/Src/main.c.obj
                0x200001dc                htim4
 .bss.hi2c1     0x20000224       0x54 CMakeFiles/hw_rgr.dir/Core/Src/main.c.obj
                0x20000224                hi2c1
 .bss.hadc1     0x20000278       0x30 CMakeFiles/hw_rgr.dir/Core/Src/main.c.obj
                0x20000278                hadc1
 .bss.__sbrk_heap_end
                0x200002a8        0x4 CMakeFiles/hw_rgr.dir/Core/Src/sysmem.c.obj
 .bss.display_geometry
                0x200002ac        0x1 CMakeFiles/hw_rgr.dir/Core/Libs/SSD1306_for_STM32_HAL_IAR/src/ssd1306.c.obj
                0x200002ac                display_geometry
 *fill*         0x200002ad        0x3 
 .bss.SSD1306_Buffer
                0x200002b0      0x400 CMakeFiles/hw_rgr.dir/Core/Libs/SSD1306_for_STM32_HAL_IAR/src/ssd1306.c.obj
 .bss.SSD1306   0x200006b0        0x8 CMakeFiles/hw_rgr.dir/Core/Libs/SSD1306_for_STM32_HAL_IAR/src/ssd1306.c.obj
 *(COMMON)
                0x200006b8                        . = ALIGN (0x4)
                0x200006b8                        _ebss = .
                0x200006b8                        __bss_end__ = _ebss

._user_heap_stack
                0x200006b8      0x600 load address 0x08005a0c
                0x200006b8                        . = ALIGN (0x8)
                [!provide]                        PROVIDE (end = .)
                0x200006b8                        PROVIDE (_end = .)
                0x200008b8                        . = (. + _Min_Heap_Size)
 *fill*         0x200006b8      0x200 
                0x20000cb8                        . = (. + _Min_Stack_Size)
 *fill*         0x200008b8      0x400 
                0x20000cb8                        . = ALIGN (0x8)

/DISCARD/
 libc.a(*)
 libm.a(*)
 libgcc.a(*)
OUTPUT(hw_rgr.elf elf32-littlearm)
LOAD linker stubs
LOAD C:/PROGRA~2/ARMGNU~1/14EFD8~1.2RE/bin/../lib/gcc/arm-none-eabi/14.2.1/thumb/v7-m/nofp\libc.a
LOAD C:/PROGRA~2/ARMGNU~1/14EFD8~1.2RE/bin/../lib/gcc/arm-none-eabi/14.2.1/thumb/v7-m/nofp\libm.a
LOAD C:/PROGRA~2/ARMGNU~1/14EFD8~1.2RE/bin/../lib/gcc/arm-none-eabi/14.2.1/thumb/v7-m/nofp\libgcc.a

.ARM.attributes
                0x00000000       0x29
 .ARM.attributes
                0x00000000       0x1d C:/PROGRA~2/ARMGNU~1/14EFD8~1.2RE/bin/../lib/gcc/arm-none-eabi/14.2.1/thumb/v7-m/nofp/crti.o
 .ARM.attributes
                0x0000001d       0x2d C:/PROGRA~2/ARMGNU~1/14EFD8~1.2RE/bin/../lib/gcc/arm-none-eabi/14.2.1/thumb/v7-m/nofp/crtbegin.o
 .ARM.attributes
                0x0000004a       0x2d C:/PROGRA~2/ARMGNU~1/14EFD8~1.2RE/bin/../lib/gcc/arm-none-eabi/14.2.1/thumb/v7-m/nofp\libc_nano.a(libc_a-findfp.o)
 .ARM.attributes
                0x00000077       0x2d C:/PROGRA~2/ARMGNU~1/14EFD8~1.2RE/bin/../lib/gcc/arm-none-eabi/14.2.1/thumb/v7-m/nofp\libc_nano.a(libc_a-memset.o)
 .ARM.attributes
                0x000000a4       0x2d C:/PROGRA~2/ARMGNU~1/14EFD8~1.2RE/bin/../lib/gcc/arm-none-eabi/14.2.1/thumb/v7-m/nofp\libc_nano.a(libc_a-reent.o)
 .ARM.attributes
                0x000000d1       0x2d C:/PROGRA~2/ARMGNU~1/14EFD8~1.2RE/bin/../lib/gcc/arm-none-eabi/14.2.1/thumb/v7-m/nofp\libc_nano.a(libc_a-impure.o)
 .ARM.attributes
                0x000000fe       0x2d C:/PROGRA~2/ARMGNU~1/14EFD8~1.2RE/bin/../lib/gcc/arm-none-eabi/14.2.1/thumb/v7-m/nofp\libc_nano.a(libc_a-init.o)
 .ARM.attributes
                0x0000012b       0x2d C:/PROGRA~2/ARMGNU~1/14EFD8~1.2RE/bin/../lib/gcc/arm-none-eabi/14.2.1/thumb/v7-m/nofp\libc_nano.a(libc_a-lock.o)
 .ARM.attributes
                0x00000158       0x2d C:/PROGRA~2/ARMGNU~1/14EFD8~1.2RE/bin/../lib/gcc/arm-none-eabi/14.2.1/thumb/v7-m/nofp\libc_nano.a(libc_a-freer.o)
 .ARM.attributes
                0x00000185       0x2d C:/PROGRA~2/ARMGNU~1/14EFD8~1.2RE/bin/../lib/gcc/arm-none-eabi/14.2.1/thumb/v7-m/nofp\libc_nano.a(libc_a-mallocr.o)
 .ARM.attributes
                0x000001b2       0x2d C:/PROGRA~2/ARMGNU~1/14EFD8~1.2RE/bin/../lib/gcc/arm-none-eabi/14.2.1/thumb/v7-m/nofp\libc_nano.a(libc_a-mlock.o)
 .ARM.attributes
                0x000001df       0x2d C:/PROGRA~2/ARMGNU~1/14EFD8~1.2RE/bin/../lib/gcc/arm-none-eabi/14.2.1/thumb/v7-m/nofp\libc_nano.a(libc_a-sbrkr.o)
 .ARM.attributes
                0x0000020c       0x2d cmake/stm32cubemx/CMakeFiles/STM32_Drivers.dir/__/__/Core/Src/system_stm32f1xx.c.obj
 .ARM.attributes
                0x00000239       0x2d cmake/stm32cubemx/CMakeFiles/STM32_Drivers.dir/__/__/Drivers/STM32F1xx_HAL_Driver/Src/stm32f1xx_hal_adc.c.obj
 .ARM.attributes
                0x00000266       0x2d cmake/stm32cubemx/CMakeFiles/STM32_Drivers.dir/__/__/Drivers/STM32F1xx_HAL_Driver/Src/stm32f1xx_hal_adc_ex.c.obj
 .ARM.attributes
                0x00000293       0x2d cmake/stm32cubemx/CMakeFiles/STM32_Drivers.dir/__/__/Drivers/STM32F1xx_HAL_Driver/Src/stm32f1xx_hal.c.obj
 .ARM.attributes
                0x000002c0       0x2d cmake/stm32cubemx/CMakeFiles/STM32_Drivers.dir/__/__/Drivers/STM32F1xx_HAL_Driver/Src/stm32f1xx_hal_rcc.c.obj
 .ARM.attributes
                0x000002ed       0x2d cmake/stm32cubemx/CMakeFiles/STM32_Drivers.dir/__/__/Drivers/STM32F1xx_HAL_Driver/Src/stm32f1xx_hal_rcc_ex.c.obj
 .ARM.attributes
                0x0000031a       0x2d cmake/stm32cubemx/CMakeFiles/STM32_Drivers.dir/__/__/Drivers/STM32F1xx_HAL_Driver/Src/stm32f1xx_hal_gpio.c.obj
 .ARM.attributes
                0x00000347       0x2d cmake/stm32cubemx/CMakeFiles/STM32_Drivers.dir/__/__/Drivers/STM32F1xx_HAL_Driver/Src/stm32f1xx_hal_cortex.c.obj
 .ARM.attributes
                0x00000374       0x2d cmake/stm32cubemx/CMakeFiles/STM32_Drivers.dir/__/__/Drivers/STM32F1xx_HAL_Driver/Src/stm32f1xx_hal_i2c.c.obj
 .ARM.attributes
                0x000003a1       0x2d cmake/stm32cubemx/CMakeFiles/STM32_Drivers.dir/__/__/Drivers/STM32F1xx_HAL_Driver/Src/stm32f1xx_hal_tim.c.obj
 .ARM.attributes
                0x000003ce       0x2d cmake/stm32cubemx/CMakeFiles/STM32_Drivers.dir/__/__/Drivers/STM32F1xx_HAL_Driver/Src/stm32f1xx_hal_tim_ex.c.obj
 .ARM.attributes
                0x000003fb       0x2d CMakeFiles/hw_rgr.dir/Core/Src/main.c.obj
 .ARM.attributes
                0x00000428       0x2d CMakeFiles/hw_rgr.dir/Core/Src/stm32f1xx_it.c.obj
 .ARM.attributes
                0x00000455       0x2d CMakeFiles/hw_rgr.dir/Core/Src/stm32f1xx_hal_msp.c.obj
 .ARM.attributes
                0x00000482       0x2d CMakeFiles/hw_rgr.dir/Core/Src/sysmem.c.obj
 .ARM.attributes
                0x000004af       0x21 CMakeFiles/hw_rgr.dir/startup_stm32f103xb.s.obj
 .ARM.attributes
                0x000004d0       0x2d CMakeFiles/hw_rgr.dir/Core/Libs/SSD1306_for_STM32_HAL_IAR/src/ssd1306.c.obj
 .ARM.attributes
                0x000004fd       0x2d CMakeFiles/hw_rgr.dir/Core/Libs/SSD1306_for_STM32_HAL_IAR/src/fonts.c.obj
 .ARM.attributes
                0x0000052a       0x1d C:/PROGRA~2/ARMGNU~1/14EFD8~1.2RE/bin/../lib/gcc/arm-none-eabi/14.2.1/thumb/v7-m/nofp\libgcc.a(_arm_muldf3.o)
 .ARM.attributes
                0x00000547       0x1d C:/PROGRA~2/ARMGNU~1/14EFD8~1.2RE/bin/../lib/gcc/arm-none-eabi/14.2.1/thumb/v7-m/nofp\libgcc.a(_arm_addsubdf3.o)
 .ARM.attributes
                0x00000564       0x1d C:/PROGRA~2/ARMGNU~1/14EFD8~1.2RE/bin/../lib/gcc/arm-none-eabi/14.2.1/thumb/v7-m/nofp\libgcc.a(_arm_truncdfsf2.o)
 .ARM.attributes
                0x00000581       0x1d C:/PROGRA~2/ARMGNU~1/14EFD8~1.2RE/bin/../lib/gcc/arm-none-eabi/14.2.1/thumb/v7-m/nofp\libgcc.a(_arm_addsubsf3.o)
 .ARM.attributes
                0x0000059e       0x1d C:/PROGRA~2/ARMGNU~1/14EFD8~1.2RE/bin/../lib/gcc/arm-none-eabi/14.2.1/thumb/v7-m/nofp\libgcc.a(_arm_muldivsf3.o)
 .ARM.attributes
                0x000005bb       0x1d C:/PROGRA~2/ARMGNU~1/14EFD8~1.2RE/bin/../lib/gcc/arm-none-eabi/14.2.1/thumb/v7-m/nofp\libgcc.a(_arm_fixsfsi.o)
 .ARM.attributes
                0x000005d8       0x2d C:/PROGRA~2/ARMGNU~1/14EFD8~1.2RE/bin/../lib/gcc/arm-none-eabi/14.2.1/thumb/v7-m/nofp\libg_nano.a(libc_a-snprintf.o)
 .ARM.attributes
                0x00000605       0x2d C:/PROGRA~2/ARMGNU~1/14EFD8~1.2RE/bin/../lib/gcc/arm-none-eabi/14.2.1/thumb/v7-m/nofp\libg_nano.a(libc_a-errno.o)
 .ARM.attributes
                0x00000632       0x2d C:/PROGRA~2/ARMGNU~1/14EFD8~1.2RE/bin/../lib/gcc/arm-none-eabi/14.2.1/thumb/v7-m/nofp\libg_nano.a(libc_a-nano-svfprintf.o)
 .ARM.attributes
                0x0000065f       0x2d C:/PROGRA~2/ARMGNU~1/14EFD8~1.2RE/bin/../lib/gcc/arm-none-eabi/14.2.1/thumb/v7-m/nofp\libg_nano.a(libc_a-nano-vfprintf_i.o)
 .ARM.attributes
                0x0000068c       0x2d C:/PROGRA~2/ARMGNU~1/14EFD8~1.2RE/bin/../lib/gcc/arm-none-eabi/14.2.1/thumb/v7-m/nofp\libg_nano.a(libc_a-memmove.o)
 .ARM.attributes
                0x000006b9       0x2d C:/PROGRA~2/ARMGNU~1/14EFD8~1.2RE/bin/../lib/gcc/arm-none-eabi/14.2.1/thumb/v7-m/nofp\libg_nano.a(libc_a-memchr-stub.o)
 .ARM.attributes
                0x000006e6       0x2d C:/PROGRA~2/ARMGNU~1/14EFD8~1.2RE/bin/../lib/gcc/arm-none-eabi/14.2.1/thumb/v7-m/nofp\libg_nano.a(libc_a-memcpy-stub.o)
 .ARM.attributes
                0x00000713       0x2d C:/PROGRA~2/ARMGNU~1/14EFD8~1.2RE/bin/../lib/gcc/arm-none-eabi/14.2.1/thumb/v7-m/nofp\libg_nano.a(libc_a-reallocr.o)
 .ARM.attributes
                0x00000740       0x2d C:/PROGRA~2/ARMGNU~1/14EFD8~1.2RE/bin/../lib/gcc/arm-none-eabi/14.2.1/thumb/v7-m/nofp\libg_nano.a(libc_a-msizer.o)
 .ARM.attributes
                0x0000076d       0x2d C:/PROGRA~2/ARMGNU~1/14EFD8~1.2RE/bin/../lib/gcc/arm-none-eabi/14.2.1/thumb/v7-m/nofp/crtend.o
 .ARM.attributes
                0x0000079a       0x1d C:/PROGRA~2/ARMGNU~1/14EFD8~1.2RE/bin/../lib/gcc/arm-none-eabi/14.2.1/thumb/v7-m/nofp/crtn.o

.comment        0x00000000       0x45
 .comment       0x00000000       0x45 cmake/stm32cubemx/CMakeFiles/STM32_Drivers.dir/__/__/Core/Src/system_stm32f1xx.c.obj
                                 0x46 (size before relaxing)
 .comment       0x00000045       0x46 cmake/stm32cubemx/CMakeFiles/STM32_Drivers.dir/__/__/Drivers/STM32F1xx_HAL_Driver/Src/stm32f1xx_hal_adc.c.obj
 .comment       0x00000045       0x46 cmake/stm32cubemx/CMakeFiles/STM32_Drivers.dir/__/__/Drivers/STM32F1xx_HAL_Driver/Src/stm32f1xx_hal_adc_ex.c.obj
 .comment       0x00000045       0x46 cmake/stm32cubemx/CMakeFiles/STM32_Drivers.dir/__/__/Drivers/STM32F1xx_HAL_Driver/Src/stm32f1xx_hal.c.obj
 .comment       0x00000045       0x46 cmake/stm32cubemx/CMakeFiles/STM32_Drivers.dir/__/__/Drivers/STM32F1xx_HAL_Driver/Src/stm32f1xx_hal_rcc.c.obj
 .comment       0x00000045       0x46 cmake/stm32cubemx/CMakeFiles/STM32_Drivers.dir/__/__/Drivers/STM32F1xx_HAL_Driver/Src/stm32f1xx_hal_rcc_ex.c.obj
 .comment       0x00000045       0x46 cmake/stm32cubemx/CMakeFiles/STM32_Drivers.dir/__/__/Drivers/STM32F1xx_HAL_Driver/Src/stm32f1xx_hal_gpio.c.obj
 .comment       0x00000045       0x46 cmake/stm32cubemx/CMakeFiles/STM32_Drivers.dir/__/__/Drivers/STM32F1xx_HAL_Driver/Src/stm32f1xx_hal_cortex.c.obj
 .comment       0x00000045       0x46 cmake/stm32cubemx/CMakeFiles/STM32_Drivers.dir/__/__/Drivers/STM32F1xx_HAL_Driver/Src/stm32f1xx_hal_i2c.c.obj
 .comment       0x00000045       0x46 cmake/stm32cubemx/CMakeFiles/STM32_Drivers.dir/__/__/Drivers/STM32F1xx_HAL_Driver/Src/stm32f1xx_hal_tim.c.obj
 .comment       0x00000045       0x46 cmake/stm32cubemx/CMakeFiles/STM32_Drivers.dir/__/__/Drivers/STM32F1xx_HAL_Driver/Src/stm32f1xx_hal_tim_ex.c.obj
 .comment       0x00000045       0x46 CMakeFiles/hw_rgr.dir/Core/Src/main.c.obj
 .comment       0x00000045       0x46 CMakeFiles/hw_rgr.dir/Core/Src/stm32f1xx_it.c.obj
 .comment       0x00000045       0x46 CMakeFiles/hw_rgr.dir/Core/Src/stm32f1xx_hal_msp.c.obj
 .comment       0x00000045       0x46 CMakeFiles/hw_rgr.dir/Core/Src/sysmem.c.obj
 .comment       0x00000045       0x46 CMakeFiles/hw_rgr.dir/Core/Libs/SSD1306_for_STM32_HAL_IAR/src/ssd1306.c.obj
 .comment       0x00000045       0x46 CMakeFiles/hw_rgr.dir/Core/Libs/SSD1306_for_STM32_HAL_IAR/src/fonts.c.obj

.debug_frame    0x00000000      0x764
 .debug_frame   0x00000000      0x144 C:/PROGRA~2/ARMGNU~1/14EFD8~1.2RE/bin/../lib/gcc/arm-none-eabi/14.2.1/thumb/v7-m/nofp\libc_nano.a(libc_a-findfp.o)
 .debug_frame   0x00000144       0x20 C:/PROGRA~2/ARMGNU~1/14EFD8~1.2RE/bin/../lib/gcc/arm-none-eabi/14.2.1/thumb/v7-m/nofp\libc_nano.a(libc_a-memset.o)
 .debug_frame   0x00000164       0x38 C:/PROGRA~2/ARMGNU~1/14EFD8~1.2RE/bin/../lib/gcc/arm-none-eabi/14.2.1/thumb/v7-m/nofp\libc_nano.a(libc_a-reent.o)
 .debug_frame   0x0000019c       0x2c C:/PROGRA~2/ARMGNU~1/14EFD8~1.2RE/bin/../lib/gcc/arm-none-eabi/14.2.1/thumb/v7-m/nofp\libc_nano.a(libc_a-init.o)
 .debug_frame   0x000001c8       0xb0 C:/PROGRA~2/ARMGNU~1/14EFD8~1.2RE/bin/../lib/gcc/arm-none-eabi/14.2.1/thumb/v7-m/nofp\libc_nano.a(libc_a-lock.o)
 .debug_frame   0x00000278       0x38 C:/PROGRA~2/ARMGNU~1/14EFD8~1.2RE/bin/../lib/gcc/arm-none-eabi/14.2.1/thumb/v7-m/nofp\libc_nano.a(libc_a-freer.o)
 .debug_frame   0x000002b0       0x50 C:/PROGRA~2/ARMGNU~1/14EFD8~1.2RE/bin/../lib/gcc/arm-none-eabi/14.2.1/thumb/v7-m/nofp\libc_nano.a(libc_a-mallocr.o)
 .debug_frame   0x00000300       0x30 C:/PROGRA~2/ARMGNU~1/14EFD8~1.2RE/bin/../lib/gcc/arm-none-eabi/14.2.1/thumb/v7-m/nofp\libc_nano.a(libc_a-mlock.o)
 .debug_frame   0x00000330       0x2c C:/PROGRA~2/ARMGNU~1/14EFD8~1.2RE/bin/../lib/gcc/arm-none-eabi/14.2.1/thumb/v7-m/nofp\libc_nano.a(libc_a-sbrkr.o)
 .debug_frame   0x0000035c       0x30 C:/PROGRA~2/ARMGNU~1/14EFD8~1.2RE/bin/../lib/gcc/arm-none-eabi/14.2.1/thumb/v7-m/nofp\libgcc.a(_arm_muldf3.o)
 .debug_frame   0x0000038c       0xac C:/PROGRA~2/ARMGNU~1/14EFD8~1.2RE/bin/../lib/gcc/arm-none-eabi/14.2.1/thumb/v7-m/nofp\libgcc.a(_arm_addsubdf3.o)
 .debug_frame   0x00000438       0x24 C:/PROGRA~2/ARMGNU~1/14EFD8~1.2RE/bin/../lib/gcc/arm-none-eabi/14.2.1/thumb/v7-m/nofp\libgcc.a(_arm_truncdfsf2.o)
 .debug_frame   0x0000045c       0x4c C:/PROGRA~2/ARMGNU~1/14EFD8~1.2RE/bin/../lib/gcc/arm-none-eabi/14.2.1/thumb/v7-m/nofp\libgcc.a(_arm_addsubsf3.o)
 .debug_frame   0x000004a8       0x38 C:/PROGRA~2/ARMGNU~1/14EFD8~1.2RE/bin/../lib/gcc/arm-none-eabi/14.2.1/thumb/v7-m/nofp\libgcc.a(_arm_muldivsf3.o)
 .debug_frame   0x000004e0       0x24 C:/PROGRA~2/ARMGNU~1/14EFD8~1.2RE/bin/../lib/gcc/arm-none-eabi/14.2.1/thumb/v7-m/nofp\libgcc.a(_arm_fixsfsi.o)
 .debug_frame   0x00000504       0x7c C:/PROGRA~2/ARMGNU~1/14EFD8~1.2RE/bin/../lib/gcc/arm-none-eabi/14.2.1/thumb/v7-m/nofp\libg_nano.a(libc_a-snprintf.o)
 .debug_frame   0x00000580       0x20 C:/PROGRA~2/ARMGNU~1/14EFD8~1.2RE/bin/../lib/gcc/arm-none-eabi/14.2.1/thumb/v7-m/nofp\libg_nano.a(libc_a-errno.o)
 .debug_frame   0x000005a0       0x90 C:/PROGRA~2/ARMGNU~1/14EFD8~1.2RE/bin/../lib/gcc/arm-none-eabi/14.2.1/thumb/v7-m/nofp\libg_nano.a(libc_a-nano-svfprintf.o)
 .debug_frame   0x00000630       0x60 C:/PROGRA~2/ARMGNU~1/14EFD8~1.2RE/bin/../lib/gcc/arm-none-eabi/14.2.1/thumb/v7-m/nofp\libg_nano.a(libc_a-nano-vfprintf_i.o)
 .debug_frame   0x00000690       0x28 C:/PROGRA~2/ARMGNU~1/14EFD8~1.2RE/bin/../lib/gcc/arm-none-eabi/14.2.1/thumb/v7-m/nofp\libg_nano.a(libc_a-memmove.o)
 .debug_frame   0x000006b8       0x28 C:/PROGRA~2/ARMGNU~1/14EFD8~1.2RE/bin/../lib/gcc/arm-none-eabi/14.2.1/thumb/v7-m/nofp\libg_nano.a(libc_a-memchr-stub.o)
 .debug_frame   0x000006e0       0x28 C:/PROGRA~2/ARMGNU~1/14EFD8~1.2RE/bin/../lib/gcc/arm-none-eabi/14.2.1/thumb/v7-m/nofp\libg_nano.a(libc_a-memcpy-stub.o)
 .debug_frame   0x00000708       0x3c C:/PROGRA~2/ARMGNU~1/14EFD8~1.2RE/bin/../lib/gcc/arm-none-eabi/14.2.1/thumb/v7-m/nofp\libg_nano.a(libc_a-reallocr.o)
 .debug_frame   0x00000744       0x20 C:/PROGRA~2/ARMGNU~1/14EFD8~1.2RE/bin/../lib/gcc/arm-none-eabi/14.2.1/thumb/v7-m/nofp\libg_nano.a(libc_a-msizer.o)

.debug_line_str
                0x00000000       0xd7
 .debug_line_str
                0x00000000       0xd7 C:/PROGRA~2/ARMGNU~1/14EFD8~1.2RE/bin/../lib/gcc/arm-none-eabi/14.2.1/thumb/v7-m/nofp\libgcc.a(_arm_muldf3.o)
                                 0xca (size before relaxing)
 .debug_line_str
                0x000000d7       0xca C:/PROGRA~2/ARMGNU~1/14EFD8~1.2RE/bin/../lib/gcc/arm-none-eabi/14.2.1/thumb/v7-m/nofp\libgcc.a(_arm_addsubdf3.o)
 .debug_line_str
                0x000000d7       0xca C:/PROGRA~2/ARMGNU~1/14EFD8~1.2RE/bin/../lib/gcc/arm-none-eabi/14.2.1/thumb/v7-m/nofp\libgcc.a(_arm_truncdfsf2.o)
 .debug_line_str
                0x000000d7       0xca C:/PROGRA~2/ARMGNU~1/14EFD8~1.2RE/bin/../lib/gcc/arm-none-eabi/14.2.1/thumb/v7-m/nofp\libgcc.a(_arm_addsubsf3.o)
 .debug_line_str
                0x000000d7       0xca C:/PROGRA~2/ARMGNU~1/14EFD8~1.2RE/bin/../lib/gcc/arm-none-eabi/14.2.1/thumb/v7-m/nofp\libgcc.a(_arm_muldivsf3.o)
 .debug_line_str
                0x000000d7       0xca C:/PROGRA~2/ARMGNU~1/14EFD8~1.2RE/bin/../lib/gcc/arm-none-eabi/14.2.1/thumb/v7-m/nofp\libgcc.a(_arm_fixsfsi.o)
