Archive member included to satisfy reference by file (symbol)

C:/PROGRA~2/ARMGNU~1/14EFD8~1.2RE/bin/../lib/gcc/arm-none-eabi/14.2.1/thumb/v7-m/nofp\libc_nano.a(libc_a-exit.o)
                              C:/PROGRA~2/ARMGNU~1/14EFD8~1.2RE/bin/../lib/gcc/arm-none-eabi/14.2.1/thumb/v7-m/nofp/crt0.o (exit)
C:/PROGRA~2/ARMGNU~1/14EFD8~1.2RE/bin/../lib/gcc/arm-none-eabi/14.2.1/thumb/v7-m/nofp\libc_nano.a(libc_a-findfp.o)
                              C:/PROGRA~2/ARMGNU~1/14EFD8~1.2RE/bin/../lib/gcc/arm-none-eabi/14.2.1/thumb/v7-m/nofp\libc_nano.a(libc_a-exit.o) (__stdio_exit_handler)
C:/PROGRA~2/ARMGNU~1/14EFD8~1.2RE/bin/../lib/gcc/arm-none-eabi/14.2.1/thumb/v7-m/nofp\libc_nano.a(libc_a-fwalk.o)
                              C:/PROGRA~2/ARMGNU~1/14EFD8~1.2RE/bin/../lib/gcc/arm-none-eabi/14.2.1/thumb/v7-m/nofp\libc_nano.a(libc_a-findfp.o) (_fwalk_sglue)
C:/PROGRA~2/ARMGNU~1/14EFD8~1.2RE/bin/../lib/gcc/arm-none-eabi/14.2.1/thumb/v7-m/nofp\libc_nano.a(libc_a-stdio.o)
                              C:/PROGRA~2/ARMGNU~1/14EFD8~1.2RE/bin/../lib/gcc/arm-none-eabi/14.2.1/thumb/v7-m/nofp\libc_nano.a(libc_a-findfp.o) (__sread)
C:/PROGRA~2/ARMGNU~1/14EFD8~1.2RE/bin/../lib/gcc/arm-none-eabi/14.2.1/thumb/v7-m/nofp\libc_nano.a(libc_a-memset.o)
                              C:/PROGRA~2/ARMGNU~1/14EFD8~1.2RE/bin/../lib/gcc/arm-none-eabi/14.2.1/thumb/v7-m/nofp/crt0.o (memset)
C:/PROGRA~2/ARMGNU~1/14EFD8~1.2RE/bin/../lib/gcc/arm-none-eabi/14.2.1/thumb/v7-m/nofp\libc_nano.a(libc_a-closer.o)
                              C:/PROGRA~2/ARMGNU~1/14EFD8~1.2RE/bin/../lib/gcc/arm-none-eabi/14.2.1/thumb/v7-m/nofp\libc_nano.a(libc_a-stdio.o) (_close_r)
C:/PROGRA~2/ARMGNU~1/14EFD8~1.2RE/bin/../lib/gcc/arm-none-eabi/14.2.1/thumb/v7-m/nofp\libc_nano.a(libc_a-reent.o)
                              C:/PROGRA~2/ARMGNU~1/14EFD8~1.2RE/bin/../lib/gcc/arm-none-eabi/14.2.1/thumb/v7-m/nofp\libc_nano.a(libc_a-closer.o) (errno)
C:/PROGRA~2/ARMGNU~1/14EFD8~1.2RE/bin/../lib/gcc/arm-none-eabi/14.2.1/thumb/v7-m/nofp\libc_nano.a(libc_a-impure.o)
                              C:/PROGRA~2/ARMGNU~1/14EFD8~1.2RE/bin/../lib/gcc/arm-none-eabi/14.2.1/thumb/v7-m/nofp\libc_nano.a(libc_a-reent.o) (_impure_ptr)
C:/PROGRA~2/ARMGNU~1/14EFD8~1.2RE/bin/../lib/gcc/arm-none-eabi/14.2.1/thumb/v7-m/nofp\libc_nano.a(libc_a-lseekr.o)
                              C:/PROGRA~2/ARMGNU~1/14EFD8~1.2RE/bin/../lib/gcc/arm-none-eabi/14.2.1/thumb/v7-m/nofp\libc_nano.a(libc_a-stdio.o) (_lseek_r)
C:/PROGRA~2/ARMGNU~1/14EFD8~1.2RE/bin/../lib/gcc/arm-none-eabi/14.2.1/thumb/v7-m/nofp\libc_nano.a(libc_a-readr.o)
                              C:/PROGRA~2/ARMGNU~1/14EFD8~1.2RE/bin/../lib/gcc/arm-none-eabi/14.2.1/thumb/v7-m/nofp\libc_nano.a(libc_a-stdio.o) (_read_r)
C:/PROGRA~2/ARMGNU~1/14EFD8~1.2RE/bin/../lib/gcc/arm-none-eabi/14.2.1/thumb/v7-m/nofp\libc_nano.a(libc_a-writer.o)
                              C:/PROGRA~2/ARMGNU~1/14EFD8~1.2RE/bin/../lib/gcc/arm-none-eabi/14.2.1/thumb/v7-m/nofp\libc_nano.a(libc_a-stdio.o) (_write_r)
C:/PROGRA~2/ARMGNU~1/14EFD8~1.2RE/bin/../lib/gcc/arm-none-eabi/14.2.1/thumb/v7-m/nofp\libc_nano.a(libc_a-init.o)
                              C:/PROGRA~2/ARMGNU~1/14EFD8~1.2RE/bin/../lib/gcc/arm-none-eabi/14.2.1/thumb/v7-m/nofp/crt0.o (__libc_init_array)
C:/PROGRA~2/ARMGNU~1/14EFD8~1.2RE/bin/../lib/gcc/arm-none-eabi/14.2.1/thumb/v7-m/nofp\libc_nano.a(libc_a-lock.o)
                              C:/PROGRA~2/ARMGNU~1/14EFD8~1.2RE/bin/../lib/gcc/arm-none-eabi/14.2.1/thumb/v7-m/nofp\libc_nano.a(libc_a-findfp.o) (__retarget_lock_init_recursive)
C:/PROGRA~2/ARMGNU~1/14EFD8~1.2RE/bin/../lib/gcc/arm-none-eabi/14.2.1/thumb/v7-m/nofp\libc_nano.a(libc_a-freer.o)
                              C:/PROGRA~2/ARMGNU~1/14EFD8~1.2RE/bin/../lib/gcc/arm-none-eabi/14.2.1/thumb/v7-m/nofp\libc_nano.a(libc_a-reent.o) (_free_r)
C:/PROGRA~2/ARMGNU~1/14EFD8~1.2RE/bin/../lib/gcc/arm-none-eabi/14.2.1/thumb/v7-m/nofp\libc_nano.a(libc_a-mallocr.o)
                              C:/PROGRA~2/ARMGNU~1/14EFD8~1.2RE/bin/../lib/gcc/arm-none-eabi/14.2.1/thumb/v7-m/nofp\libc_nano.a(libc_a-findfp.o) (_malloc_r)
C:/PROGRA~2/ARMGNU~1/14EFD8~1.2RE/bin/../lib/gcc/arm-none-eabi/14.2.1/thumb/v7-m/nofp\libc_nano.a(libc_a-mlock.o)
                              C:/PROGRA~2/ARMGNU~1/14EFD8~1.2RE/bin/../lib/gcc/arm-none-eabi/14.2.1/thumb/v7-m/nofp\libc_nano.a(libc_a-freer.o) (__malloc_lock)
C:/PROGRA~2/ARMGNU~1/14EFD8~1.2RE/bin/../lib/gcc/arm-none-eabi/14.2.1/thumb/v7-m/nofp\libc_nano.a(libc_a-fflush.o)
                              C:/PROGRA~2/ARMGNU~1/14EFD8~1.2RE/bin/../lib/gcc/arm-none-eabi/14.2.1/thumb/v7-m/nofp\libc_nano.a(libc_a-findfp.o) (_fflush_r)
C:/PROGRA~2/ARMGNU~1/14EFD8~1.2RE/bin/../lib/gcc/arm-none-eabi/14.2.1/thumb/v7-m/nofp\libc_nano.a(libc_a-sbrkr.o)
                              C:/PROGRA~2/ARMGNU~1/14EFD8~1.2RE/bin/../lib/gcc/arm-none-eabi/14.2.1/thumb/v7-m/nofp\libc_nano.a(libc_a-mallocr.o) (_sbrk_r)
[...]
Memory Configuration

Name             Origin             Length             Attributes
RAM              0x20000000         0x00005000         xrw
FLASH            0x08000000         0x00010000         xr
*default*        0x00000000         0xffffffff

Linker script and memory map

LOAD C:/PROGRA~2/ARMGNU~1/14EFD8~1.2RE/bin/../lib/gcc/arm-none-eabi/14.2.1/thumb/v7-m/nofp/crti.o
LOAD C:/PROGRA~2/ARMGNU~1/14EFD8~1.2RE/bin/../lib/gcc/arm-none-eabi/14.2.1/thumb/v7-m/nofp/crtbegin.o
LOAD C:/PROGRA~2/ARMGNU~1/14EFD8~1.2RE/bin/../lib/gcc/arm-none-eabi/14.2.1/thumb/v7-m/nofp/crt0.o
START GROUP
LOAD C:/PROGRA~2/ARMGNU~1/14EFD8~1.2RE/bin/../lib/gcc/arm-none-eabi/14.2.1/thumb/v7-m/nofp\libc_nano.a
LOAD C:/PROGRA~2/ARMGNU~1/14EFD8~1.2RE/bin/../lib/gcc/arm-none-eabi/14.2.1/thumb/v7-m/nofp\libm.a
END GROUP
LOAD CMakeFiles/hw_rgr.dir/Core/Libs/SSD1306_for_STM32_HAL_IAR/src/ssd1306.c.obj
LOAD CMakeFiles/hw_rgr.dir/Core/Libs/SSD1306_for_STM32_HAL_IAR/src/fonts.c.obj
LOAD CMakeFiles/hw_rgr.dir/Core/Src/main.c.obj
LOAD CMakeFiles/hw_rgr.dir/Core/Src/stm32f1xx_it.c.obj
LOAD CMakeFiles/hw_rgr.dir/Core/Src/stm32f1xx_hal_msp.c.obj
LOAD CMakeFiles/hw_rgr.dir/Drivers/STM32F1xx_HAL_Driver/Src/stm32f1xx_hal_gpio_ex.c.obj
LOAD CMakeFiles/hw_rgr.dir/Drivers/STM32F1xx_HAL_Driver/Src/stm32f1xx_hal_adc.c.obj
LOAD CMakeFiles/hw_rgr.dir/Drivers/STM32F1xx_HAL_Driver/Src/stm32f1xx_hal_adc_ex.c.obj
LOAD CMakeFiles/hw_rgr.dir/Drivers/STM32F1xx_HAL_Driver/Src/stm32f1xx_hal.c.obj
LOAD CMakeFiles/hw_rgr.dir/Drivers/STM32F1xx_HAL_Driver/Src/stm32f1xx_hal_rcc.c.obj
LOAD CMakeFiles/hw_rgr.dir/Drivers/STM32F1xx_HAL_Driver/Src/stm32f1xx_hal_rcc_ex.c.obj
LOAD CMakeFiles/hw_rgr.dir/Drivers/STM32F1xx_HAL_Driver/Src/stm32f1xx_hal_gpio.c.obj
LOAD CMakeFiles/hw_rgr.dir/Drivers/STM32F1xx_HAL_Driver/Src/stm32f1xx_hal_dma.c.obj
LOAD CMakeFiles/hw_rgr.dir/Drivers/STM32F1xx_HAL_Driver/Src/stm32f1xx_hal_cortex.c.obj
LOAD CMakeFiles/hw_rgr.dir/Drivers/STM32F1xx_HAL_Driver/Src/stm32f1xx_hal_pwr.c.obj
LOAD CMakeFiles/hw_rgr.dir/Drivers/STM32F1xx_HAL_Driver/Src/stm32f1xx_hal_flash.c.obj
LOAD CMakeFiles/hw_rgr.dir/Drivers/STM32F1xx_HAL_Driver/Src/stm32f1xx_hal_flash_ex.c.obj
LOAD CMakeFiles/hw_rgr.dir/Drivers/STM32F1xx_HAL_Driver/Src/stm32f1xx_hal_exti.c.obj
LOAD CMakeFiles/hw_rgr.dir/Drivers/STM32F1xx_HAL_Driver/Src/stm32f1xx_hal_i2c.c.obj
LOAD CMakeFiles/hw_rgr.dir/Drivers/STM32F1xx_HAL_Driver/Src/stm32f1xx_hal_tim.c.obj
LOAD CMakeFiles/hw_rgr.dir/Drivers/STM32F1xx_HAL_Driver/Src/stm32f1xx_hal_tim_ex.c.obj
LOAD CMakeFiles/hw_rgr.dir/Core/Src/system_stm32f1xx.c.obj
LOAD CMakeFiles/hw_rgr.dir/Core/Src/sysmem.c.obj
LOAD CMakeFiles/hw_rgr.dir/Core/Src/syscalls.c.obj
LOAD CMakeFiles/hw_rgr.dir/startup_stm32f103xb.s.obj
START GROUP
LOAD C:/PROGRA~2/ARMGNU~1/14EFD8~1.2RE/bin/../lib/gcc/arm-none-eabi/14.2.1/thumb/v7-m/nofp\libgcc.a
LOAD C:/PROGRA~2/ARMGNU~1/14EFD8~1.2RE/bin/../lib/gcc/arm-none-eabi/14.2.1/thumb/v7-m/nofp\libg_nano.a
LOAD C:/PROGRA~2/ARMGNU~1/14EFD8~1.2RE/bin/../lib/gcc/arm-none-eabi/14.2.1/thumb/v7-m/nofp\libc_nano.a
END GROUP
START GROUP
LOAD C:/PROGRA~2/ARMGNU~1/14EFD8~1.2RE/bin/../lib/gcc/arm-none-eabi/14.2.1/thumb/v7-m/nofp\libgcc.a
LOAD C:/PROGRA~2/ARMGNU~1/14EFD8~1.2RE/bin/../lib/gcc/arm-none-eabi/14.2.1/thumb/v7-m/nofp\libc_nano.a
END GROUP
LOAD C:/PROGRA~2/ARMGNU~1/14EFD8~1.2RE/bin/../lib/gcc/arm-none-eabi/14.2.1/thumb/v7-m/nofp/crtend.o
LOAD C:/PROGRA~2/ARMGNU~1/14EFD8~1.2RE/bin/../lib/gcc/arm-none-eabi/14.2.1/thumb/v7-m/nofp/crtn.o
                0x20005000                        _estack = (ORIGIN (RAM) + LENGTH (RAM))
                0x00000200                        _Min_Heap_Size = 0x200
                0x00000400                        _Min_Stack_Size = 0x400

.isr_vector     0x08000000      0x10c
                0x08000000                        . = ALIGN (0x4)
 *(.isr_vector)
 .isr_vector    0x08000000      0x10c CMakeFiles/hw_rgr.dir/startup_stm32f103xb.s.obj
                0x08000000                g_pfnVectors
                0x0800010c                        . = ALIGN (0x4)

.text           0x08000110     0x5384
                0x08000110                        . = ALIGN (0x4)
 *(.text)
 .text          0x08000110      0x254 C:/PROGRA~2/ARMGNU~1/14EFD8~1.2RE/bin/../lib/gcc/arm-none-eabi/14.2.1/thumb/v7-m/nofp\libgcc.a(_arm_muldf3.o)
                0x08000110                __muldf3
                0x08000110                __aeabi_dmul
 .text          0x08000364      0x378 C:/PROGRA~2/ARMGNU~1/14EFD8~1.2RE/bin/../lib/gcc/arm-none-eabi/14.2.1/thumb/v7-m/nofp\libgcc.a(_arm_addsubdf3.o)
                0x08000364                __aeabi_drsub
                0x0800036c                __aeabi_dsub
                0x0800036c                __subdf3
                0x08000370                __aeabi_dadd
                0x08000370                __adddf3
                0x080005e8                __floatunsidf
                0x080005e8                __aeabi_ui2d
                0x08000608                __floatsidf
                0x08000608                __aeabi_i2d
                0x0800062c                __aeabi_f2d
                0x0800062c                __extendsfdf2
                0x08000670                __floatundidf
                0x08000670                __aeabi_ul2d
                0x08000680                __floatdidf
                0x08000680                __aeabi_l2d
 .text          0x080006dc       0xa0 C:/PROGRA~2/ARMGNU~1/14EFD8~1.2RE/bin/../lib/gcc/arm-none-eabi/14.2.1/thumb/v7-m/nofp\libgcc.a(_arm_truncdfsf2.o)
                0x080006dc                __truncdfsf2
                0x080006dc                __aeabi_d2f
 .text          0x0800077c      0x21c C:/PROGRA~2/ARMGNU~1/14EFD8~1.2RE/bin/../lib/gcc/arm-none-eabi/14.2.1/thumb/v7-m/nofp\libgcc.a(_arm_addsubsf3.o)
                0x0800077c                __aeabi_frsub
                0x08000784                __subsf3
                0x08000784                __aeabi_fsub
                0x08000788                __aeabi_fadd
                0x08000788                __addsf3
                0x080008e8                __aeabi_ui2f
                0x080008e8                __floatunsisf
                0x080008f0                __aeabi_i2f
                0x080008f0                __floatsisf
                0x0800090c                __aeabi_ul2f
                0x0800090c                __floatundisf
                0x0800091c                __aeabi_l2f
                0x0800091c                __floatdisf
 .text          0x08000998      0x2a0 C:/PROGRA~2/ARMGNU~1/14EFD8~1.2RE/bin/../lib/gcc/arm-none-eabi/14.2.1/thumb/v7-m/nofp\libgcc.a(_arm_muldivsf3.o)
                0x08000998                __mulsf3
                0x08000998                __aeabi_fmul
                0x08000b00                __aeabi_fdiv
                0x08000b00                __divsf3
 .text          0x08000c38       0x4c C:/PROGRA~2/ARMGNU~1/14EFD8~1.2RE/bin/../lib/gcc/arm-none-eabi/14.2.1/thumb/v7-m/nofp\libgcc.a(_arm_fixsfsi.o)
                0x08000c38                __aeabi_f2iz
                0x08000c38                __fixsfsi
 *(.text*)
 .text.deregister_tm_clones
                0x08000c84       0x1c C:/PROGRA~2/ARMGNU~1/14EFD8~1.2RE/bin/../lib/gcc/arm-none-eabi/14.2.1/thumb/v7-m/nofp/crtbegin.o
 .text.register_tm_clones
                0x08000ca0       0x24 C:/PROGRA~2/ARMGNU~1/14EFD8~1.2RE/bin/../lib/gcc/arm-none-eabi/14.2.1/thumb/v7-m/nofp/crtbegin.o
 .text.__do_global_dtors_aux
                0x08000cc4       0x28 C:/PROGRA~2/ARMGNU~1/14EFD8~1.2RE/bin/../lib/gcc/arm-none-eabi/14.2.1/thumb/v7-m/nofp/crtbegin.o
 .text.frame_dummy
                0x08000cec       0x24 C:/PROGRA~2/ARMGNU~1/14EFD8~1.2RE/bin/../lib/gcc/arm-none-eabi/14.2.1/thumb/v7-m/nofp/crtbegin.o
 .text.memset   0x08000d10       0x10 C:/PROGRA~2/ARMGNU~1/14EFD8~1.2RE/bin/../lib/gcc/arm-none-eabi/14.2.1/thumb/v7-m/nofp\libc_nano.a(libc_a-memset.o)
                0x08000d10                memset
 .text.__libc_init_array
                0x08000d20       0x48 C:/PROGRA~2/ARMGNU~1/14EFD8~1.2RE/bin/../lib/gcc/arm-none-eabi/14.2.1/thumb/v7-m/nofp\libc_nano.a(libc_a-init.o)
                0x08000d20                __libc_init_array
 .text.__retarget_lock_acquire_recursive
                0x08000d68        0x2 C:/PROGRA~2/ARMGNU~1/14EFD8~1.2RE/bin/../lib/gcc/arm-none-eabi/14.2.1/thumb/v7-m/nofp\libc_nano.a(libc_a-lock.o)
                0x08000d68                __retarget_lock_acquire_recursive
 .text.__retarget_lock_release_recursive
                0x08000d6a        0x2 C:/PROGRA~2/ARMGNU~1/14EFD8~1.2RE/bin/../lib/gcc/arm-none-eabi/14.2.1/thumb/v7-m/nofp\libc_nano.a(libc_a-lock.o)
                0x08000d6a                __retarget_lock_release_recursive
 .text._free_r  0x08000d6c       0x90 C:/PROGRA~2/ARMGNU~1/14EFD8~1.2RE/bin/../lib/gcc/arm-none-eabi/14.2.1/thumb/v7-m/nofp\libc_nano.a(libc_a-freer.o)
                0x08000d6c                _free_r
 .text.sbrk_aligned
                0x08000dfc       0x44 C:/PROGRA~2/ARMGNU~1/14EFD8~1.2RE/bin/../lib/gcc/arm-none-eabi/14.2.1/thumb/v7-m/nofp\libc_nano.a(libc_a-mallocr.o)
 .text._malloc_r
                0x08000e40      0x100 C:/PROGRA~2/ARMGNU~1/14EFD8~1.2RE/bin/../lib/gcc/arm-none-eabi/14.2.1/thumb/v7-m/nofp\libc_nano.a(libc_a-mallocr.o)
                0x08000e40                _malloc_r
 .text.__malloc_lock
                0x08000f40        0xc C:/PROGRA~2/ARMGNU~1/14EFD8~1.2RE/bin/../lib/gcc/arm-none-eabi/14.2.1/thumb/v7-m/nofp\libc_nano.a(libc_a-mlock.o)
                0x08000f40                __malloc_lock
 .text.__malloc_unlock
                0x08000f4c        0xc C:/PROGRA~2/ARMGNU~1/14EFD8~1.2RE/bin/../lib/gcc/arm-none-eabi/14.2.1/thumb/v7-m/nofp\libc_nano.a(libc_a-mlock.o)
                0x08000f4c                __malloc_unlock
 .text._sbrk_r  0x08000f58       0x20 C:/PROGRA~2/ARMGNU~1/14EFD8~1.2RE/bin/../lib/gcc/arm-none-eabi/14.2.1/thumb/v7-m/nofp\libc_nano.a(libc_a-sbrkr.o)
                0x08000f58                _sbrk_r
 .text.width    0x08000f78        0xe CMakeFiles/hw_rgr.dir/Core/Libs/SSD1306_for_STM32_HAL_IAR/src/ssd1306.c.obj
 .text.height   0x08000f86        0xe CMakeFiles/hw_rgr.dir/Core/Libs/SSD1306_for_STM32_HAL_IAR/src/ssd1306.c.obj
 .text.ssd1306_GetWidth
                0x08000f94        0xe CMakeFiles/hw_rgr.dir/Core/Libs/SSD1306_for_STM32_HAL_IAR/src/ssd1306.c.obj
                0x08000f94                ssd1306_GetWidth
 .text.ssd1306_GetHeight
                0x08000fa2        0xe CMakeFiles/hw_rgr.dir/Core/Libs/SSD1306_for_STM32_HAL_IAR/src/ssd1306.c.obj
                0x08000fa2                ssd1306_GetHeight
 .text.ssd1306_SetColor
                0x08000fb0       0x20 CMakeFiles/hw_rgr.dir/Core/Libs/SSD1306_for_STM32_HAL_IAR/src/ssd1306.c.obj
                0x08000fb0                ssd1306_SetColor
 .text.ssd1306_Init
                0x08000fd0      0x134 CMakeFiles/hw_rgr.dir/Core/Libs/SSD1306_for_STM32_HAL_IAR/src/ssd1306.c.obj
                0x08000fd0                ssd1306_Init
 .text.ssd1306_UpdateScreen
                0x08001104       0x54 CMakeFiles/hw_rgr.dir/Core/Libs/SSD1306_for_STM32_HAL_IAR/src/ssd1306.c.obj
                0x08001104                ssd1306_UpdateScreen
 .text.ssd1306_DrawPixel
                0x08001158       0xec CMakeFiles/hw_rgr.dir/Core/Libs/SSD1306_for_STM32_HAL_IAR/src/ssd1306.c.obj
                0x08001158                ssd1306_DrawPixel
 .text.ssd1306_WriteChar
                0x08001244      0x120 CMakeFiles/hw_rgr.dir/Core/Libs/SSD1306_for_STM32_HAL_IAR/src/ssd1306.c.obj
                0x08001244                ssd1306_WriteChar
 .text.ssd1306_WriteString
                0x08001364       0x4a CMakeFiles/hw_rgr.dir/Core/Libs/SSD1306_for_STM32_HAL_IAR/src/ssd1306.c.obj
                0x08001364                ssd1306_WriteString
 *fill*         0x080013ae        0x2 
 .text.ssd1306_SetCursor
                0x080013b0       0x30 CMakeFiles/hw_rgr.dir/Core/Libs/SSD1306_for_STM32_HAL_IAR/src/ssd1306.c.obj
                0x080013b0                ssd1306_SetCursor
 .text.ssd1306_FlipScreenVertically
                0x080013e0       0x14 CMakeFiles/hw_rgr.dir/Core/Libs/SSD1306_for_STM32_HAL_IAR/src/ssd1306.c.obj
                0x080013e0                ssd1306_FlipScreenVertically
 .text.ssd1306_Clear
                0x080013f4       0x18 CMakeFiles/hw_rgr.dir/Core/Libs/SSD1306_for_STM32_HAL_IAR/src/ssd1306.c.obj
                0x080013f4                ssd1306_Clear
 .text.ssd1306_WriteCommand
                0x0800140c       0x30 CMakeFiles/hw_rgr.dir/Core/Libs/SSD1306_for_STM32_HAL_IAR/src/ssd1306.c.obj
 .text.ssd1306_WriteData
                0x0800143c       0x30 CMakeFiles/hw_rgr.dir/Core/Libs/SSD1306_for_STM32_HAL_IAR/src/ssd1306.c.obj
 .text.main     0x0800146c       0x68 CMakeFiles/hw_rgr.dir/Core/Src/main.c.obj
                0x0800146c                main
 .text.SystemClock_Config
                0x080014d4       0xb8 CMakeFiles/hw_rgr.dir/Core/Src/main.c.obj
                0x080014d4                SystemClock_Config
 .text.MX_ADC1_Init
                0x0800158c       0xc0 CMakeFiles/hw_rgr.dir/Core/Src/main.c.obj
 .text.MX_I2C1_Init
                0x0800164c       0x5c CMakeFiles/hw_rgr.dir/Core/Src/main.c.obj
 .text.MX_TIM4_Init
                0x080016a8       0xb4 CMakeFiles/hw_rgr.dir/Core/Src/main.c.obj
 .text.MX_GPIO_Init
                0x0800175c       0xcc CMakeFiles/hw_rgr.dir/Core/Src/main.c.obj
 .text.HAL_ADC_LevelOutOfWindowCallback
                0x08001828       0x38 CMakeFiles/hw_rgr.dir/Core/Src/main.c.obj
                0x08001828                HAL_ADC_LevelOutOfWindowCallback
 .text.print_capacitance_measurement_logs
                0x08001860       0xec CMakeFiles/hw_rgr.dir/Core/Src/main.c.obj
                0x08001860                print_capacitance_measurement_logs
 *fill*         0x0800194c        0x4 
 .text.measure_capacitance
                0x08001950       0xc8 CMakeFiles/hw_rgr.dir/Core/Src/main.c.obj
                0x08001950                measure_capacitance
 .text.Error_Handler
                0x08001a18       0x30 CMakeFiles/hw_rgr.dir/Core/Src/main.c.obj
                0x08001a18                Error_Handler
 .text.NMI_Handler
                0x08001a48        0x8 CMakeFiles/hw_rgr.dir/Core/Src/stm32f1xx_it.c.obj
                0x08001a48                NMI_Handler
 .text.HardFault_Handler
                0x08001a50        0x8 CMakeFiles/hw_rgr.dir/Core/Src/stm32f1xx_it.c.obj
                0x08001a50                HardFault_Handler
 .text.MemManage_Handler
                0x08001a58        0x8 CMakeFiles/hw_rgr.dir/Core/Src/stm32f1xx_it.c.obj
                0x08001a58                MemManage_Handler
 .text.BusFault_Handler
                0x08001a60        0x8 CMakeFiles/hw_rgr.dir/Core/Src/stm32f1xx_it.c.obj
                0x08001a60                BusFault_Handler
 .text.UsageFault_Handler
                0x08001a68        0x8 CMakeFiles/hw_rgr.dir/Core/Src/stm32f1xx_it.c.obj
                0x08001a68                UsageFault_Handler
 .text.SVC_Handler
                0x08001a70        0xc CMakeFiles/hw_rgr.dir/Core/Src/stm32f1xx_it.c.obj
                0x08001a70                SVC_Handler
 .text.DebugMon_Handler
                0x08001a7c        0xc CMakeFiles/hw_rgr.dir/Core/Src/stm32f1xx_it.c.obj
                0x08001a7c                DebugMon_Handler
 .text.PendSV_Handler
                0x08001a88        0xc CMakeFiles/hw_rgr.dir/Core/Src/stm32f1xx_it.c.obj
                0x08001a88                PendSV_Handler
 .text.SysTick_Handler
                0x08001a94        0xc CMakeFiles/hw_rgr.dir/Core/Src/stm32f1xx_it.c.obj
                0x08001a94                SysTick_Handler
 .text.ADC1_2_IRQHandler
                0x08001aa0       0x14 CMakeFiles/hw_rgr.dir/Core/Src/stm32f1xx_it.c.obj
                0x08001aa0                ADC1_2_IRQHandler
 .text.HAL_MspInit
                0x08001ab4       0x64 CMakeFiles/hw_rgr.dir/Core/Src/stm32f1xx_hal_msp.c.obj
                0x08001ab4                HAL_MspInit
 .text.HAL_ADC_MspInit
                0x08001b18       0x88 CMakeFiles/hw_rgr.dir/Core/Src/stm32f1xx_hal_msp.c.obj
                0x08001b18                HAL_ADC_MspInit
 .text.HAL_I2C_MspInit
                0x08001ba0       0x7c CMakeFiles/hw_rgr.dir/Core/Src/stm32f1xx_hal_msp.c.obj
                0x08001ba0                HAL_I2C_MspInit
 .text.HAL_TIM_PWM_MspInit
                0x08001c1c       0x3c CMakeFiles/hw_rgr.dir/Core/Src/stm32f1xx_hal_msp.c.obj
                0x08001c1c                HAL_TIM_PWM_MspInit
 .text.HAL_TIM_MspPostInit
                0x08001c58       0x68 CMakeFiles/hw_rgr.dir/Core/Src/stm32f1xx_hal_msp.c.obj
                0x08001c58                HAL_TIM_MspPostInit
 .text.HAL_ADC_Init
                0x08001cc0      0x1b0 CMakeFiles/hw_rgr.dir/Drivers/STM32F1xx_HAL_Driver/Src/stm32f1xx_hal_adc.c.obj
                0x08001cc0                HAL_ADC_Init
 .text.HAL_ADC_Start
                0x08001e70      0x15c CMakeFiles/hw_rgr.dir/Drivers/STM32F1xx_HAL_Driver/Src/stm32f1xx_hal_adc.c.obj
                0x08001e70                HAL_ADC_Start
 .text.HAL_ADC_Stop
                0x08001fcc       0x58 CMakeFiles/hw_rgr.dir/Drivers/STM32F1xx_HAL_Driver/Src/stm32f1xx_hal_adc.c.obj
                0x08001fcc                HAL_ADC_Stop
 .text.HAL_ADC_IRQHandler
                0x08002024      0x17e CMakeFiles/hw_rgr.dir/Drivers/STM32F1xx_HAL_Driver/Src/stm32f1xx_hal_adc.c.obj
                0x08002024                HAL_ADC_IRQHandler
 .text.HAL_ADC_ConvCpltCallback
                0x080021a2       0x12 CMakeFiles/hw_rgr.dir/Drivers/STM32F1xx_HAL_Driver/Src/stm32f1xx_hal_adc.c.obj
                0x080021a2                HAL_ADC_ConvCpltCallback
 .text.HAL_ADC_ConfigChannel
                0x080021b4      0x1f0 CMakeFiles/hw_rgr.dir/Drivers/STM32F1xx_HAL_Driver/Src/stm32f1xx_hal_adc.c.obj
                0x080021b4                HAL_ADC_ConfigChannel
 .text.HAL_ADC_AnalogWDGConfig
                0x080023a4       0xac CMakeFiles/hw_rgr.dir/Drivers/STM32F1xx_HAL_Driver/Src/stm32f1xx_hal_adc.c.obj
                0x080023a4                HAL_ADC_AnalogWDGConfig
 .text.ADC_Enable
                0x08002450       0xb4 CMakeFiles/hw_rgr.dir/Drivers/STM32F1xx_HAL_Driver/Src/stm32f1xx_hal_adc.c.obj
                0x08002450                ADC_Enable
 .text.ADC_ConversionStop_Disable
                0x08002504       0x82 CMakeFiles/hw_rgr.dir/Drivers/STM32F1xx_HAL_Driver/Src/stm32f1xx_hal_adc.c.obj
                0x08002504                ADC_ConversionStop_Disable
 .text.HAL_ADCEx_InjectedConvCpltCallback
                0x08002586       0x12 CMakeFiles/hw_rgr.dir/Drivers/STM32F1xx_HAL_Driver/Src/stm32f1xx_hal_adc_ex.c.obj
                0x08002586                HAL_ADCEx_InjectedConvCpltCallback
 .text.HAL_Init
                0x08002598       0x2c CMakeFiles/hw_rgr.dir/Drivers/STM32F1xx_HAL_Driver/Src/stm32f1xx_hal.c.obj
                0x08002598                HAL_Init
 .text.HAL_InitTick
                0x080025c4       0x60 CMakeFiles/hw_rgr.dir/Drivers/STM32F1xx_HAL_Driver/Src/stm32f1xx_hal.c.obj
                0x080025c4                HAL_InitTick
 .text.HAL_IncTick
                0x08002624       0x24 CMakeFiles/hw_rgr.dir/Drivers/STM32F1xx_HAL_Driver/Src/stm32f1xx_hal.c.obj
                0x08002624                HAL_IncTick
 .text.HAL_GetTick
                0x08002648       0x14 CMakeFiles/hw_rgr.dir/Drivers/STM32F1xx_HAL_Driver/Src/stm32f1xx_hal.c.obj
                0x08002648                HAL_GetTick
 .text.HAL_Delay
                0x0800265c       0x48 CMakeFiles/hw_rgr.dir/Drivers/STM32F1xx_HAL_Driver/Src/stm32f1xx_hal.c.obj
                0x0800265c                HAL_Delay
 .text.HAL_RCC_OscConfig
                0x080026a4      0x504 CMakeFiles/hw_rgr.dir/Drivers/STM32F1xx_HAL_Driver/Src/stm32f1xx_hal_rcc.c.obj
                0x080026a4                HAL_RCC_OscConfig
 .text.HAL_RCC_ClockConfig
                0x08002ba8      0x1d4 CMakeFiles/hw_rgr.dir/Drivers/STM32F1xx_HAL_Driver/Src/stm32f1xx_hal_rcc.c.obj
                0x08002ba8                HAL_RCC_ClockConfig
 .text.HAL_RCC_GetSysClockFreq
                0x08002d7c       0xa8 CMakeFiles/hw_rgr.dir/Drivers/STM32F1xx_HAL_Driver/Src/stm32f1xx_hal_rcc.c.obj
                0x08002d7c                HAL_RCC_GetSysClockFreq
 .text.HAL_RCC_GetHCLKFreq
                0x08002e24       0x14 CMakeFiles/hw_rgr.dir/Drivers/STM32F1xx_HAL_Driver/Src/stm32f1xx_hal_rcc.c.obj
                0x08002e24                HAL_RCC_GetHCLKFreq
 .text.HAL_RCC_GetPCLK1Freq
                0x08002e38       0x28 CMakeFiles/hw_rgr.dir/Drivers/STM32F1xx_HAL_Driver/Src/stm32f1xx_hal_rcc.c.obj
                0x08002e38                HAL_RCC_GetPCLK1Freq
 .text.RCC_Delay
                0x08002e60       0x3c CMakeFiles/hw_rgr.dir/Drivers/STM32F1xx_HAL_Driver/Src/stm32f1xx_hal_rcc.c.obj
 .text.HAL_RCCEx_PeriphCLKConfig
                0x08002e9c      0x16c CMakeFiles/hw_rgr.dir/Drivers/STM32F1xx_HAL_Driver/Src/stm32f1xx_hal_rcc_ex.c.obj
                0x08002e9c                HAL_RCCEx_PeriphCLKConfig
 .text.HAL_GPIO_Init
                0x08003008      0x308 CMakeFiles/hw_rgr.dir/Drivers/STM32F1xx_HAL_Driver/Src/stm32f1xx_hal_gpio.c.obj
                0x08003008                HAL_GPIO_Init
 .text.HAL_GPIO_WritePin
                0x08003310       0x30 CMakeFiles/hw_rgr.dir/Drivers/STM32F1xx_HAL_Driver/Src/stm32f1xx_hal_gpio.c.obj
                0x08003310                HAL_GPIO_WritePin
 .text.HAL_GPIO_TogglePin
                0x08003340       0x32 CMakeFiles/hw_rgr.dir/Drivers/STM32F1xx_HAL_Driver/Src/stm32f1xx_hal_gpio.c.obj
                0x08003340                HAL_GPIO_TogglePin
 *fill*         0x08003372        0x2 
 .text.__NVIC_SetPriorityGrouping
                0x08003374       0x48 CMakeFiles/hw_rgr.dir/Drivers/STM32F1xx_HAL_Driver/Src/stm32f1xx_hal_cortex.c.obj
 .text.__NVIC_GetPriorityGrouping
                0x080033bc       0x1c CMakeFiles/hw_rgr.dir/Drivers/STM32F1xx_HAL_Driver/Src/stm32f1xx_hal_cortex.c.obj
 .text.__NVIC_EnableIRQ
                0x080033d8       0x38 CMakeFiles/hw_rgr.dir/Drivers/STM32F1xx_HAL_Driver/Src/stm32f1xx_hal_cortex.c.obj
 .text.__NVIC_DisableIRQ
                0x08003410       0x48 CMakeFiles/hw_rgr.dir/Drivers/STM32F1xx_HAL_Driver/Src/stm32f1xx_hal_cortex.c.obj
 .text.__NVIC_SetPriority
                0x08003458       0x54 CMakeFiles/hw_rgr.dir/Drivers/STM32F1xx_HAL_Driver/Src/stm32f1xx_hal_cortex.c.obj
 .text.NVIC_EncodePriority
                0x080034ac       0x64 CMakeFiles/hw_rgr.dir/Drivers/STM32F1xx_HAL_Driver/Src/stm32f1xx_hal_cortex.c.obj
 .text.SysTick_Config
                0x08003510       0x44 CMakeFiles/hw_rgr.dir/Drivers/STM32F1xx_HAL_Driver/Src/stm32f1xx_hal_cortex.c.obj
 .text.HAL_NVIC_SetPriorityGrouping
                0x08003554       0x16 CMakeFiles/hw_rgr.dir/Drivers/STM32F1xx_HAL_Driver/Src/stm32f1xx_hal_cortex.c.obj
                0x08003554                HAL_NVIC_SetPriorityGrouping
 .text.HAL_NVIC_SetPriority
                0x0800356a       0x38 CMakeFiles/hw_rgr.dir/Drivers/STM32F1xx_HAL_Driver/Src/stm32f1xx_hal_cortex.c.obj
                0x0800356a                HAL_NVIC_SetPriority
 .text.HAL_NVIC_EnableIRQ
                0x080035a2       0x1c CMakeFiles/hw_rgr.dir/Drivers/STM32F1xx_HAL_Driver/Src/stm32f1xx_hal_cortex.c.obj
                0x080035a2                HAL_NVIC_EnableIRQ
 .text.HAL_NVIC_DisableIRQ
                0x080035be       0x1c CMakeFiles/hw_rgr.dir/Drivers/STM32F1xx_HAL_Driver/Src/stm32f1xx_hal_cortex.c.obj
                0x080035be                HAL_NVIC_DisableIRQ
 .text.HAL_SYSTICK_Config
                0x080035da       0x18 CMakeFiles/hw_rgr.dir/Drivers/STM32F1xx_HAL_Driver/Src/stm32f1xx_hal_cortex.c.obj
                0x080035da                HAL_SYSTICK_Config
 *fill*         0x080035f2        0x2 
 .text.HAL_I2C_Init
                0x080035f4      0x288 CMakeFiles/hw_rgr.dir/Drivers/STM32F1xx_HAL_Driver/Src/stm32f1xx_hal_i2c.c.obj
                0x080035f4                HAL_I2C_Init
 .text.HAL_I2C_Mem_Write
                0x0800387c      0x1f4 CMakeFiles/hw_rgr.dir/Drivers/STM32F1xx_HAL_Driver/Src/stm32f1xx_hal_i2c.c.obj
                0x0800387c                HAL_I2C_Mem_Write
 .text.HAL_I2C_IsDeviceReady
                0x08003a70      0x25c CMakeFiles/hw_rgr.dir/Drivers/STM32F1xx_HAL_Driver/Src/stm32f1xx_hal_i2c.c.obj
                0x08003a70                HAL_I2C_IsDeviceReady
 .text.I2C_RequestMemoryWrite
                0x08003ccc      0x12c CMakeFiles/hw_rgr.dir/Drivers/STM32F1xx_HAL_Driver/Src/stm32f1xx_hal_i2c.c.obj
 .text.I2C_WaitOnFlagUntilTimeout
                0x08003df8       0xf4 CMakeFiles/hw_rgr.dir/Drivers/STM32F1xx_HAL_Driver/Src/stm32f1xx_hal_i2c.c.obj
 .text.I2C_WaitOnMasterAddressFlagUntilTimeout
                0x08003eec      0x140 CMakeFiles/hw_rgr.dir/Drivers/STM32F1xx_HAL_Driver/Src/stm32f1xx_hal_i2c.c.obj
 .text.I2C_WaitOnTXEFlagUntilTimeout
                0x0800402c       0x90 CMakeFiles/hw_rgr.dir/Drivers/STM32F1xx_HAL_Driver/Src/stm32f1xx_hal_i2c.c.obj
 .text.I2C_WaitOnBTFFlagUntilTimeout
                0x080040bc       0x90 CMakeFiles/hw_rgr.dir/Drivers/STM32F1xx_HAL_Driver/Src/stm32f1xx_hal_i2c.c.obj
 .text.I2C_IsAcknowledgeFailed
                0x0800414c       0x5c CMakeFiles/hw_rgr.dir/Drivers/STM32F1xx_HAL_Driver/Src/stm32f1xx_hal_i2c.c.obj
 .text.HAL_TIM_Base_Start
                0x080041a8       0x94 CMakeFiles/hw_rgr.dir/Drivers/STM32F1xx_HAL_Driver/Src/stm32f1xx_hal_tim.c.obj
                0x080041a8                HAL_TIM_Base_Start
 .text.HAL_TIM_Base_Stop
                0x0800423c       0x4c CMakeFiles/hw_rgr.dir/Drivers/STM32F1xx_HAL_Driver/Src/stm32f1xx_hal_tim.c.obj
                0x0800423c                HAL_TIM_Base_Stop
 .text.HAL_TIM_PWM_Init
                0x08004288       0x9e CMakeFiles/hw_rgr.dir/Drivers/STM32F1xx_HAL_Driver/Src/stm32f1xx_hal_tim.c.obj
                0x08004288                HAL_TIM_PWM_Init
 *fill*         0x08004326        0x2 
 .text.HAL_TIM_IC_Start
                0x08004328      0x180 CMakeFiles/hw_rgr.dir/Drivers/STM32F1xx_HAL_Driver/Src/stm32f1xx_hal_tim.c.obj
                0x08004328                HAL_TIM_IC_Start
 .text.HAL_TIM_IC_Stop
                0x080044a8       0xc2 CMakeFiles/hw_rgr.dir/Drivers/STM32F1xx_HAL_Driver/Src/stm32f1xx_hal_tim.c.obj
                0x080044a8                HAL_TIM_IC_Stop
 *fill*         0x0800456a        0x2 
 .text.HAL_TIM_OnePulse_Start
                0x0800456c       0xac CMakeFiles/hw_rgr.dir/Drivers/STM32F1xx_HAL_Driver/Src/stm32f1xx_hal_tim.c.obj
                0x0800456c                HAL_TIM_OnePulse_Start
 .text.HAL_TIM_PWM_ConfigChannel
                0x08004618      0x184 CMakeFiles/hw_rgr.dir/Drivers/STM32F1xx_HAL_Driver/Src/stm32f1xx_hal_tim.c.obj
                0x08004618                HAL_TIM_PWM_ConfigChannel
 .text.TIM_Base_SetConfig
                0x0800479c       0xdc CMakeFiles/hw_rgr.dir/Drivers/STM32F1xx_HAL_Driver/Src/stm32f1xx_hal_tim.c.obj
                0x0800479c                TIM_Base_SetConfig
 .text.TIM_OC1_SetConfig
                0x08004878       0xcc CMakeFiles/hw_rgr.dir/Drivers/STM32F1xx_HAL_Driver/Src/stm32f1xx_hal_tim.c.obj
 .text.TIM_OC2_SetConfig
                0x08004944       0xd4 CMakeFiles/hw_rgr.dir/Drivers/STM32F1xx_HAL_Driver/Src/stm32f1xx_hal_tim.c.obj
                0x08004944                TIM_OC2_SetConfig
 .text.TIM_OC3_SetConfig
                0x08004a18       0xd4 CMakeFiles/hw_rgr.dir/Drivers/STM32F1xx_HAL_Driver/Src/stm32f1xx_hal_tim.c.obj
 .text.TIM_OC4_SetConfig
                0x08004aec       0x9c CMakeFiles/hw_rgr.dir/Drivers/STM32F1xx_HAL_Driver/Src/stm32f1xx_hal_tim.c.obj
 .text.TIM_CCxChannelCmd
                0x08004b88       0x48 CMakeFiles/hw_rgr.dir/Drivers/STM32F1xx_HAL_Driver/Src/stm32f1xx_hal_tim.c.obj
                0x08004b88                TIM_CCxChannelCmd
 .text.HAL_TIMEx_MasterConfigSynchronization
                0x08004bd0       0xbc CMakeFiles/hw_rgr.dir/Drivers/STM32F1xx_HAL_Driver/Src/stm32f1xx_hal_tim_ex.c.obj
                0x08004bd0                HAL_TIMEx_MasterConfigSynchronization
 .text.SystemInit
                0x08004c8c        0xc CMakeFiles/hw_rgr.dir/Core/Src/system_stm32f1xx.c.obj
                0x08004c8c                SystemInit
 .text._sbrk    0x08004c98       0x6c CMakeFiles/hw_rgr.dir/Core/Src/sysmem.c.obj
                0x08004c98                _sbrk
 .text.Reset_Handler
                0x08004d04       0x48 CMakeFiles/hw_rgr.dir/startup_stm32f103xb.s.obj
                0x08004d04                Reset_Handler
 .text.Default_Handler
                0x08004d4c        0x2 CMakeFiles/hw_rgr.dir/startup_stm32f103xb.s.obj
                0x08004d4c                RTC_Alarm_IRQHandler
                0x08004d4c                EXTI2_IRQHandler
                0x08004d4c                TIM1_CC_IRQHandler
                0x08004d4c                PVD_IRQHandler
                0x08004d4c                EXTI3_IRQHandler
                0x08004d4c                EXTI0_IRQHandler
                0x08004d4c                I2C2_EV_IRQHandler
                0x08004d4c                SPI1_IRQHandler
                0x08004d4c                TAMPER_IRQHandler
                0x08004d4c                DMA1_Channel4_IRQHandler
                0x08004d4c                USART3_IRQHandler
                0x08004d4c                RTC_IRQHandler
                0x08004d4c                DMA1_Channel7_IRQHandler
                0x08004d4c                CAN1_RX1_IRQHandler
                0x08004d4c                TIM4_IRQHandler
                0x08004d4c                I2C1_EV_IRQHandler
                0x08004d4c                DMA1_Channel6_IRQHandler
                0x08004d4c                TIM3_IRQHandler
                0x08004d4c                RCC_IRQHandler
                0x08004d4c                TIM1_TRG_COM_IRQHandler
                0x08004d4c                DMA1_Channel1_IRQHandler
                0x08004d4c                Default_Handler
                0x08004d4c                EXTI15_10_IRQHandler
                0x08004d4c                EXTI9_5_IRQHandler
                0x08004d4c                SPI2_IRQHandler
                0x08004d4c                DMA1_Channel5_IRQHandler
                0x08004d4c                EXTI4_IRQHandler
                0x08004d4c                USB_LP_CAN1_RX0_IRQHandler
                0x08004d4c                USB_HP_CAN1_TX_IRQHandler
                0x08004d4c                DMA1_Channel3_IRQHandler
                0x08004d4c                TIM1_UP_IRQHandler
                0x08004d4c                WWDG_IRQHandler
                0x08004d4c                TIM2_IRQHandler
                0x08004d4c                TIM1_BRK_IRQHandler
                0x08004d4c                EXTI1_IRQHandler
                0x08004d4c                USART2_IRQHandler
                0x08004d4c                I2C2_ER_IRQHandler
                0x08004d4c                DMA1_Channel2_IRQHandler
                0x08004d4c                CAN1_SCE_IRQHandler
                0x08004d4c                FLASH_IRQHandler
                0x08004d4c                USART1_IRQHandler
                0x08004d4c                I2C1_ER_IRQHandler
                0x08004d4c                USBWakeUp_IRQHandler
 *fill*         0x08004d4e        0x2 
 .text.snprintf
                0x08004d50       0x6c C:/PROGRA~2/ARMGNU~1/14EFD8~1.2RE/bin/../lib/gcc/arm-none-eabi/14.2.1/thumb/v7-m/nofp\libg_nano.a(libc_a-snprintf.o)
                0x08004d50                sniprintf
                0x08004d50                snprintf
 .text.__errno  0x08004dbc        0xc C:/PROGRA~2/ARMGNU~1/14EFD8~1.2RE/bin/../lib/gcc/arm-none-eabi/14.2.1/thumb/v7-m/nofp\libg_nano.a(libc_a-errno.o)
                0x08004dbc                __errno
 .text.__ssputs_r
                0x08004dc8       0xc0 C:/PROGRA~2/ARMGNU~1/14EFD8~1.2RE/bin/../lib/gcc/arm-none-eabi/14.2.1/thumb/v7-m/nofp\libg_nano.a(libc_a-nano-svfprintf.o)
                0x08004dc8                __ssputs_r
 .text._svfprintf_r
                0x08004e88      0x1f8 C:/PROGRA~2/ARMGNU~1/14EFD8~1.2RE/bin/../lib/gcc/arm-none-eabi/14.2.1/thumb/v7-m/nofp\libg_nano.a(libc_a-nano-svfprintf.o)
                0x08004e88                _svfiprintf_r
                0x08004e88                _svfprintf_r
 .text._printf_common
                0x08005080       0xe4 C:/PROGRA~2/ARMGNU~1/14EFD8~1.2RE/bin/../lib/gcc/arm-none-eabi/14.2.1/thumb/v7-m/nofp\libg_nano.a(libc_a-nano-vfprintf_i.o)
                0x08005080                _printf_common
 .text._printf_i
                0x08005164      0x240 C:/PROGRA~2/ARMGNU~1/14EFD8~1.2RE/bin/../lib/gcc/arm-none-eabi/14.2.1/thumb/v7-m/nofp\libg_nano.a(libc_a-nano-vfprintf_i.o)
                0x08005164                _printf_i
 .text.memmove  0x080053a4       0x32 C:/PROGRA~2/ARMGNU~1/14EFD8~1.2RE/bin/../lib/gcc/arm-none-eabi/14.2.1/thumb/v7-m/nofp\libg_nano.a(libc_a-memmove.o)
                0x080053a4                memmove
 .text.memchr   0x080053d6       0x1c C:/PROGRA~2/ARMGNU~1/14EFD8~1.2RE/bin/../lib/gcc/arm-none-eabi/14.2.1/thumb/v7-m/nofp\libg_nano.a(libc_a-memchr-stub.o)
                0x080053d6                memchr
 .text.memcpy   0x080053f2       0x1c C:/PROGRA~2/ARMGNU~1/14EFD8~1.2RE/bin/../lib/gcc/arm-none-eabi/14.2.1/thumb/v7-m/nofp\libg_nano.a(libc_a-memcpy-stub.o)
                0x080053f2                memcpy
 .text._realloc_r
                0x0800540e       0x5c C:/PROGRA~2/ARMGNU~1/14EFD8~1.2RE/bin/../lib/gcc/arm-none-eabi/14.2.1/thumb/v7-m/nofp\libg_nano.a(libc_a-reallocr.o)
                0x0800540e                _realloc_r
 .text._malloc_usable_size_r
                0x0800546a       0x10 C:/PROGRA~2/ARMGNU~1/14EFD8~1.2RE/bin/../lib/gcc/arm-none-eabi/14.2.1/thumb/v7-m/nofp\libg_nano.a(libc_a-msizer.o)
                0x0800546a                _malloc_usable_size_r
 *(.glue_7)
 .glue_7        0x0800547a        0x0 linker stubs
 *(.glue_7t)
 .glue_7t       0x0800547a        0x0 linker stubs
 *(.eh_frame)
 *fill*         0x0800547a        0x2 
 .eh_frame      0x0800547c        0x0 C:/PROGRA~2/ARMGNU~1/14EFD8~1.2RE/bin/../lib/gcc/arm-none-eabi/14.2.1/thumb/v7-m/nofp/crtbegin.o
 *(.init)
 .init          0x0800547c        0x4 C:/PROGRA~2/ARMGNU~1/14EFD8~1.2RE/bin/../lib/gcc/arm-none-eabi/14.2.1/thumb/v7-m/nofp/crti.o
                0x0800547c                _init
 .init          0x08005480        0x8 C:/PROGRA~2/ARMGNU~1/14EFD8~1.2RE/bin/../lib/gcc/arm-none-eabi/14.2.1/thumb/v7-m/nofp/crtn.o
 *(.fini)
 .fini          0x08005488        0x4 C:/PROGRA~2/ARMGNU~1/14EFD8~1.2RE/bin/../lib/gcc/arm-none-eabi/14.2.1/thumb/v7-m/nofp/crti.o
                0x08005488                _fini
 .fini          0x0800548c        0x8 C:/PROGRA~2/ARMGNU~1/14EFD8~1.2RE/bin/../lib/gcc/arm-none-eabi/14.2.1/thumb/v7-m/nofp/crtn.o
                0x08005494                        . = ALIGN (0x4)
                0x08005494                        _etext = .

.vfp11_veneer   0x08005494        0x0
 .vfp11_veneer  0x08005494        0x0 linker stubs

.v4_bx          0x08005494        0x0
 .v4_bx         0x08005494        0x0 linker stubs

.iplt           0x08005494        0x0
 .iplt          0x08005494        0x0 C:/PROGRA~2/ARMGNU~1/14EFD8~1.2RE/bin/../lib/gcc/arm-none-eabi/14.2.1/thumb/v7-m/nofp/crtbegin.o

.rodata         0x08005494     0x1564
                0x08005494                        . = ALIGN (0x4)
 *(.rodata)
 .rodata        0x08005494       0x3c CMakeFiles/hw_rgr.dir/Core/Src/main.c.obj
 *(.rodata*)
 .rodata.Font7x10
                0x080054d0      0x76c CMakeFiles/hw_rgr.dir/Core/Libs/SSD1306_for_STM32_HAL_IAR/src/fonts.c.obj
 .rodata.Font11x18
                0x08005c3c      0xd5c CMakeFiles/hw_rgr.dir/Core/Libs/SSD1306_for_STM32_HAL_IAR/src/fonts.c.obj
 .rodata.aPLLMULFactorTable.1
                0x08006998       0x10 CMakeFiles/hw_rgr.dir/Drivers/STM32F1xx_HAL_Driver/Src/stm32f1xx_hal_rcc.c.obj
 .rodata.aPredivFactorTable.0
                0x080069a8        0x2 CMakeFiles/hw_rgr.dir/Drivers/STM32F1xx_HAL_Driver/Src/stm32f1xx_hal_rcc.c.obj
 *fill*         0x080069aa        0x2 
 .rodata.AHBPrescTable
                0x080069ac       0x10 CMakeFiles/hw_rgr.dir/Core/Src/system_stm32f1xx.c.obj
                0x080069ac                AHBPrescTable
 .rodata.APBPrescTable
                0x080069bc        0x8 CMakeFiles/hw_rgr.dir/Core/Src/system_stm32f1xx.c.obj
                0x080069bc                APBPrescTable
 .rodata._svfprintf_r.str1.1
                0x080069c4       0x33 C:/PROGRA~2/ARMGNU~1/14EFD8~1.2RE/bin/../lib/gcc/arm-none-eabi/14.2.1/thumb/v7-m/nofp\libg_nano.a(libc_a-nano-svfprintf.o)
                                 0x11 (size before relaxing)
 .rodata._printf_i.str1.1
                0x080069f7       0x22 C:/PROGRA~2/ARMGNU~1/14EFD8~1.2RE/bin/../lib/gcc/arm-none-eabi/14.2.1/thumb/v7-m/nofp\libg_nano.a(libc_a-nano-vfprintf_i.o)
                0x08006a1c                        . = ALIGN (0x4)
 *fill*         0x080069f7        0x1 

.rel.dyn        0x080069f8        0x0
 .rel.iplt      0x080069f8        0x0 C:/PROGRA~2/ARMGNU~1/14EFD8~1.2RE/bin/../lib/gcc/arm-none-eabi/14.2.1/thumb/v7-m/nofp/crtbegin.o

.ARM.extab
 *(.ARM.extab* .gnu.linkonce.armextab.*)

.ARM            0x080069f8        0x0
                0x080069f8                        __exidx_start = .
 *(.ARM.exidx*)
                0x080069f8                        __exidx_end = .

.preinit_array  0x080069f8        0x0
                0x080069f8                        PROVIDE (__preinit_array_start = .)
 *(.preinit_array*)
                0x080069f8                        PROVIDE (__preinit_array_end = .)

.init_array     0x080069f8        0x4
                0x080069f8                        PROVIDE (__init_array_start = .)
 *(SORT_BY_NAME(.init_array.*))
 *(.init_array*)
 .init_array    0x080069f8        0x4 C:/PROGRA~2/ARMGNU~1/14EFD8~1.2RE/bin/../lib/gcc/arm-none-eabi/14.2.1/thumb/v7-m/nofp/crtbegin.o
                0x080069fc                        PROVIDE (__init_array_end = .)

.fini_array     0x080069fc        0x4
                [!provide]                        PROVIDE (__fini_array_start = .)
 *(SORT_BY_NAME(.fini_array.*))
 *(.fini_array*)
 .fini_array    0x080069fc        0x4 C:/PROGRA~2/ARMGNU~1/14EFD8~1.2RE/bin/../lib/gcc/arm-none-eabi/14.2.1/thumb/v7-m/nofp/crtbegin.o
                [!provide]                        PROVIDE (__fini_array_end = .)
                0x08006a00                        _sidata = LOADADDR (.data)

.data           0x20000000       0x6c load address 0x08006a00
                0x20000000                        . = ALIGN (0x4)
                0x20000000                        _sdata = .
 *(.data)
 *(.data*)
 .data._impure_ptr
                0x20000000        0x4 C:/PROGRA~2/ARMGNU~1/14EFD8~1.2RE/bin/../lib/gcc/arm-none-eabi/14.2.1/thumb/v7-m/nofp\libc_nano.a(libc_a-impure.o)
                0x20000000                _impure_ptr
 .data._impure_data
                0x20000004       0x4c C:/PROGRA~2/ARMGNU~1/14EFD8~1.2RE/bin/../lib/gcc/arm-none-eabi/14.2.1/thumb/v7-m/nofp\libc_nano.a(libc_a-impure.o)
                0x20000004                _impure_data
 .data.Font_7x10
                0x20000050        0x8 CMakeFiles/hw_rgr.dir/Core/Libs/SSD1306_for_STM32_HAL_IAR/src/fonts.c.obj
                0x20000050                Font_7x10
 .data.Font_11x18
                0x20000058        0x8 CMakeFiles/hw_rgr.dir/Core/Libs/SSD1306_for_STM32_HAL_IAR/src/fonts.c.obj
                0x20000058                Font_11x18
 .data.uwTickPrio
                0x20000060        0x4 CMakeFiles/hw_rgr.dir/Drivers/STM32F1xx_HAL_Driver/Src/stm32f1xx_hal.c.obj
                0x20000060                uwTickPrio
 .data.uwTickFreq
                0x20000064        0x1 CMakeFiles/hw_rgr.dir/Drivers/STM32F1xx_HAL_Driver/Src/stm32f1xx_hal.c.obj
                0x20000064                uwTickFreq
 *fill*         0x20000065        0x3 
 .data.SystemCoreClock
                0x20000068        0x4 CMakeFiles/hw_rgr.dir/Core/Src/system_stm32f1xx.c.obj
                0x20000068                SystemCoreClock
                0x2000006c                        . = ALIGN (0x4)
                0x2000006c                        _edata = .

.tm_clone_table
                0x2000006c        0x0 load address 0x08006a6c
 .tm_clone_table
                0x2000006c        0x0 C:/PROGRA~2/ARMGNU~1/14EFD8~1.2RE/bin/../lib/gcc/arm-none-eabi/14.2.1/thumb/v7-m/nofp/crtbegin.o
 .tm_clone_table
                0x2000006c        0x0 C:/PROGRA~2/ARMGNU~1/14EFD8~1.2RE/bin/../lib/gcc/arm-none-eabi/14.2.1/thumb/v7-m/nofp/crtend.o

.igot.plt       0x2000006c        0x0 load address 0x08006a6c
 .igot.plt      0x2000006c        0x0 C:/PROGRA~2/ARMGNU~1/14EFD8~1.2RE/bin/../lib/gcc/arm-none-eabi/14.2.1/thumb/v7-m/nofp/crtbegin.o
                0x2000006c                        . = ALIGN (0x4)

.bss            0x2000006c      0x648 load address 0x08006a6c
                0x2000006c                        _sbss = .
                0x2000006c                        __bss_start__ = _sbss
 *(.bss)
 *(.bss*)
 .bss.completed.1
                0x2000006c        0x1 C:/PROGRA~2/ARMGNU~1/14EFD8~1.2RE/bin/../lib/gcc/arm-none-eabi/14.2.1/thumb/v7-m/nofp/crtbegin.o
 *fill*         0x2000006d        0x3 
 .bss.object.0  0x20000070       0x18 C:/PROGRA~2/ARMGNU~1/14EFD8~1.2RE/bin/../lib/gcc/arm-none-eabi/14.2.1/thumb/v7-m/nofp/crtbegin.o
 .bss.__sf      0x20000088      0x138 C:/PROGRA~2/ARMGNU~1/14EFD8~1.2RE/bin/../lib/gcc/arm-none-eabi/14.2.1/thumb/v7-m/nofp\libc_nano.a(libc_a-findfp.o)
                0x20000088                __sf
 .bss.errno     0x200001c0        0x4 C:/PROGRA~2/ARMGNU~1/14EFD8~1.2RE/bin/../lib/gcc/arm-none-eabi/14.2.1/thumb/v7-m/nofp\libc_nano.a(libc_a-reent.o)
                0x200001c0                errno
 .bss.__lock___malloc_recursive_mutex
                0x200001c4        0x1 C:/PROGRA~2/ARMGNU~1/14EFD8~1.2RE/bin/../lib/gcc/arm-none-eabi/14.2.1/thumb/v7-m/nofp\libc_nano.a(libc_a-lock.o)
                0x200001c4                __lock___malloc_recursive_mutex
 *fill*         0x200001c5        0x3 
 .bss.__malloc_sbrk_start
                0x200001c8        0x4 C:/PROGRA~2/ARMGNU~1/14EFD8~1.2RE/bin/../lib/gcc/arm-none-eabi/14.2.1/thumb/v7-m/nofp\libc_nano.a(libc_a-mallocr.o)
                0x200001c8                __malloc_sbrk_start
 .bss.__malloc_free_list
                0x200001cc        0x4 C:/PROGRA~2/ARMGNU~1/14EFD8~1.2RE/bin/../lib/gcc/arm-none-eabi/14.2.1/thumb/v7-m/nofp\libc_nano.a(libc_a-mallocr.o)
                0x200001cc                __malloc_free_list
 .bss.SSD1306   0x200001d0        0x8 CMakeFiles/hw_rgr.dir/Core/Libs/SSD1306_for_STM32_HAL_IAR/src/ssd1306.c.obj
 .bss.SSD1306_Buffer
                0x200001d8      0x400 CMakeFiles/hw_rgr.dir/Core/Libs/SSD1306_for_STM32_HAL_IAR/src/ssd1306.c.obj
 .bss.display_geometry
                0x200005d8        0x1 CMakeFiles/hw_rgr.dir/Core/Libs/SSD1306_for_STM32_HAL_IAR/src/ssd1306.c.obj
                0x200005d8                display_geometry
 *fill*         0x200005d9        0x3 
 .bss.hadc1     0x200005dc       0x30 CMakeFiles/hw_rgr.dir/Core/Src/main.c.obj
                0x200005dc                hadc1
 .bss.hi2c1     0x2000060c       0x54 CMakeFiles/hw_rgr.dir/Core/Src/main.c.obj
                0x2000060c                hi2c1
 .bss.htim4     0x20000660       0x48 CMakeFiles/hw_rgr.dir/Core/Src/main.c.obj
                0x20000660                htim4
 .bss.MEGACNT   0x200006a8        0x4 CMakeFiles/hw_rgr.dir/Core/Src/main.c.obj
                0x200006a8                MEGACNT
 .bss.uwTick    0x200006ac        0x4 CMakeFiles/hw_rgr.dir/Drivers/STM32F1xx_HAL_Driver/Src/stm32f1xx_hal.c.obj
                0x200006ac                uwTick
 .bss.__sbrk_heap_end
                0x200006b0        0x4 CMakeFiles/hw_rgr.dir/Core/Src/sysmem.c.obj
 *(COMMON)
                0x200006b4                        . = ALIGN (0x4)
                0x200006b4                        _ebss = .
                0x200006b4                        __bss_end__ = _ebss

._user_heap_stack
                0x200006b4      0x604 load address 0x08006a6c
                0x200006b8                        . = ALIGN (0x8)
 *fill*         0x200006b4        0x4 
                [!provide]                        PROVIDE (end = .)
                0x200006b8                        PROVIDE (_end = .)
                0x200008b8                        . = (. + _Min_Heap_Size)
 *fill*         0x200006b8      0x200 
                0x20000cb8                        . = (. + _Min_Stack_Size)
 *fill*         0x200008b8      0x400 
                0x20000cb8                        . = ALIGN (0x8)

/DISCARD/
 libc.a(*)
 libm.a(*)
 libgcc.a(*)
OUTPUT(hw_rgr.elf elf32-littlearm)
LOAD linker stubs
LOAD C:/PROGRA~2/ARMGNU~1/14EFD8~1.2RE/bin/../lib/gcc/arm-none-eabi/14.2.1/thumb/v7-m/nofp\libc.a
LOAD C:/PROGRA~2/ARMGNU~1/14EFD8~1.2RE/bin/../lib/gcc/arm-none-eabi/14.2.1/thumb/v7-m/nofp\libm.a
LOAD C:/PROGRA~2/ARMGNU~1/14EFD8~1.2RE/bin/../lib/gcc/arm-none-eabi/14.2.1/thumb/v7-m/nofp\libgcc.a

.ARM.attributes
                0x00000000       0x29
 .ARM.attributes
                0x00000000       0x1d C:/PROGRA~2/ARMGNU~1/14EFD8~1.2RE/bin/../lib/gcc/arm-none-eabi/14.2.1/thumb/v7-m/nofp/crti.o
 .ARM.attributes
                0x0000001d       0x2d C:/PROGRA~2/ARMGNU~1/14EFD8~1.2RE/bin/../lib/gcc/arm-none-eabi/14.2.1/thumb/v7-m/nofp/crtbegin.o
 .ARM.attributes
                0x0000004a       0x2d C:/PROGRA~2/ARMGNU~1/14EFD8~1.2RE/bin/../lib/gcc/arm-none-eabi/14.2.1/thumb/v7-m/nofp\libc_nano.a(libc_a-findfp.o)
 .ARM.attributes
                0x00000077       0x2d C:/PROGRA~2/ARMGNU~1/14EFD8~1.2RE/bin/../lib/gcc/arm-none-eabi/14.2.1/thumb/v7-m/nofp\libc_nano.a(libc_a-memset.o)
 .ARM.attributes
                0x000000a4       0x2d C:/PROGRA~2/ARMGNU~1/14EFD8~1.2RE/bin/../lib/gcc/arm-none-eabi/14.2.1/thumb/v7-m/nofp\libc_nano.a(libc_a-reent.o)
 .ARM.attributes
                0x000000d1       0x2d C:/PROGRA~2/ARMGNU~1/14EFD8~1.2RE/bin/../lib/gcc/arm-none-eabi/14.2.1/thumb/v7-m/nofp\libc_nano.a(libc_a-impure.o)
 .ARM.attributes
                0x000000fe       0x2d C:/PROGRA~2/ARMGNU~1/14EFD8~1.2RE/bin/../lib/gcc/arm-none-eabi/14.2.1/thumb/v7-m/nofp\libc_nano.a(libc_a-init.o)
 .ARM.attributes
                0x0000012b       0x2d C:/PROGRA~2/ARMGNU~1/14EFD8~1.2RE/bin/../lib/gcc/arm-none-eabi/14.2.1/thumb/v7-m/nofp\libc_nano.a(libc_a-lock.o)
 .ARM.attributes
                0x00000158       0x2d C:/PROGRA~2/ARMGNU~1/14EFD8~1.2RE/bin/../lib/gcc/arm-none-eabi/14.2.1/thumb/v7-m/nofp\libc_nano.a(libc_a-freer.o)
 .ARM.attributes
                0x00000185       0x2d C:/PROGRA~2/ARMGNU~1/14EFD8~1.2RE/bin/../lib/gcc/arm-none-eabi/14.2.1/thumb/v7-m/nofp\libc_nano.a(libc_a-mallocr.o)
 .ARM.attributes
                0x000001b2       0x2d C:/PROGRA~2/ARMGNU~1/14EFD8~1.2RE/bin/../lib/gcc/arm-none-eabi/14.2.1/thumb/v7-m/nofp\libc_nano.a(libc_a-mlock.o)
 .ARM.attributes
                0x000001df       0x2d C:/PROGRA~2/ARMGNU~1/14EFD8~1.2RE/bin/../lib/gcc/arm-none-eabi/14.2.1/thumb/v7-m/nofp\libc_nano.a(libc_a-sbrkr.o)
 .ARM.attributes
                0x0000020c       0x2d CMakeFiles/hw_rgr.dir/Core/Libs/SSD1306_for_STM32_HAL_IAR/src/ssd1306.c.obj
 .ARM.attributes
                0x00000239       0x2d CMakeFiles/hw_rgr.dir/Core/Libs/SSD1306_for_STM32_HAL_IAR/src/fonts.c.obj
 .ARM.attributes
                0x00000266       0x2d CMakeFiles/hw_rgr.dir/Core/Src/main.c.obj
 .ARM.attributes
                0x00000293       0x2d CMakeFiles/hw_rgr.dir/Core/Src/stm32f1xx_it.c.obj
 .ARM.attributes
                0x000002c0       0x2d CMakeFiles/hw_rgr.dir/Core/Src/stm32f1xx_hal_msp.c.obj
 .ARM.attributes
                0x000002ed       0x2d CMakeFiles/hw_rgr.dir/Drivers/STM32F1xx_HAL_Driver/Src/stm32f1xx_hal_adc.c.obj
 .ARM.attributes
                0x0000031a       0x2d CMakeFiles/hw_rgr.dir/Drivers/STM32F1xx_HAL_Driver/Src/stm32f1xx_hal_adc_ex.c.obj
 .ARM.attributes
                0x00000347       0x2d CMakeFiles/hw_rgr.dir/Drivers/STM32F1xx_HAL_Driver/Src/stm32f1xx_hal.c.obj
 .ARM.attributes
                0x00000374       0x2d CMakeFiles/hw_rgr.dir/Drivers/STM32F1xx_HAL_Driver/Src/stm32f1xx_hal_rcc.c.obj
 .ARM.attributes
                0x000003a1       0x2d CMakeFiles/hw_rgr.dir/Drivers/STM32F1xx_HAL_Driver/Src/stm32f1xx_hal_rcc_ex.c.obj
 .ARM.attributes
                0x000003ce       0x2d CMakeFiles/hw_rgr.dir/Drivers/STM32F1xx_HAL_Driver/Src/stm32f1xx_hal_gpio.c.obj
 .ARM.attributes
                0x000003fb       0x2d CMakeFiles/hw_rgr.dir/Drivers/STM32F1xx_HAL_Driver/Src/stm32f1xx_hal_cortex.c.obj
 .ARM.attributes
                0x00000428       0x2d CMakeFiles/hw_rgr.dir/Drivers/STM32F1xx_HAL_Driver/Src/stm32f1xx_hal_i2c.c.obj
 .ARM.attributes
                0x00000455       0x2d CMakeFiles/hw_rgr.dir/Drivers/STM32F1xx_HAL_Driver/Src/stm32f1xx_hal_tim.c.obj
 .ARM.attributes
                0x00000482       0x2d CMakeFiles/hw_rgr.dir/Drivers/STM32F1xx_HAL_Driver/Src/stm32f1xx_hal_tim_ex.c.obj
 .ARM.attributes
                0x000004af       0x2d CMakeFiles/hw_rgr.dir/Core/Src/system_stm32f1xx.c.obj
 .ARM.attributes
                0x000004dc       0x2d CMakeFiles/hw_rgr.dir/Core/Src/sysmem.c.obj
 .ARM.attributes
                0x00000509       0x21 CMakeFiles/hw_rgr.dir/startup_stm32f103xb.s.obj
 .ARM.attributes
                0x0000052a       0x1d C:/PROGRA~2/ARMGNU~1/14EFD8~1.2RE/bin/../lib/gcc/arm-none-eabi/14.2.1/thumb/v7-m/nofp\libgcc.a(_arm_muldf3.o)
 .ARM.attributes
                0x00000547       0x1d C:/PROGRA~2/ARMGNU~1/14EFD8~1.2RE/bin/../lib/gcc/arm-none-eabi/14.2.1/thumb/v7-m/nofp\libgcc.a(_arm_addsubdf3.o)
 .ARM.attributes
                0x00000564       0x1d C:/PROGRA~2/ARMGNU~1/14EFD8~1.2RE/bin/../lib/gcc/arm-none-eabi/14.2.1/thumb/v7-m/nofp\libgcc.a(_arm_truncdfsf2.o)
 .ARM.attributes
                0x00000581       0x1d C:/PROGRA~2/ARMGNU~1/14EFD8~1.2RE/bin/../lib/gcc/arm-none-eabi/14.2.1/thumb/v7-m/nofp\libgcc.a(_arm_addsubsf3.o)
 .ARM.attributes
                0x0000059e       0x1d C:/PROGRA~2/ARMGNU~1/14EFD8~1.2RE/bin/../lib/gcc/arm-none-eabi/14.2.1/thumb/v7-m/nofp\libgcc.a(_arm_muldivsf3.o)
 .ARM.attributes
                0x000005bb       0x1d C:/PROGRA~2/ARMGNU~1/14EFD8~1.2RE/bin/../lib/gcc/arm-none-eabi/14.2.1/thumb/v7-m/nofp\libgcc.a(_arm_fixsfsi.o)
 .ARM.attributes
                0x000005d8       0x2d C:/PROGRA~2/ARMGNU~1/14EFD8~1.2RE/bin/../lib/gcc/arm-none-eabi/14.2.1/thumb/v7-m/nofp\libg_nano.a(libc_a-snprintf.o)
 .ARM.attributes
                0x00000605       0x2d C:/PROGRA~2/ARMGNU~1/14EFD8~1.2RE/bin/../lib/gcc/arm-none-eabi/14.2.1/thumb/v7-m/nofp\libg_nano.a(libc_a-errno.o)
 .ARM.attributes
                0x00000632       0x2d C:/PROGRA~2/ARMGNU~1/14EFD8~1.2RE/bin/../lib/gcc/arm-none-eabi/14.2.1/thumb/v7-m/nofp\libg_nano.a(libc_a-nano-svfprintf.o)
 .ARM.attributes
                0x0000065f       0x2d C:/PROGRA~2/ARMGNU~1/14EFD8~1.2RE/bin/../lib/gcc/arm-none-eabi/14.2.1/thumb/v7-m/nofp\libg_nano.a(libc_a-nano-vfprintf_i.o)
 .ARM.attributes
                0x0000068c       0x2d C:/PROGRA~2/ARMGNU~1/14EFD8~1.2RE/bin/../lib/gcc/arm-none-eabi/14.2.1/thumb/v7-m/nofp\libg_nano.a(libc_a-memmove.o)
 .ARM.attributes
                0x000006b9       0x2d C:/PROGRA~2/ARMGNU~1/14EFD8~1.2RE/bin/../lib/gcc/arm-none-eabi/14.2.1/thumb/v7-m/nofp\libg_nano.a(libc_a-memchr-stub.o)
 .ARM.attributes
                0x000006e6       0x2d C:/PROGRA~2/ARMGNU~1/14EFD8~1.2RE/bin/../lib/gcc/arm-none-eabi/14.2.1/thumb/v7-m/nofp\libg_nano.a(libc_a-memcpy-stub.o)
 .ARM.attributes
                0x00000713       0x2d C:/PROGRA~2/ARMGNU~1/14EFD8~1.2RE/bin/../lib/gcc/arm-none-eabi/14.2.1/thumb/v7-m/nofp\libg_nano.a(libc_a-reallocr.o)
 .ARM.attributes
                0x00000740       0x2d C:/PROGRA~2/ARMGNU~1/14EFD8~1.2RE/bin/../lib/gcc/arm-none-eabi/14.2.1/thumb/v7-m/nofp\libg_nano.a(libc_a-msizer.o)
 .ARM.attributes
                0x0000076d       0x2d C:/PROGRA~2/ARMGNU~1/14EFD8~1.2RE/bin/../lib/gcc/arm-none-eabi/14.2.1/thumb/v7-m/nofp/crtend.o
 .ARM.attributes
                0x0000079a       0x1d C:/PROGRA~2/ARMGNU~1/14EFD8~1.2RE/bin/../lib/gcc/arm-none-eabi/14.2.1/thumb/v7-m/nofp/crtn.o

.comment        0x00000000       0x45
 .comment       0x00000000       0x45 CMakeFiles/hw_rgr.dir/Core/Libs/SSD1306_for_STM32_HAL_IAR/src/ssd1306.c.obj
                                 0x46 (size before relaxing)
 .comment       0x00000045       0x46 CMakeFiles/hw_rgr.dir/Core/Libs/SSD1306_for_STM32_HAL_IAR/src/fonts.c.obj
 .comment       0x00000045       0x46 CMakeFiles/hw_rgr.dir/Core/Src/main.c.obj
 .comment       0x00000045       0x46 CMakeFiles/hw_rgr.dir/Core/Src/stm32f1xx_it.c.obj
 .comment       0x00000045       0x46 CMakeFiles/hw_rgr.dir/Core/Src/stm32f1xx_hal_msp.c.obj
 .comment       0x00000045       0x46 CMakeFiles/hw_rgr.dir/Drivers/STM32F1xx_HAL_Driver/Src/stm32f1xx_hal_adc.c.obj
 .comment       0x00000045       0x46 CMakeFiles/hw_rgr.dir/Drivers/STM32F1xx_HAL_Driver/Src/stm32f1xx_hal_adc_ex.c.obj
 .comment       0x00000045       0x46 CMakeFiles/hw_rgr.dir/Drivers/STM32F1xx_HAL_Driver/Src/stm32f1xx_hal.c.obj
 .comment       0x00000045       0x46 CMakeFiles/hw_rgr.dir/Drivers/STM32F1xx_HAL_Driver/Src/stm32f1xx_hal_rcc.c.obj
 .comment       0x00000045       0x46 CMakeFiles/hw_rgr.dir/Drivers/STM32F1xx_HAL_Driver/Src/stm32f1xx_hal_rcc_ex.c.obj
 .comment       0x00000045       0x46 CMakeFiles/hw_rgr.dir/Drivers/STM32F1xx_HAL_Driver/Src/stm32f1xx_hal_gpio.c.obj
 .comment       0x00000045       0x46 CMakeFiles/hw_rgr.dir/Drivers/STM32F1xx_HAL_Driver/Src/stm32f1xx_hal_cortex.c.obj
 .comment       0x00000045       0x46 CMakeFiles/hw_rgr.dir/Drivers/STM32F1xx_HAL_Driver/Src/stm32f1xx_hal_i2c.c.obj
 .comment       0x00000045       0x46 CMakeFiles/hw_rgr.dir/Drivers/STM32F1xx_HAL_Driver/Src/stm32f1xx_hal_tim.c.obj
 .comment       0x00000045       0x46 CMakeFiles/hw_rgr.dir/Drivers/STM32F1xx_HAL_Driver/Src/stm32f1xx_hal_tim_ex.c.obj
 .comment       0x00000045       0x46 CMakeFiles/hw_rgr.dir/Core/Src/system_stm32f1xx.c.obj
 .comment       0x00000045       0x46 CMakeFiles/hw_rgr.dir/Core/Src/sysmem.c.obj

.debug_frame    0x00000000     0x46a4
 .debug_frame   0x00000000      0x144 C:/PROGRA~2/ARMGNU~1/14EFD8~1.2RE/bin/../lib/gcc/arm-none-eabi/14.2.1/thumb/v7-m/nofp\libc_nano.a(libc_a-findfp.o)
 .debug_frame   0x00000144       0x20 C:/PROGRA~2/ARMGNU~1/14EFD8~1.2RE/bin/../lib/gcc/arm-none-eabi/14.2.1/thumb/v7-m/nofp\libc_nano.a(libc_a-memset.o)
 .debug_frame   0x00000164       0x38 C:/PROGRA~2/ARMGNU~1/14EFD8~1.2RE/bin/../lib/gcc/arm-none-eabi/14.2.1/thumb/v7-m/nofp\libc_nano.a(libc_a-reent.o)
 .debug_frame   0x0000019c       0x2c C:/PROGRA~2/ARMGNU~1/14EFD8~1.2RE/bin/../lib/gcc/arm-none-eabi/14.2.1/thumb/v7-m/nofp\libc_nano.a(libc_a-init.o)
 .debug_frame   0x000001c8       0xb0 C:/PROGRA~2/ARMGNU~1/14EFD8~1.2RE/bin/../lib/gcc/arm-none-eabi/14.2.1/thumb/v7-m/nofp\libc_nano.a(libc_a-lock.o)
 .debug_frame   0x00000278       0x38 C:/PROGRA~2/ARMGNU~1/14EFD8~1.2RE/bin/../lib/gcc/arm-none-eabi/14.2.1/thumb/v7-m/nofp\libc_nano.a(libc_a-freer.o)
 .debug_frame   0x000002b0       0x50 C:/PROGRA~2/ARMGNU~1/14EFD8~1.2RE/bin/../lib/gcc/arm-none-eabi/14.2.1/thumb/v7-m/nofp\libc_nano.a(libc_a-mallocr.o)
 .debug_frame   0x00000300       0x30 C:/PROGRA~2/ARMGNU~1/14EFD8~1.2RE/bin/../lib/gcc/arm-none-eabi/14.2.1/thumb/v7-m/nofp\libc_nano.a(libc_a-mlock.o)
 .debug_frame   0x00000330       0x2c C:/PROGRA~2/ARMGNU~1/14EFD8~1.2RE/bin/../lib/gcc/arm-none-eabi/14.2.1/thumb/v7-m/nofp\libc_nano.a(libc_a-sbrkr.o)
 .debug_frame   0x0000035c      0x4e0 CMakeFiles/hw_rgr.dir/Core/Libs/SSD1306_for_STM32_HAL_IAR/src/ssd1306.c.obj
 .debug_frame   0x0000083c      0x1b8 CMakeFiles/hw_rgr.dir/Core/Src/main.c.obj
 .debug_frame   0x000009f4      0x120 CMakeFiles/hw_rgr.dir/Core/Src/stm32f1xx_it.c.obj
 .debug_frame   0x00000b14      0x13c CMakeFiles/hw_rgr.dir/Core/Src/stm32f1xx_hal_msp.c.obj
 .debug_frame   0x00000c50      0x40c CMakeFiles/hw_rgr.dir/Drivers/STM32F1xx_HAL_Driver/Src/stm32f1xx_hal_adc.c.obj
 .debug_frame   0x0000105c      0x200 CMakeFiles/hw_rgr.dir/Drivers/STM32F1xx_HAL_Driver/Src/stm32f1xx_hal_adc_ex.c.obj
 .debug_frame   0x0000125c      0x334 CMakeFiles/hw_rgr.dir/Drivers/STM32F1xx_HAL_Driver/Src/stm32f1xx_hal.c.obj
 .debug_frame   0x00001590      0x218 CMakeFiles/hw_rgr.dir/Drivers/STM32F1xx_HAL_Driver/Src/stm32f1xx_hal_rcc.c.obj
 .debug_frame   0x000017a8       0x80 CMakeFiles/hw_rgr.dir/Drivers/STM32F1xx_HAL_Driver/Src/stm32f1xx_hal_rcc_ex.c.obj
 .debug_frame   0x00001828      0x14c CMakeFiles/hw_rgr.dir/Drivers/STM32F1xx_HAL_Driver/Src/stm32f1xx_hal_gpio.c.obj
 .debug_frame   0x00001974      0x428 CMakeFiles/hw_rgr.dir/Drivers/STM32F1xx_HAL_Driver/Src/stm32f1xx_hal_cortex.c.obj
 .debug_frame   0x00001d9c      0xc84 CMakeFiles/hw_rgr.dir/Drivers/STM32F1xx_HAL_Driver/Src/stm32f1xx_hal_i2c.c.obj
 .debug_frame   0x00002a20     0x11b8 CMakeFiles/hw_rgr.dir/Drivers/STM32F1xx_HAL_Driver/Src/stm32f1xx_hal_tim.c.obj
 .debug_frame   0x00003bd8      0x638 CMakeFiles/hw_rgr.dir/Drivers/STM32F1xx_HAL_Driver/Src/stm32f1xx_hal_tim_ex.c.obj
 .debug_frame   0x00004210       0x58 CMakeFiles/hw_rgr.dir/Core/Src/system_stm32f1xx.c.obj
 .debug_frame   0x00004268       0x34 CMakeFiles/hw_rgr.dir/Core/Src/sysmem.c.obj
 .debug_frame   0x0000429c       0x30 C:/PROGRA~2/ARMGNU~1/14EFD8~1.2RE/bin/../lib/gcc/arm-none-eabi/14.2.1/thumb/v7-m/nofp\libgcc.a(_arm_muldf3.o)
 .debug_frame   0x000042cc       0xac C:/PROGRA~2/ARMGNU~1/14EFD8~1.2RE/bin/../lib/gcc/arm-none-eabi/14.2.1/thumb/v7-m/nofp\libgcc.a(_arm_addsubdf3.o)
 .debug_frame   0x00004378       0x24 C:/PROGRA~2/ARMGNU~1/14EFD8~1.2RE/bin/../lib/gcc/arm-none-eabi/14.2.1/thumb/v7-m/nofp\libgcc.a(_arm_truncdfsf2.o)
 .debug_frame   0x0000439c       0x4c C:/PROGRA~2/ARMGNU~1/14EFD8~1.2RE/bin/../lib/gcc/arm-none-eabi/14.2.1/thumb/v7-m/nofp\libgcc.a(_arm_addsubsf3.o)
 .debug_frame   0x000043e8       0x38 C:/PROGRA~2/ARMGNU~1/14EFD8~1.2RE/bin/../lib/gcc/arm-none-eabi/14.2.1/thumb/v7-m/nofp\libgcc.a(_arm_muldivsf3.o)
 .debug_frame   0x00004420       0x24 C:/PROGRA~2/ARMGNU~1/14EFD8~1.2RE/bin/../lib/gcc/arm-none-eabi/14.2.1/thumb/v7-m/nofp\libgcc.a(_arm_fixsfsi.o)
 .debug_frame   0x00004444       0x7c C:/PROGRA~2/ARMGNU~1/14EFD8~1.2RE/bin/../lib/gcc/arm-none-eabi/14.2.1/thumb/v7-m/nofp\libg_nano.a(libc_a-snprintf.o)
 .debug_frame   0x000044c0       0x20 C:/PROGRA~2/ARMGNU~1/14EFD8~1.2RE/bin/../lib/gcc/arm-none-eabi/14.2.1/thumb/v7-m/nofp\libg_nano.a(libc_a-errno.o)
 .debug_frame   0x000044e0       0x90 C:/PROGRA~2/ARMGNU~1/14EFD8~1.2RE/bin/../lib/gcc/arm-none-eabi/14.2.1/thumb/v7-m/nofp\libg_nano.a(libc_a-nano-svfprintf.o)
 .debug_frame   0x00004570       0x60 C:/PROGRA~2/ARMGNU~1/14EFD8~1.2RE/bin/../lib/gcc/arm-none-eabi/14.2.1/thumb/v7-m/nofp\libg_nano.a(libc_a-nano-vfprintf_i.o)
 .debug_frame   0x000045d0       0x28 C:/PROGRA~2/ARMGNU~1/14EFD8~1.2RE/bin/../lib/gcc/arm-none-eabi/14.2.1/thumb/v7-m/nofp\libg_nano.a(libc_a-memmove.o)
 .debug_frame   0x000045f8       0x28 C:/PROGRA~2/ARMGNU~1/14EFD8~1.2RE/bin/../lib/gcc/arm-none-eabi/14.2.1/thumb/v7-m/nofp\libg_nano.a(libc_a-memchr-stub.o)
 .debug_frame   0x00004620       0x28 C:/PROGRA~2/ARMGNU~1/14EFD8~1.2RE/bin/../lib/gcc/arm-none-eabi/14.2.1/thumb/v7-m/nofp\libg_nano.a(libc_a-memcpy-stub.o)
 .debug_frame   0x00004648       0x3c C:/PROGRA~2/ARMGNU~1/14EFD8~1.2RE/bin/../lib/gcc/arm-none-eabi/14.2.1/thumb/v7-m/nofp\libg_nano.a(libc_a-reallocr.o)
 .debug_frame   0x00004684       0x20 C:/PROGRA~2/ARMGNU~1/14EFD8~1.2RE/bin/../lib/gcc/arm-none-eabi/14.2.1/thumb/v7-m/nofp\libg_nano.a(libc_a-msizer.o)

.debug_info     0x00000000     0xe0b8
 .debug_info    0x00000000     0x10f3 CMakeFiles/hw_rgr.dir/Core/Libs/SSD1306_for_STM32_HAL_IAR/src/ssd1306.c.obj
 .debug_info    0x000010f3      0x19a CMakeFiles/hw_rgr.dir/Core/Libs/SSD1306_for_STM32_HAL_IAR/src/fonts.c.obj
 .debug_info    0x0000128d     0x183e CMakeFiles/hw_rgr.dir/Core/Src/main.c.obj
 .debug_info    0x00002acb      0x57f CMakeFiles/hw_rgr.dir/Core/Src/stm32f1xx_it.c.obj
 .debug_info    0x0000304a     0x1071 CMakeFiles/hw_rgr.dir/Core/Src/stm32f1xx_hal_msp.c.obj
 .debug_info    0x000040bb      0xc50 CMakeFiles/hw_rgr.dir/Drivers/STM32F1xx_HAL_Driver/Src/stm32f1xx_hal_adc.c.obj
 .debug_info    0x00004d0b      0xa10 CMakeFiles/hw_rgr.dir/Drivers/STM32F1xx_HAL_Driver/Src/stm32f1xx_hal_adc_ex.c.obj
 .debug_info    0x0000571b      0x704 CMakeFiles/hw_rgr.dir/Drivers/STM32F1xx_HAL_Driver/Src/stm32f1xx_hal.c.obj
 .debug_info    0x00005e1f      0x7d5 CMakeFiles/hw_rgr.dir/Drivers/STM32F1xx_HAL_Driver/Src/stm32f1xx_hal_rcc.c.obj
 .debug_info    0x000065f4      0x3c0 CMakeFiles/hw_rgr.dir/Drivers/STM32F1xx_HAL_Driver/Src/stm32f1xx_hal_rcc_ex.c.obj
 .debug_info    0x000069b4      0x5ab CMakeFiles/hw_rgr.dir/Drivers/STM32F1xx_HAL_Driver/Src/stm32f1xx_hal_gpio.c.obj
 .debug_info    0x00006f5f      0xa87 CMakeFiles/hw_rgr.dir/Drivers/STM32F1xx_HAL_Driver/Src/stm32f1xx_hal_cortex.c.obj
 .debug_info    0x000079e6     0x2524 CMakeFiles/hw_rgr.dir/Drivers/STM32F1xx_HAL_Driver/Src/stm32f1xx_hal_i2c.c.obj
 .debug_info    0x00009f0a     0x2959 CMakeFiles/hw_rgr.dir/Drivers/STM32F1xx_HAL_Driver/Src/stm32f1xx_hal_tim.c.obj
 .debug_info    0x0000c863     0x149b CMakeFiles/hw_rgr.dir/Drivers/STM32F1xx_HAL_Driver/Src/stm32f1xx_hal_tim_ex.c.obj
 .debug_info    0x0000dcfe      0x222 CMakeFiles/hw_rgr.dir/Core/Src/system_stm32f1xx.c.obj
 .debug_info    0x0000df20      0x168 CMakeFiles/hw_rgr.dir/Core/Src/sysmem.c.obj
 .debug_info    0x0000e088       0x30 CMakeFiles/hw_rgr.dir/startup_stm32f103xb.s.obj

.debug_abbrev   0x00000000     0x2439
 .debug_abbrev  0x00000000      0x33c CMakeFiles/hw_rgr.dir/Core/Libs/SSD1306_for_STM32_HAL_IAR/src/ssd1306.c.obj
 .debug_abbrev  0x0000033c       0xb3 CMakeFiles/hw_rgr.dir/Core/Libs/SSD1306_for_STM32_HAL_IAR/src/fonts.c.obj
 .debug_abbrev  0x000003ef      0x384 CMakeFiles/hw_rgr.dir/Core/Src/main.c.obj
 .debug_abbrev  0x00000773      0x182 CMakeFiles/hw_rgr.dir/Core/Src/stm32f1xx_it.c.obj
 .debug_abbrev  0x000008f5      0x21d CMakeFiles/hw_rgr.dir/Core/Src/stm32f1xx_hal_msp.c.obj
 .debug_abbrev  0x00000b12      0x225 CMakeFiles/hw_rgr.dir/Drivers/STM32F1xx_HAL_Driver/Src/stm32f1xx_hal_adc.c.obj
 .debug_abbrev  0x00000d37      0x249 CMakeFiles/hw_rgr.dir/Drivers/STM32F1xx_HAL_Driver/Src/stm32f1xx_hal_adc_ex.c.obj
 .debug_abbrev  0x00000f80      0x201 CMakeFiles/hw_rgr.dir/Drivers/STM32F1xx_HAL_Driver/Src/stm32f1xx_hal.c.obj
 .debug_abbrev  0x00001181      0x2b3 CMakeFiles/hw_rgr.dir/Drivers/STM32F1xx_HAL_Driver/Src/stm32f1xx_hal_rcc.c.obj
 .debug_abbrev  0x00001434      0x188 CMakeFiles/hw_rgr.dir/Drivers/STM32F1xx_HAL_Driver/Src/stm32f1xx_hal_rcc_ex.c.obj
 .debug_abbrev  0x000015bc      0x1ca CMakeFiles/hw_rgr.dir/Drivers/STM32F1xx_HAL_Driver/Src/stm32f1xx_hal_gpio.c.obj
 .debug_abbrev  0x00001786      0x2f8 CMakeFiles/hw_rgr.dir/Drivers/STM32F1xx_HAL_Driver/Src/stm32f1xx_hal_cortex.c.obj
 .debug_abbrev  0x00001a7e      0x2a3 CMakeFiles/hw_rgr.dir/Drivers/STM32F1xx_HAL_Driver/Src/stm32f1xx_hal_i2c.c.obj
 .debug_abbrev  0x00001d21      0x277 CMakeFiles/hw_rgr.dir/Drivers/STM32F1xx_HAL_Driver/Src/stm32f1xx_hal_tim.c.obj
 .debug_abbrev  0x00001f98      0x282 CMakeFiles/hw_rgr.dir/Drivers/STM32F1xx_HAL_Driver/Src/stm32f1xx_hal_tim_ex.c.obj
 .debug_abbrev  0x0000221a      0x13f CMakeFiles/hw_rgr.dir/Core/Src/system_stm32f1xx.c.obj
 .debug_abbrev  0x00002359       0xbc CMakeFiles/hw_rgr.dir/Core/Src/sysmem.c.obj
 .debug_abbrev  0x00002415       0x24 CMakeFiles/hw_rgr.dir/startup_stm32f103xb.s.obj

.debug_aranges  0x00000000      0xf38
 .debug_aranges
                0x00000000      0x130 CMakeFiles/hw_rgr.dir/Core/Libs/SSD1306_for_STM32_HAL_IAR/src/ssd1306.c.obj
 .debug_aranges
                0x00000130       0x18 CMakeFiles/hw_rgr.dir/Core/Libs/SSD1306_for_STM32_HAL_IAR/src/fonts.c.obj
 .debug_aranges
                0x00000148       0x78 CMakeFiles/hw_rgr.dir/Core/Src/main.c.obj
 .debug_aranges
                0x000001c0       0x68 CMakeFiles/hw_rgr.dir/Core/Src/stm32f1xx_it.c.obj
 .debug_aranges
                0x00000228       0x58 CMakeFiles/hw_rgr.dir/Core/Src/stm32f1xx_hal_msp.c.obj
 .debug_aranges
                0x00000280       0xf0 CMakeFiles/hw_rgr.dir/Drivers/STM32F1xx_HAL_Driver/Src/stm32f1xx_hal_adc.c.obj
 .debug_aranges
                0x00000370       0x80 CMakeFiles/hw_rgr.dir/Drivers/STM32F1xx_HAL_Driver/Src/stm32f1xx_hal_adc_ex.c.obj
 .debug_aranges
                0x000003f0       0xe0 CMakeFiles/hw_rgr.dir/Drivers/STM32F1xx_HAL_Driver/Src/stm32f1xx_hal.c.obj
 .debug_aranges
                0x000004d0       0x90 CMakeFiles/hw_rgr.dir/Drivers/STM32F1xx_HAL_Driver/Src/stm32f1xx_hal_rcc.c.obj
 .debug_aranges
                0x00000560       0x30 CMakeFiles/hw_rgr.dir/Drivers/STM32F1xx_HAL_Driver/Src/stm32f1xx_hal_rcc_ex.c.obj
 .debug_aranges
                0x00000590       0x58 CMakeFiles/hw_rgr.dir/Drivers/STM32F1xx_HAL_Driver/Src/stm32f1xx_hal_gpio.c.obj
 .debug_aranges
                0x000005e8      0x100 CMakeFiles/hw_rgr.dir/Drivers/STM32F1xx_HAL_Driver/Src/stm32f1xx_hal_cortex.c.obj
 .debug_aranges
                0x000006e8      0x2a8 CMakeFiles/hw_rgr.dir/Drivers/STM32F1xx_HAL_Driver/Src/stm32f1xx_hal_i2c.c.obj
 .debug_aranges
                0x00000990      0x3d0 CMakeFiles/hw_rgr.dir/Drivers/STM32F1xx_HAL_Driver/Src/stm32f1xx_hal_tim.c.obj
 .debug_aranges
                0x00000d60      0x168 CMakeFiles/hw_rgr.dir/Drivers/STM32F1xx_HAL_Driver/Src/stm32f1xx_hal_tim_ex.c.obj
 .debug_aranges
                0x00000ec8       0x28 CMakeFiles/hw_rgr.dir/Core/Src/system_stm32f1xx.c.obj
 .debug_aranges
                0x00000ef0       0x20 CMakeFiles/hw_rgr.dir/Core/Src/sysmem.c.obj
 .debug_aranges
                0x00000f10       0x28 CMakeFiles/hw_rgr.dir/startup_stm32f103xb.s.obj

.debug_rnglists
                0x00000000      0xbdb
 .debug_rnglists
                0x00000000       0xec CMakeFiles/hw_rgr.dir/Core/Libs/SSD1306_for_STM32_HAL_IAR/src/ssd1306.c.obj
 .debug_rnglists
                0x000000ec       0x5c CMakeFiles/hw_rgr.dir/Core/Src/main.c.obj
 .debug_rnglists
                0x00000148       0x49 CMakeFiles/hw_rgr.dir/Core/Src/stm32f1xx_it.c.obj
 .debug_rnglists
                0x00000191       0x3e CMakeFiles/hw_rgr.dir/Core/Src/stm32f1xx_hal_msp.c.obj
 .debug_rnglists
                0x000001cf       0xbc CMakeFiles/hw_rgr.dir/Drivers/STM32F1xx_HAL_Driver/Src/stm32f1xx_hal_adc.c.obj
 .debug_rnglists
                0x0000028b       0x65 CMakeFiles/hw_rgr.dir/Drivers/STM32F1xx_HAL_Driver/Src/stm32f1xx_hal_adc_ex.c.obj
 .debug_rnglists
                0x000002f0       0xa3 CMakeFiles/hw_rgr.dir/Drivers/STM32F1xx_HAL_Driver/Src/stm32f1xx_hal.c.obj
 .debug_rnglists
                0x00000393       0x6c CMakeFiles/hw_rgr.dir/Drivers/STM32F1xx_HAL_Driver/Src/stm32f1xx_hal_rcc.c.obj
 .debug_rnglists
                0x000003ff       0x21 CMakeFiles/hw_rgr.dir/Drivers/STM32F1xx_HAL_Driver/Src/stm32f1xx_hal_rcc_ex.c.obj
 .debug_rnglists
                0x00000420       0x3f CMakeFiles/hw_rgr.dir/Drivers/STM32F1xx_HAL_Driver/Src/stm32f1xx_hal_gpio.c.obj
 .debug_rnglists
                0x0000045f       0xbb CMakeFiles/hw_rgr.dir/Drivers/STM32F1xx_HAL_Driver/Src/stm32f1xx_hal_cortex.c.obj
 .debug_rnglists
                0x0000051a      0x23c CMakeFiles/hw_rgr.dir/Drivers/STM32F1xx_HAL_Driver/Src/stm32f1xx_hal_i2c.c.obj
 .debug_rnglists
                0x00000756      0x31a CMakeFiles/hw_rgr.dir/Drivers/STM32F1xx_HAL_Driver/Src/stm32f1xx_hal_tim.c.obj
 .debug_rnglists
                0x00000a70      0x125 CMakeFiles/hw_rgr.dir/Drivers/STM32F1xx_HAL_Driver/Src/stm32f1xx_hal_tim_ex.c.obj
 .debug_rnglists
                0x00000b95       0x1a CMakeFiles/hw_rgr.dir/Core/Src/system_stm32f1xx.c.obj
 .debug_rnglists
                0x00000baf       0x13 CMakeFiles/hw_rgr.dir/Core/Src/sysmem.c.obj
 .debug_rnglists
                0x00000bc2       0x19 CMakeFiles/hw_rgr.dir/startup_stm32f103xb.s.obj

.debug_macro    0x00000000    0x18bb4
 .debug_macro   0x00000000      0x2d0 CMakeFiles/hw_rgr.dir/Core/Libs/SSD1306_for_STM32_HAL_IAR/src/ssd1306.c.obj
 .debug_macro   0x000002d0      0xad8 CMakeFiles/hw_rgr.dir/Core/Libs/SSD1306_for_STM32_HAL_IAR/src/ssd1306.c.obj
 .debug_macro   0x00000da8       0x1c CMakeFiles/hw_rgr.dir/Core/Libs/SSD1306_for_STM32_HAL_IAR/src/ssd1306.c.obj
 .debug_macro   0x00000dc4       0x22 CMakeFiles/hw_rgr.dir/Core/Libs/SSD1306_for_STM32_HAL_IAR/src/ssd1306.c.obj
 .debug_macro   0x00000de6       0x8e CMakeFiles/hw_rgr.dir/Core/Libs/SSD1306_for_STM32_HAL_IAR/src/ssd1306.c.obj
 .debug_macro   0x00000e74       0x51 CMakeFiles/hw_rgr.dir/Core/Libs/SSD1306_for_STM32_HAL_IAR/src/ssd1306.c.obj
 .debug_macro   0x00000ec5      0x103 CMakeFiles/hw_rgr.dir/Core/Libs/SSD1306_for_STM32_HAL_IAR/src/ssd1306.c.obj
 .debug_macro   0x00000fc8       0x6a CMakeFiles/hw_rgr.dir/Core/Libs/SSD1306_for_STM32_HAL_IAR/src/ssd1306.c.obj
 .debug_macro   0x00001032      0x1df CMakeFiles/hw_rgr.dir/Core/Libs/SSD1306_for_STM32_HAL_IAR/src/ssd1306.c.obj
 .debug_macro   0x00001211      0x221 CMakeFiles/hw_rgr.dir/Core/Libs/SSD1306_for_STM32_HAL_IAR/src/ssd1306.c.obj
 .debug_macro   0x00001432       0x2e CMakeFiles/hw_rgr.dir/Core/Libs/SSD1306_for_STM32_HAL_IAR/src/ssd1306.c.obj
 .debug_macro   0x00001460       0x22 CMakeFiles/hw_rgr.dir/Core/Libs/SSD1306_for_STM32_HAL_IAR/src/ssd1306.c.obj
 .debug_macro   0x00001482       0x1c CMakeFiles/hw_rgr.dir/Core/Libs/SSD1306_for_STM32_HAL_IAR/src/ssd1306.c.obj
 .debug_macro   0x0000149e       0x22 CMakeFiles/hw_rgr.dir/Core/Libs/SSD1306_for_STM32_HAL_IAR/src/ssd1306.c.obj
 .debug_macro   0x000014c0       0xbd CMakeFiles/hw_rgr.dir/Core/Libs/SSD1306_for_STM32_HAL_IAR/src/ssd1306.c.obj
 .debug_macro   0x0000157d      0xd23 CMakeFiles/hw_rgr.dir/Core/Libs/SSD1306_for_STM32_HAL_IAR/src/ssd1306.c.obj
 .debug_macro   0x000022a0     0xe09e CMakeFiles/hw_rgr.dir/Core/Libs/SSD1306_for_STM32_HAL_IAR/src/ssd1306.c.obj
 .debug_macro   0x0001033e       0x6d CMakeFiles/hw_rgr.dir/Core/Libs/SSD1306_for_STM32_HAL_IAR/src/ssd1306.c.obj
 .debug_macro   0x000103ab     0x34a2 CMakeFiles/hw_rgr.dir/Core/Libs/SSD1306_for_STM32_HAL_IAR/src/ssd1306.c.obj
 .debug_macro   0x0001384d      0x1a5 CMakeFiles/hw_rgr.dir/Core/Libs/SSD1306_for_STM32_HAL_IAR/src/ssd1306.c.obj
 .debug_macro   0x000139f2       0x5c CMakeFiles/hw_rgr.dir/Core/Libs/SSD1306_for_STM32_HAL_IAR/src/ssd1306.c.obj
 .debug_macro   0x00013a4e      0x5bc CMakeFiles/hw_rgr.dir/Core/Libs/SSD1306_for_STM32_HAL_IAR/src/ssd1306.c.obj
 .debug_macro   0x0001400a      0x289 CMakeFiles/hw_rgr.dir/Core/Libs/SSD1306_for_STM32_HAL_IAR/src/ssd1306.c.obj
 .debug_macro   0x00014293      0x1cb CMakeFiles/hw_rgr.dir/Core/Libs/SSD1306_for_STM32_HAL_IAR/src/ssd1306.c.obj
 .debug_macro   0x0001445e      0x114 CMakeFiles/hw_rgr.dir/Core/Libs/SSD1306_for_STM32_HAL_IAR/src/ssd1306.c.obj
 .debug_macro   0x00014572      0x1b2 CMakeFiles/hw_rgr.dir/Core/Libs/SSD1306_for_STM32_HAL_IAR/src/ssd1306.c.obj
 .debug_macro   0x00014724       0x27 CMakeFiles/hw_rgr.dir/Core/Libs/SSD1306_for_STM32_HAL_IAR/src/ssd1306.c.obj
 .debug_macro   0x0001474b      0x136 CMakeFiles/hw_rgr.dir/Core/Libs/SSD1306_for_STM32_HAL_IAR/src/ssd1306.c.obj
 .debug_macro   0x00014881      0x1bc CMakeFiles/hw_rgr.dir/Core/Libs/SSD1306_for_STM32_HAL_IAR/src/ssd1306.c.obj
 .debug_macro   0x00014a3d       0x34 CMakeFiles/hw_rgr.dir/Core/Libs/SSD1306_for_STM32_HAL_IAR/src/ssd1306.c.obj
 .debug_macro   0x00014a71       0x3c CMakeFiles/hw_rgr.dir/Core/Libs/SSD1306_for_STM32_HAL_IAR/src/ssd1306.c.obj
 .debug_macro   0x00014aad       0x57 CMakeFiles/hw_rgr.dir/Core/Libs/SSD1306_for_STM32_HAL_IAR/src/ssd1306.c.obj
 .debug_macro   0x00014b04      0x46a CMakeFiles/hw_rgr.dir/Core/Libs/SSD1306_for_STM32_HAL_IAR/src/ssd1306.c.obj
 .debug_macro   0x00014f6e      0x1b5 CMakeFiles/hw_rgr.dir/Core/Libs/SSD1306_for_STM32_HAL_IAR/src/ssd1306.c.obj
 .debug_macro   0x00015123       0x87 CMakeFiles/hw_rgr.dir/Core/Libs/SSD1306_for_STM32_HAL_IAR/src/ssd1306.c.obj
 .debug_macro   0x000151aa      0x240 CMakeFiles/hw_rgr.dir/Core/Libs/SSD1306_for_STM32_HAL_IAR/src/ssd1306.c.obj
 .debug_macro   0x000153ea      0x287 CMakeFiles/hw_rgr.dir/Core/Libs/SSD1306_for_STM32_HAL_IAR/src/ssd1306.c.obj
 .debug_macro   0x00015671      0x140 CMakeFiles/hw_rgr.dir/Core/Libs/SSD1306_for_STM32_HAL_IAR/src/ssd1306.c.obj
 .debug_macro   0x000157b1      0x8ed CMakeFiles/hw_rgr.dir/Core/Libs/SSD1306_for_STM32_HAL_IAR/src/ssd1306.c.obj
 .debug_macro   0x0001609e       0x83 CMakeFiles/hw_rgr.dir/Core/Libs/SSD1306_for_STM32_HAL_IAR/src/ssd1306.c.obj
 .debug_macro   0x00016121       0x1c CMakeFiles/hw_rgr.dir/Core/Libs/SSD1306_for_STM32_HAL_IAR/src/ssd1306.c.obj
 .debug_macro   0x0001613d       0x24 CMakeFiles/hw_rgr.dir/Core/Libs/SSD1306_for_STM32_HAL_IAR/src/ssd1306.c.obj
 .debug_macro   0x00016161       0x7b CMakeFiles/hw_rgr.dir/Core/Libs/SSD1306_for_STM32_HAL_IAR/src/ssd1306.c.obj
 .debug_macro   0x000161dc       0x3c CMakeFiles/hw_rgr.dir/Core/Libs/SSD1306_for_STM32_HAL_IAR/src/ssd1306.c.obj
 .debug_macro   0x00016218       0x34 CMakeFiles/hw_rgr.dir/Core/Libs/SSD1306_for_STM32_HAL_IAR/src/ssd1306.c.obj
 .debug_macro   0x0001624c       0x16 CMakeFiles/hw_rgr.dir/Core/Libs/SSD1306_for_STM32_HAL_IAR/src/ssd1306.c.obj
 .debug_macro   0x00016262       0x4a CMakeFiles/hw_rgr.dir/Core/Libs/SSD1306_for_STM32_HAL_IAR/src/ssd1306.c.obj
 .debug_macro   0x000162ac      0x364 CMakeFiles/hw_rgr.dir/Core/Libs/SSD1306_for_STM32_HAL_IAR/src/ssd1306.c.obj
 .debug_macro   0x00016610       0x16 CMakeFiles/hw_rgr.dir/Core/Libs/SSD1306_for_STM32_HAL_IAR/src/ssd1306.c.obj
 .debug_macro   0x00016626       0x58 CMakeFiles/hw_rgr.dir/Core/Libs/SSD1306_for_STM32_HAL_IAR/src/ssd1306.c.obj
 .debug_macro   0x0001667e       0x34 CMakeFiles/hw_rgr.dir/Core/Libs/SSD1306_for_STM32_HAL_IAR/src/ssd1306.c.obj
 .debug_macro   0x000166b2       0x10 CMakeFiles/hw_rgr.dir/Core/Libs/SSD1306_for_STM32_HAL_IAR/src/ssd1306.c.obj
 .debug_macro   0x000166c2       0x58 CMakeFiles/hw_rgr.dir/Core/Libs/SSD1306_for_STM32_HAL_IAR/src/ssd1306.c.obj
 .debug_macro   0x0001671a      0x1e5 CMakeFiles/hw_rgr.dir/Core/Libs/SSD1306_for_STM32_HAL_IAR/src/ssd1306.c.obj
 .debug_macro   0x000168ff       0x16 CMakeFiles/hw_rgr.dir/Core/Libs/SSD1306_for_STM32_HAL_IAR/src/ssd1306.c.obj
 .debug_macro   0x00016915       0x29 CMakeFiles/hw_rgr.dir/Core/Libs/SSD1306_for_STM32_HAL_IAR/src/ssd1306.c.obj
 .debug_macro   0x0001693e       0x16 CMakeFiles/hw_rgr.dir/Core/Libs/SSD1306_for_STM32_HAL_IAR/src/ssd1306.c.obj
 .debug_macro   0x00016954       0xca CMakeFiles/hw_rgr.dir/Core/Libs/SSD1306_for_STM32_HAL_IAR/src/ssd1306.c.obj
 .debug_macro   0x00016a1e       0x6d CMakeFiles/hw_rgr.dir/Core/Libs/SSD1306_for_STM32_HAL_IAR/src/fonts.c.obj
 .debug_macro   0x00016a8b      0x30e CMakeFiles/hw_rgr.dir/Core/Src/main.c.obj
 .debug_macro   0x00016d99       0x10 CMakeFiles/hw_rgr.dir/Core/Src/main.c.obj
 .debug_macro   0x00016da9       0x1c CMakeFiles/hw_rgr.dir/Core/Src/main.c.obj
 .debug_macro   0x00016dc5       0x10 CMakeFiles/hw_rgr.dir/Core/Src/main.c.obj
 .debug_macro   0x00016dd5       0x1c CMakeFiles/hw_rgr.dir/Core/Src/main.c.obj
 .debug_macro   0x00016df1       0x16 CMakeFiles/hw_rgr.dir/Core/Src/main.c.obj
 .debug_macro   0x00016e07      0x170 CMakeFiles/hw_rgr.dir/Core/Src/main.c.obj
 .debug_macro   0x00016f77      0x1d0 CMakeFiles/hw_rgr.dir/Core/Src/stm32f1xx_it.c.obj
 .debug_macro   0x00017147      0x1c6 CMakeFiles/hw_rgr.dir/Core/Src/stm32f1xx_hal_msp.c.obj
 .debug_macro   0x0001730d      0x1d4 CMakeFiles/hw_rgr.dir/Drivers/STM32F1xx_HAL_Driver/Src/stm32f1xx_hal_adc.c.obj
 .debug_macro   0x000174e1      0x1c9 CMakeFiles/hw_rgr.dir/Drivers/STM32F1xx_HAL_Driver/Src/stm32f1xx_hal_adc_ex.c.obj
 .debug_macro   0x000176aa      0x1db CMakeFiles/hw_rgr.dir/Drivers/STM32F1xx_HAL_Driver/Src/stm32f1xx_hal.c.obj
 .debug_macro   0x00017885      0x1c9 CMakeFiles/hw_rgr.dir/Drivers/STM32F1xx_HAL_Driver/Src/stm32f1xx_hal_rcc.c.obj
 .debug_macro   0x00017a4e      0x1b7 CMakeFiles/hw_rgr.dir/Drivers/STM32F1xx_HAL_Driver/Src/stm32f1xx_hal_rcc_ex.c.obj
 .debug_macro   0x00017c05      0x222 CMakeFiles/hw_rgr.dir/Drivers/STM32F1xx_HAL_Driver/Src/stm32f1xx_hal_gpio.c.obj
 .debug_macro   0x00017e27      0x1b7 CMakeFiles/hw_rgr.dir/Drivers/STM32F1xx_HAL_Driver/Src/stm32f1xx_hal_cortex.c.obj
 .debug_macro   0x00017fde      0x205 CMakeFiles/hw_rgr.dir/Drivers/STM32F1xx_HAL_Driver/Src/stm32f1xx_hal_i2c.c.obj
 .debug_macro   0x000181e3      0x1b8 CMakeFiles/hw_rgr.dir/Drivers/STM32F1xx_HAL_Driver/Src/stm32f1xx_hal_tim.c.obj
 .debug_macro   0x0001839b      0x1b7 CMakeFiles/hw_rgr.dir/Drivers/STM32F1xx_HAL_Driver/Src/stm32f1xx_hal_tim_ex.c.obj
 .debug_macro   0x00018552      0x1b7 CMakeFiles/hw_rgr.dir/Core/Src/system_stm32f1xx.c.obj
 .debug_macro   0x00018709       0xff CMakeFiles/hw_rgr.dir/Core/Src/sysmem.c.obj
 .debug_macro   0x00018808       0x10 CMakeFiles/hw_rgr.dir/Core/Src/sysmem.c.obj
 .debug_macro   0x00018818       0x75 CMakeFiles/hw_rgr.dir/Core/Src/sysmem.c.obj
 .debug_macro   0x0001888d       0x94 CMakeFiles/hw_rgr.dir/Core/Src/sysmem.c.obj
 .debug_macro   0x00018921       0x57 CMakeFiles/hw_rgr.dir/Core/Src/sysmem.c.obj
 .debug_macro   0x00018978      0x23c CMakeFiles/hw_rgr.dir/Core/Src/sysmem.c.obj

.debug_line     0x00000000     0xff56
 .debug_line    0x00000000     0x11c0 CMakeFiles/hw_rgr.dir/Core/Libs/SSD1306_for_STM32_HAL_IAR/src/ssd1306.c.obj
 .debug_line    0x000011c0      0x21f CMakeFiles/hw_rgr.dir/Core/Libs/SSD1306_for_STM32_HAL_IAR/src/fonts.c.obj
 .debug_line    0x000013df      0x9c3 CMakeFiles/hw_rgr.dir/Core/Src/main.c.obj
 .debug_line    0x00001da2      0x62e CMakeFiles/hw_rgr.dir/Core/Src/stm32f1xx_it.c.obj
 .debug_line    0x000023d0      0x65f CMakeFiles/hw_rgr.dir/Core/Src/stm32f1xx_hal_msp.c.obj
 .debug_line    0x00002a2f      0xe3c CMakeFiles/hw_rgr.dir/Drivers/STM32F1xx_HAL_Driver/Src/stm32f1xx_hal_adc.c.obj
 .debug_line    0x0000386b      0xb5e CMakeFiles/hw_rgr.dir/Drivers/STM32F1xx_HAL_Driver/Src/stm32f1xx_hal_adc_ex.c.obj
 .debug_line    0x000043c9      0x817 CMakeFiles/hw_rgr.dir/Drivers/STM32F1xx_HAL_Driver/Src/stm32f1xx_hal.c.obj
 .debug_line    0x00004be0      0xcd0 CMakeFiles/hw_rgr.dir/Drivers/STM32F1xx_HAL_Driver/Src/stm32f1xx_hal_rcc.c.obj
 .debug_line    0x000058b0      0x781 CMakeFiles/hw_rgr.dir/Drivers/STM32F1xx_HAL_Driver/Src/stm32f1xx_hal_rcc_ex.c.obj
 .debug_line    0x00006031      0x874 CMakeFiles/hw_rgr.dir/Drivers/STM32F1xx_HAL_Driver/Src/stm32f1xx_hal_gpio.c.obj
 .debug_line    0x000068a5      0x9e1 CMakeFiles/hw_rgr.dir/Drivers/STM32F1xx_HAL_Driver/Src/stm32f1xx_hal_cortex.c.obj
 .debug_line    0x00007286     0x3a14 CMakeFiles/hw_rgr.dir/Drivers/STM32F1xx_HAL_Driver/Src/stm32f1xx_hal_i2c.c.obj
 .debug_line    0x0000ac9a     0x3305 CMakeFiles/hw_rgr.dir/Drivers/STM32F1xx_HAL_Driver/Src/stm32f1xx_hal_tim.c.obj
 .debug_line    0x0000df9f     0x16db CMakeFiles/hw_rgr.dir/Drivers/STM32F1xx_HAL_Driver/Src/stm32f1xx_hal_tim_ex.c.obj
 .debug_line    0x0000f67a      0x5e6 CMakeFiles/hw_rgr.dir/Core/Src/system_stm32f1xx.c.obj
 .debug_line    0x0000fc60      0x27e CMakeFiles/hw_rgr.dir/Core/Src/sysmem.c.obj
 .debug_line    0x0000fede       0x78 CMakeFiles/hw_rgr.dir/startup_stm32f103xb.s.obj

.debug_str      0x00000000    0x8fe9a
 .debug_str     0x00000000    0x8fe9a CMakeFiles/hw_rgr.dir/Core/Libs/SSD1306_for_STM32_HAL_IAR/src/ssd1306.c.obj
                              0x8b720 (size before relaxing)
 .debug_str     0x0008fe9a     0x3e1c CMakeFiles/hw_rgr.dir/Core/Libs/SSD1306_for_STM32_HAL_IAR/src/fonts.c.obj
 .debug_str     0x0008fe9a    0x8c7de CMakeFiles/hw_rgr.dir/Core/Src/main.c.obj
 .debug_str     0x0008fe9a    0x8823f CMakeFiles/hw_rgr.dir/Core/Src/stm32f1xx_it.c.obj
 .debug_str     0x0008fe9a    0x88b83 CMakeFiles/hw_rgr.dir/Core/Src/stm32f1xx_hal_msp.c.obj
 .debug_str     0x0008fe9a    0x885a7 CMakeFiles/hw_rgr.dir/Drivers/STM32F1xx_HAL_Driver/Src/stm32f1xx_hal_adc.c.obj
 .debug_str     0x0008fe9a    0x88577 CMakeFiles/hw_rgr.dir/Drivers/STM32F1xx_HAL_Driver/Src/stm32f1xx_hal_adc_ex.c.obj
 .debug_str     0x0008fe9a    0x885f6 CMakeFiles/hw_rgr.dir/Drivers/STM32F1xx_HAL_Driver/Src/stm32f1xx_hal.c.obj
 .debug_str     0x0008fe9a    0x882f2 CMakeFiles/hw_rgr.dir/Drivers/STM32F1xx_HAL_Driver/Src/stm32f1xx_hal_rcc.c.obj
 .debug_str     0x0008fe9a    0x88042 CMakeFiles/hw_rgr.dir/Drivers/STM32F1xx_HAL_Driver/Src/stm32f1xx_hal_rcc_ex.c.obj
 .debug_str     0x0008fe9a    0x88249 CMakeFiles/hw_rgr.dir/Drivers/STM32F1xx_HAL_Driver/Src/stm32f1xx_hal_gpio.c.obj
 .debug_str     0x0008fe9a    0x88542 CMakeFiles/hw_rgr.dir/Drivers/STM32F1xx_HAL_Driver/Src/stm32f1xx_hal_cortex.c.obj
 .debug_str     0x0008fe9a    0x88f8a CMakeFiles/hw_rgr.dir/Drivers/STM32F1xx_HAL_Driver/Src/stm32f1xx_hal_i2c.c.obj
 .debug_str     0x0008fe9a    0x892f4 CMakeFiles/hw_rgr.dir/Drivers/STM32F1xx_HAL_Driver/Src/stm32f1xx_hal_tim.c.obj
 .debug_str     0x0008fe9a    0x88b00 CMakeFiles/hw_rgr.dir/Drivers/STM32F1xx_HAL_Driver/Src/stm32f1xx_hal_tim_ex.c.obj
 .debug_str     0x0008fe9a    0x87ec3 CMakeFiles/hw_rgr.dir/Core/Src/system_stm32f1xx.c.obj
 .debug_str     0x0008fe9a     0x7151 CMakeFiles/hw_rgr.dir/Core/Src/sysmem.c.obj
 .debug_str     0x0008fe9a       0x7c CMakeFiles/hw_rgr.dir/startup_stm32f103xb.s.obj

.debug_line_str
                0x00000000      0x137
 .debug_line_str
                0x00000000      0x137 CMakeFiles/hw_rgr.dir/startup_stm32f103xb.s.obj
                                 0x60 (size before relaxing)
 .debug_line_str
                0x00000137       0xca C:/PROGRA~2/ARMGNU~1/14EFD8~1.2RE/bin/../lib/gcc/arm-none-eabi/14.2.1/thumb/v7-m/nofp\libgcc.a(_arm_muldf3.o)
 .debug_line_str
                0x00000137       0xca C:/PROGRA~2/ARMGNU~1/14EFD8~1.2RE/bin/../lib/gcc/arm-none-eabi/14.2.1/thumb/v7-m/nofp\libgcc.a(_arm_addsubdf3.o)
 .debug_line_str
                0x00000137       0xca C:/PROGRA~2/ARMGNU~1/14EFD8~1.2RE/bin/../lib/gcc/arm-none-eabi/14.2.1/thumb/v7-m/nofp\libgcc.a(_arm_truncdfsf2.o)
 .debug_line_str
                0x00000137       0xca C:/PROGRA~2/ARMGNU~1/14EFD8~1.2RE/bin/../lib/gcc/arm-none-eabi/14.2.1/thumb/v7-m/nofp\libgcc.a(_arm_addsubsf3.o)
 .debug_line_str
                0x00000137       0xca C:/PROGRA~2/ARMGNU~1/14EFD8~1.2RE/bin/../lib/gcc/arm-none-eabi/14.2.1/thumb/v7-m/nofp\libgcc.a(_arm_muldivsf3.o)
 .debug_line_str
                0x00000137       0xca C:/PROGRA~2/ARMGNU~1/14EFD8~1.2RE/bin/../lib/gcc/arm-none-eabi/14.2.1/thumb/v7-m/nofp\libgcc.a(_arm_fixsfsi.o)
