Archive member included to satisfy reference by file (symbol)

/usr/lib/gcc/arm-none-eabi/14.2.0/../../../../arm-none-eabi/lib/thumb/v7-m/nofp/libc_nano.a(libc_a-atexit.o)
                              /usr/lib/gcc/arm-none-eabi/14.2.0/../../../../arm-none-eabi/lib/thumb/v7-m/nofp/crt0.o (atexit)
/usr/lib/gcc/arm-none-eabi/14.2.0/../../../../arm-none-eabi/lib/thumb/v7-m/nofp/libc_nano.a(libc_a-exit.o)
                              /usr/lib/gcc/arm-none-eabi/14.2.0/../../../../arm-none-eabi/lib/thumb/v7-m/nofp/crt0.o (exit)
/usr/lib/gcc/arm-none-eabi/14.2.0/../../../../arm-none-eabi/lib/thumb/v7-m/nofp/libc_nano.a(libc_a-findfp.o)
                              /usr/lib/gcc/arm-none-eabi/14.2.0/../../../../arm-none-eabi/lib/thumb/v7-m/nofp/libc_nano.a(libc_a-exit.o) (__stdio_exit_handler)
/usr/lib/gcc/arm-none-eabi/14.2.0/../../../../arm-none-eabi/lib/thumb/v7-m/nofp/libc_nano.a(libc_a-fwalk.o)
                              /usr/lib/gcc/arm-none-eabi/14.2.0/../../../../arm-none-eabi/lib/thumb/v7-m/nofp/libc_nano.a(libc_a-findfp.o) (_fwalk_sglue)
/usr/lib/gcc/arm-none-eabi/14.2.0/../../../../arm-none-eabi/lib/thumb/v7-m/nofp/libc_nano.a(libc_a-stdio.o)
                              /usr/lib/gcc/arm-none-eabi/14.2.0/../../../../arm-none-eabi/lib/thumb/v7-m/nofp/libc_nano.a(libc_a-findfp.o) (__sread)
/usr/lib/gcc/arm-none-eabi/14.2.0/../../../../arm-none-eabi/lib/thumb/v7-m/nofp/libc_nano.a(libc_a-memset.o)
                              /usr/lib/gcc/arm-none-eabi/14.2.0/../../../../arm-none-eabi/lib/thumb/v7-m/nofp/crt0.o (memset)
/usr/lib/gcc/arm-none-eabi/14.2.0/../../../../arm-none-eabi/lib/thumb/v7-m/nofp/libc_nano.a(libc_a-closer.o)
                              /usr/lib/gcc/arm-none-eabi/14.2.0/../../../../arm-none-eabi/lib/thumb/v7-m/nofp/libc_nano.a(libc_a-stdio.o) (_close_r)
/usr/lib/gcc/arm-none-eabi/14.2.0/../../../../arm-none-eabi/lib/thumb/v7-m/nofp/libc_nano.a(libc_a-reent.o)
                              /usr/lib/gcc/arm-none-eabi/14.2.0/../../../../arm-none-eabi/lib/thumb/v7-m/nofp/libc_nano.a(libc_a-closer.o) (errno)
/usr/lib/gcc/arm-none-eabi/14.2.0/../../../../arm-none-eabi/lib/thumb/v7-m/nofp/libc_nano.a(libc_a-impure.o)
                              /usr/lib/gcc/arm-none-eabi/14.2.0/../../../../arm-none-eabi/lib/thumb/v7-m/nofp/libc_nano.a(libc_a-reent.o) (_impure_ptr)
/usr/lib/gcc/arm-none-eabi/14.2.0/../../../../arm-none-eabi/lib/thumb/v7-m/nofp/libc_nano.a(libc_a-lseekr.o)
                              /usr/lib/gcc/arm-none-eabi/14.2.0/../../../../arm-none-eabi/lib/thumb/v7-m/nofp/libc_nano.a(libc_a-stdio.o) (_lseek_r)
/usr/lib/gcc/arm-none-eabi/14.2.0/../../../../arm-none-eabi/lib/thumb/v7-m/nofp/libc_nano.a(libc_a-readr.o)
                              /usr/lib/gcc/arm-none-eabi/14.2.0/../../../../arm-none-eabi/lib/thumb/v7-m/nofp/libc_nano.a(libc_a-stdio.o) (_read_r)
/usr/lib/gcc/arm-none-eabi/14.2.0/../../../../arm-none-eabi/lib/thumb/v7-m/nofp/libc_nano.a(libc_a-writer.o)
                              /usr/lib/gcc/arm-none-eabi/14.2.0/../../../../arm-none-eabi/lib/thumb/v7-m/nofp/libc_nano.a(libc_a-stdio.o) (_write_r)
/usr/lib/gcc/arm-none-eabi/14.2.0/../../../../arm-none-eabi/lib/thumb/v7-m/nofp/libc_nano.a(libc_a-init.o)
                              /usr/lib/gcc/arm-none-eabi/14.2.0/../../../../arm-none-eabi/lib/thumb/v7-m/nofp/crt0.o (__libc_init_array)
/usr/lib/gcc/arm-none-eabi/14.2.0/../../../../arm-none-eabi/lib/thumb/v7-m/nofp/libc_nano.a(libc_a-fini.o)
                              /usr/lib/gcc/arm-none-eabi/14.2.0/../../../../arm-none-eabi/lib/thumb/v7-m/nofp/crt0.o (__libc_fini_array)
/usr/lib/gcc/arm-none-eabi/14.2.0/../../../../arm-none-eabi/lib/thumb/v7-m/nofp/libc_nano.a(libc_a-lock.o)
                              /usr/lib/gcc/arm-none-eabi/14.2.0/../../../../arm-none-eabi/lib/thumb/v7-m/nofp/libc_nano.a(libc_a-findfp.o) (__retarget_lock_init_recursive)
/usr/lib/gcc/arm-none-eabi/14.2.0/../../../../arm-none-eabi/lib/thumb/v7-m/nofp/libc_nano.a(libc_a-__atexit.o)
                              /usr/lib/gcc/arm-none-eabi/14.2.0/../../../../arm-none-eabi/lib/thumb/v7-m/nofp/libc_nano.a(libc_a-atexit.o) (__register_exitproc)
/usr/lib/gcc/arm-none-eabi/14.2.0/../../../../arm-none-eabi/lib/thumb/v7-m/nofp/libc_nano.a(libc_a-__call_atexit.o)
                              /usr/lib/gcc/arm-none-eabi/14.2.0/../../../../arm-none-eabi/lib/thumb/v7-m/nofp/libc_nano.a(libc_a-__atexit.o) (__call_exitprocs)
/usr/lib/gcc/arm-none-eabi/14.2.0/../../../../arm-none-eabi/lib/thumb/v7-m/nofp/libc_nano.a(libc_a-freer.o)
                              /usr/lib/gcc/arm-none-eabi/14.2.0/../../../../arm-none-eabi/lib/thumb/v7-m/nofp/libc_nano.a(libc_a-reent.o) (_free_r)
/usr/lib/gcc/arm-none-eabi/14.2.0/../../../../arm-none-eabi/lib/thumb/v7-m/nofp/libc_nano.a(libc_a-mallocr.o)
                              /usr/lib/gcc/arm-none-eabi/14.2.0/../../../../arm-none-eabi/lib/thumb/v7-m/nofp/libc_nano.a(libc_a-findfp.o) (_malloc_r)
[...]
Memory Configuration

Name             Origin             Length             Attributes
RAM              0x20000000         0x00005000         xrw
FLASH            0x08000000         0x00010000         xr
*default*        0x00000000         0xffffffff

Linker script and memory map

LOAD /usr/lib/gcc/arm-none-eabi/14.2.0/thumb/v7-m/nofp/crti.o
LOAD /usr/lib/gcc/arm-none-eabi/14.2.0/thumb/v7-m/nofp/crtbegin.o
LOAD /usr/lib/gcc/arm-none-eabi/14.2.0/../../../../arm-none-eabi/lib/thumb/v7-m/nofp/crt0.o
START GROUP
LOAD /usr/lib/gcc/arm-none-eabi/14.2.0/../../../../arm-none-eabi/lib/thumb/v7-m/nofp/libc_nano.a
LOAD /usr/lib/gcc/arm-none-eabi/14.2.0/../../../../arm-none-eabi/lib/thumb/v7-m/nofp/libm.a
END GROUP
LOAD CMakeFiles/hw_rgr.dir/Core/Libs/SSD1306_for_STM32_HAL_IAR/src/ssd1306.c.obj
LOAD CMakeFiles/hw_rgr.dir/Core/Libs/SSD1306_for_STM32_HAL_IAR/src/fonts.c.obj
LOAD CMakeFiles/hw_rgr.dir/Core/Src/main.c.obj
LOAD CMakeFiles/hw_rgr.dir/Core/Src/stm32f1xx_it.c.obj
LOAD CMakeFiles/hw_rgr.dir/Core/Src/stm32f1xx_hal_msp.c.obj
LOAD CMakeFiles/hw_rgr.dir/Drivers/STM32F1xx_HAL_Driver/Src/stm32f1xx_hal_gpio_ex.c.obj
LOAD CMakeFiles/hw_rgr.dir/Drivers/STM32F1xx_HAL_Driver/Src/stm32f1xx_hal_adc.c.obj
LOAD CMakeFiles/hw_rgr.dir/Drivers/STM32F1xx_HAL_Driver/Src/stm32f1xx_hal_adc_ex.c.obj
LOAD CMakeFiles/hw_rgr.dir/Drivers/STM32F1xx_HAL_Driver/Src/stm32f1xx_hal.c.obj
LOAD CMakeFiles/hw_rgr.dir/Drivers/STM32F1xx_HAL_Driver/Src/stm32f1xx_hal_rcc.c.obj
LOAD CMakeFiles/hw_rgr.dir/Drivers/STM32F1xx_HAL_Driver/Src/stm32f1xx_hal_rcc_ex.c.obj
LOAD CMakeFiles/hw_rgr.dir/Drivers/STM32F1xx_HAL_Driver/Src/stm32f1xx_hal_gpio.c.obj
LOAD CMakeFiles/hw_rgr.dir/Drivers/STM32F1xx_HAL_Driver/Src/stm32f1xx_hal_dma.c.obj
LOAD CMakeFiles/hw_rgr.dir/Drivers/STM32F1xx_HAL_Driver/Src/stm32f1xx_hal_cortex.c.obj
LOAD CMakeFiles/hw_rgr.dir/Drivers/STM32F1xx_HAL_Driver/Src/stm32f1xx_hal_pwr.c.obj
LOAD CMakeFiles/hw_rgr.dir/Drivers/STM32F1xx_HAL_Driver/Src/stm32f1xx_hal_flash.c.obj
LOAD CMakeFiles/hw_rgr.dir/Drivers/STM32F1xx_HAL_Driver/Src/stm32f1xx_hal_flash_ex.c.obj
LOAD CMakeFiles/hw_rgr.dir/Drivers/STM32F1xx_HAL_Driver/Src/stm32f1xx_hal_exti.c.obj
LOAD CMakeFiles/hw_rgr.dir/Drivers/STM32F1xx_HAL_Driver/Src/stm32f1xx_hal_i2c.c.obj
LOAD CMakeFiles/hw_rgr.dir/Drivers/STM32F1xx_HAL_Driver/Src/stm32f1xx_hal_tim.c.obj
LOAD CMakeFiles/hw_rgr.dir/Drivers/STM32F1xx_HAL_Driver/Src/stm32f1xx_hal_tim_ex.c.obj
LOAD CMakeFiles/hw_rgr.dir/Core/Src/system_stm32f1xx.c.obj
LOAD CMakeFiles/hw_rgr.dir/Core/Src/sysmem.c.obj
LOAD CMakeFiles/hw_rgr.dir/Core/Src/syscalls.c.obj
LOAD CMakeFiles/hw_rgr.dir/startup_stm32f103xb.s.obj
START GROUP
LOAD /usr/lib/gcc/arm-none-eabi/14.2.0/thumb/v7-m/nofp/libgcc.a
LOAD /usr/lib/gcc/arm-none-eabi/14.2.0/../../../../arm-none-eabi/lib/thumb/v7-m/nofp/libg_nano.a
LOAD /usr/lib/gcc/arm-none-eabi/14.2.0/../../../../arm-none-eabi/lib/thumb/v7-m/nofp/libc_nano.a
END GROUP
START GROUP
LOAD /usr/lib/gcc/arm-none-eabi/14.2.0/thumb/v7-m/nofp/libgcc.a
LOAD /usr/lib/gcc/arm-none-eabi/14.2.0/../../../../arm-none-eabi/lib/thumb/v7-m/nofp/libc_nano.a
END GROUP
LOAD /usr/lib/gcc/arm-none-eabi/14.2.0/thumb/v7-m/nofp/crtend.o
LOAD /usr/lib/gcc/arm-none-eabi/14.2.0/thumb/v7-m/nofp/crtn.o
                0x20005000                        _estack = (ORIGIN (RAM) + LENGTH (RAM))
                0x00000200                        _Min_Heap_Size = 0x200
                0x00000400                        _Min_Stack_Size = 0x400

.isr_vector     0x08000000      0x10c
                0x08000000                        . = ALIGN (0x4)
 *(.isr_vector)
 .isr_vector    0x08000000      0x10c CMakeFiles/hw_rgr.dir/startup_stm32f103xb.s.obj
                0x08000000                g_pfnVectors
                0x0800010c                        . = ALIGN (0x4)

.text           0x08000110     0x531c
                0x08000110                        . = ALIGN (0x4)
 *(.text)
 .text          0x08000110      0x254 /usr/lib/gcc/arm-none-eabi/14.2.0/thumb/v7-m/nofp/libgcc.a(_arm_muldf3.o)
                0x08000110                __aeabi_dmul
                0x08000110                __muldf3
 .text          0x08000364      0x378 /usr/lib/gcc/arm-none-eabi/14.2.0/thumb/v7-m/nofp/libgcc.a(_arm_addsubdf3.o)
                0x08000364                __aeabi_drsub
                0x0800036c                __aeabi_dsub
                0x0800036c                __subdf3
                0x08000370                __adddf3
                0x08000370                __aeabi_dadd
                0x080005e8                __aeabi_ui2d
                0x080005e8                __floatunsidf
                0x08000608                __floatsidf
                0x08000608                __aeabi_i2d
                0x0800062c                __extendsfdf2
                0x0800062c                __aeabi_f2d
                0x08000670                __aeabi_ul2d
                0x08000670                __floatundidf
                0x08000680                __floatdidf
                0x08000680                __aeabi_l2d
 .text          0x080006dc       0xa0 /usr/lib/gcc/arm-none-eabi/14.2.0/thumb/v7-m/nofp/libgcc.a(_arm_truncdfsf2.o)
                0x080006dc                __aeabi_d2f
                0x080006dc                __truncdfsf2
 .text          0x0800077c      0x21c /usr/lib/gcc/arm-none-eabi/14.2.0/thumb/v7-m/nofp/libgcc.a(_arm_addsubsf3.o)
                0x0800077c                __aeabi_frsub
                0x08000784                __subsf3
                0x08000784                __aeabi_fsub
                0x08000788                __aeabi_fadd
                0x08000788                __addsf3
                0x080008e8                __aeabi_ui2f
                0x080008e8                __floatunsisf
                0x080008f0                __aeabi_i2f
                0x080008f0                __floatsisf
                0x0800090c                __floatundisf
                0x0800090c                __aeabi_ul2f
                0x0800091c                __floatdisf
                0x0800091c                __aeabi_l2f
 .text          0x08000998      0x2a0 /usr/lib/gcc/arm-none-eabi/14.2.0/thumb/v7-m/nofp/libgcc.a(_arm_muldivsf3.o)
                0x08000998                __mulsf3
                0x08000998                __aeabi_fmul
                0x08000b00                __divsf3
                0x08000b00                __aeabi_fdiv
 .text          0x08000c38       0x4c /usr/lib/gcc/arm-none-eabi/14.2.0/thumb/v7-m/nofp/libgcc.a(_arm_fixsfsi.o)
                0x08000c38                __fixsfsi
                0x08000c38                __aeabi_f2iz
 *(.text*)
 .text.__do_global_dtors_aux
                0x08000c84       0x24 /usr/lib/gcc/arm-none-eabi/14.2.0/thumb/v7-m/nofp/crtbegin.o
 .text.frame_dummy
                0x08000ca8       0x1c /usr/lib/gcc/arm-none-eabi/14.2.0/thumb/v7-m/nofp/crtbegin.o
 .text.memset   0x08000cc4       0x10 /usr/lib/gcc/arm-none-eabi/14.2.0/../../../../arm-none-eabi/lib/thumb/v7-m/nofp/libc_nano.a(libc_a-memset.o)
                0x08000cc4                memset
 .text.__libc_init_array
                0x08000cd4       0x48 /usr/lib/gcc/arm-none-eabi/14.2.0/../../../../arm-none-eabi/lib/thumb/v7-m/nofp/libc_nano.a(libc_a-init.o)
                0x08000cd4                __libc_init_array
 .text.__retarget_lock_acquire_recursive
                0x08000d1c        0x2 /usr/lib/gcc/arm-none-eabi/14.2.0/../../../../arm-none-eabi/lib/thumb/v7-m/nofp/libc_nano.a(libc_a-lock.o)
                0x08000d1c                __retarget_lock_acquire_recursive
 .text.__retarget_lock_release_recursive
                0x08000d1e        0x2 /usr/lib/gcc/arm-none-eabi/14.2.0/../../../../arm-none-eabi/lib/thumb/v7-m/nofp/libc_nano.a(libc_a-lock.o)
                0x08000d1e                __retarget_lock_release_recursive
 .text._free_r  0x08000d20       0x90 /usr/lib/gcc/arm-none-eabi/14.2.0/../../../../arm-none-eabi/lib/thumb/v7-m/nofp/libc_nano.a(libc_a-freer.o)
                0x08000d20                _free_r
 .text.sbrk_aligned
                0x08000db0       0x44 /usr/lib/gcc/arm-none-eabi/14.2.0/../../../../arm-none-eabi/lib/thumb/v7-m/nofp/libc_nano.a(libc_a-mallocr.o)
 .text._malloc_r
                0x08000df4      0x100 /usr/lib/gcc/arm-none-eabi/14.2.0/../../../../arm-none-eabi/lib/thumb/v7-m/nofp/libc_nano.a(libc_a-mallocr.o)
                0x08000df4                _malloc_r
 .text.__malloc_lock
                0x08000ef4        0xc /usr/lib/gcc/arm-none-eabi/14.2.0/../../../../arm-none-eabi/lib/thumb/v7-m/nofp/libc_nano.a(libc_a-mlock.o)
                0x08000ef4                __malloc_lock
 .text.__malloc_unlock
                0x08000f00        0xc /usr/lib/gcc/arm-none-eabi/14.2.0/../../../../arm-none-eabi/lib/thumb/v7-m/nofp/libc_nano.a(libc_a-mlock.o)
                0x08000f00                __malloc_unlock
 .text._sbrk_r  0x08000f0c       0x20 /usr/lib/gcc/arm-none-eabi/14.2.0/../../../../arm-none-eabi/lib/thumb/v7-m/nofp/libc_nano.a(libc_a-sbrkr.o)
                0x08000f0c                _sbrk_r
 .text.width    0x08000f2c        0xe CMakeFiles/hw_rgr.dir/Core/Libs/SSD1306_for_STM32_HAL_IAR/src/ssd1306.c.obj
 .text.height   0x08000f3a        0xe CMakeFiles/hw_rgr.dir/Core/Libs/SSD1306_for_STM32_HAL_IAR/src/ssd1306.c.obj
 .text.ssd1306_GetWidth
                0x08000f48        0xe CMakeFiles/hw_rgr.dir/Core/Libs/SSD1306_for_STM32_HAL_IAR/src/ssd1306.c.obj
                0x08000f48                ssd1306_GetWidth
 .text.ssd1306_GetHeight
                0x08000f56        0xe CMakeFiles/hw_rgr.dir/Core/Libs/SSD1306_for_STM32_HAL_IAR/src/ssd1306.c.obj
                0x08000f56                ssd1306_GetHeight
 .text.ssd1306_SetColor
                0x08000f64       0x20 CMakeFiles/hw_rgr.dir/Core/Libs/SSD1306_for_STM32_HAL_IAR/src/ssd1306.c.obj
                0x08000f64                ssd1306_SetColor
 .text.ssd1306_Init
                0x08000f84      0x134 CMakeFiles/hw_rgr.dir/Core/Libs/SSD1306_for_STM32_HAL_IAR/src/ssd1306.c.obj
                0x08000f84                ssd1306_Init
 .text.ssd1306_UpdateScreen
                0x080010b8       0x54 CMakeFiles/hw_rgr.dir/Core/Libs/SSD1306_for_STM32_HAL_IAR/src/ssd1306.c.obj
                0x080010b8                ssd1306_UpdateScreen
 .text.ssd1306_DrawPixel
                0x0800110c       0xec CMakeFiles/hw_rgr.dir/Core/Libs/SSD1306_for_STM32_HAL_IAR/src/ssd1306.c.obj
                0x0800110c                ssd1306_DrawPixel
 .text.ssd1306_WriteChar
                0x080011f8      0x120 CMakeFiles/hw_rgr.dir/Core/Libs/SSD1306_for_STM32_HAL_IAR/src/ssd1306.c.obj
                0x080011f8                ssd1306_WriteChar
 .text.ssd1306_WriteString
                0x08001318       0x4a CMakeFiles/hw_rgr.dir/Core/Libs/SSD1306_for_STM32_HAL_IAR/src/ssd1306.c.obj
                0x08001318                ssd1306_WriteString
 *fill*         0x08001362        0x2 
 .text.ssd1306_SetCursor
                0x08001364       0x30 CMakeFiles/hw_rgr.dir/Core/Libs/SSD1306_for_STM32_HAL_IAR/src/ssd1306.c.obj
                0x08001364                ssd1306_SetCursor
 .text.ssd1306_FlipScreenVertically
                0x08001394       0x14 CMakeFiles/hw_rgr.dir/Core/Libs/SSD1306_for_STM32_HAL_IAR/src/ssd1306.c.obj
                0x08001394                ssd1306_FlipScreenVertically
 .text.ssd1306_Clear
                0x080013a8       0x18 CMakeFiles/hw_rgr.dir/Core/Libs/SSD1306_for_STM32_HAL_IAR/src/ssd1306.c.obj
                0x080013a8                ssd1306_Clear
 .text.ssd1306_WriteCommand
                0x080013c0       0x30 CMakeFiles/hw_rgr.dir/Core/Libs/SSD1306_for_STM32_HAL_IAR/src/ssd1306.c.obj
 .text.ssd1306_WriteData
                0x080013f0       0x30 CMakeFiles/hw_rgr.dir/Core/Libs/SSD1306_for_STM32_HAL_IAR/src/ssd1306.c.obj
 .text.main     0x08001420       0x68 CMakeFiles/hw_rgr.dir/Core/Src/main.c.obj
                0x08001420                main
 .text.SystemClock_Config
                0x08001488       0xb8 CMakeFiles/hw_rgr.dir/Core/Src/main.c.obj
                0x08001488                SystemClock_Config
 .text.MX_ADC1_Init
                0x08001540       0xc0 CMakeFiles/hw_rgr.dir/Core/Src/main.c.obj
 .text.MX_I2C1_Init
                0x08001600       0x5c CMakeFiles/hw_rgr.dir/Core/Src/main.c.obj
 .text.MX_TIM4_Init
                0x0800165c       0xb4 CMakeFiles/hw_rgr.dir/Core/Src/main.c.obj
 .text.MX_GPIO_Init
                0x08001710       0xcc CMakeFiles/hw_rgr.dir/Core/Src/main.c.obj
 .text.HAL_ADC_LevelOutOfWindowCallback
                0x080017dc       0x38 CMakeFiles/hw_rgr.dir/Core/Src/main.c.obj
                0x080017dc                HAL_ADC_LevelOutOfWindowCallback
 *fill*         0x08001814        0x4 
 .text.measure_capacitance
                0x08001818      0x198 CMakeFiles/hw_rgr.dir/Core/Src/main.c.obj
                0x08001818                measure_capacitance
 .text.Error_Handler
                0x080019b0       0x30 CMakeFiles/hw_rgr.dir/Core/Src/main.c.obj
                0x080019b0                Error_Handler
 .text.NMI_Handler
                0x080019e0        0x8 CMakeFiles/hw_rgr.dir/Core/Src/stm32f1xx_it.c.obj
                0x080019e0                NMI_Handler
 .text.HardFault_Handler
                0x080019e8        0x8 CMakeFiles/hw_rgr.dir/Core/Src/stm32f1xx_it.c.obj
                0x080019e8                HardFault_Handler
 .text.MemManage_Handler
                0x080019f0        0x8 CMakeFiles/hw_rgr.dir/Core/Src/stm32f1xx_it.c.obj
                0x080019f0                MemManage_Handler
 .text.BusFault_Handler
                0x080019f8        0x8 CMakeFiles/hw_rgr.dir/Core/Src/stm32f1xx_it.c.obj
                0x080019f8                BusFault_Handler
 .text.UsageFault_Handler
                0x08001a00        0x8 CMakeFiles/hw_rgr.dir/Core/Src/stm32f1xx_it.c.obj
                0x08001a00                UsageFault_Handler
 .text.SVC_Handler
                0x08001a08        0xc CMakeFiles/hw_rgr.dir/Core/Src/stm32f1xx_it.c.obj
                0x08001a08                SVC_Handler
 .text.DebugMon_Handler
                0x08001a14        0xc CMakeFiles/hw_rgr.dir/Core/Src/stm32f1xx_it.c.obj
                0x08001a14                DebugMon_Handler
 .text.PendSV_Handler
                0x08001a20        0xc CMakeFiles/hw_rgr.dir/Core/Src/stm32f1xx_it.c.obj
                0x08001a20                PendSV_Handler
 .text.SysTick_Handler
                0x08001a2c        0xc CMakeFiles/hw_rgr.dir/Core/Src/stm32f1xx_it.c.obj
                0x08001a2c                SysTick_Handler
 .text.ADC1_2_IRQHandler
                0x08001a38       0x14 CMakeFiles/hw_rgr.dir/Core/Src/stm32f1xx_it.c.obj
                0x08001a38                ADC1_2_IRQHandler
 .text.HAL_MspInit
                0x08001a4c       0x64 CMakeFiles/hw_rgr.dir/Core/Src/stm32f1xx_hal_msp.c.obj
                0x08001a4c                HAL_MspInit
 .text.HAL_ADC_MspInit
                0x08001ab0       0x88 CMakeFiles/hw_rgr.dir/Core/Src/stm32f1xx_hal_msp.c.obj
                0x08001ab0                HAL_ADC_MspInit
 .text.HAL_I2C_MspInit
                0x08001b38       0x7c CMakeFiles/hw_rgr.dir/Core/Src/stm32f1xx_hal_msp.c.obj
                0x08001b38                HAL_I2C_MspInit
 .text.HAL_TIM_PWM_MspInit
                0x08001bb4       0x3c CMakeFiles/hw_rgr.dir/Core/Src/stm32f1xx_hal_msp.c.obj
                0x08001bb4                HAL_TIM_PWM_MspInit
 .text.HAL_TIM_MspPostInit
                0x08001bf0       0x68 CMakeFiles/hw_rgr.dir/Core/Src/stm32f1xx_hal_msp.c.obj
                0x08001bf0                HAL_TIM_MspPostInit
 .text.HAL_ADC_Init
                0x08001c58      0x1b0 CMakeFiles/hw_rgr.dir/Drivers/STM32F1xx_HAL_Driver/Src/stm32f1xx_hal_adc.c.obj
                0x08001c58                HAL_ADC_Init
 .text.HAL_ADC_Start
                0x08001e08      0x15c CMakeFiles/hw_rgr.dir/Drivers/STM32F1xx_HAL_Driver/Src/stm32f1xx_hal_adc.c.obj
                0x08001e08                HAL_ADC_Start
 .text.HAL_ADC_Stop
                0x08001f64       0x58 CMakeFiles/hw_rgr.dir/Drivers/STM32F1xx_HAL_Driver/Src/stm32f1xx_hal_adc.c.obj
                0x08001f64                HAL_ADC_Stop
 .text.HAL_ADC_IRQHandler
                0x08001fbc      0x17e CMakeFiles/hw_rgr.dir/Drivers/STM32F1xx_HAL_Driver/Src/stm32f1xx_hal_adc.c.obj
                0x08001fbc                HAL_ADC_IRQHandler
 .text.HAL_ADC_ConvCpltCallback
                0x0800213a       0x12 CMakeFiles/hw_rgr.dir/Drivers/STM32F1xx_HAL_Driver/Src/stm32f1xx_hal_adc.c.obj
                0x0800213a                HAL_ADC_ConvCpltCallback
 .text.HAL_ADC_ConfigChannel
                0x0800214c      0x1f0 CMakeFiles/hw_rgr.dir/Drivers/STM32F1xx_HAL_Driver/Src/stm32f1xx_hal_adc.c.obj
                0x0800214c                HAL_ADC_ConfigChannel
 .text.HAL_ADC_AnalogWDGConfig
                0x0800233c       0xac CMakeFiles/hw_rgr.dir/Drivers/STM32F1xx_HAL_Driver/Src/stm32f1xx_hal_adc.c.obj
                0x0800233c                HAL_ADC_AnalogWDGConfig
 .text.ADC_Enable
                0x080023e8       0xb4 CMakeFiles/hw_rgr.dir/Drivers/STM32F1xx_HAL_Driver/Src/stm32f1xx_hal_adc.c.obj
                0x080023e8                ADC_Enable
 .text.ADC_ConversionStop_Disable
                0x0800249c       0x82 CMakeFiles/hw_rgr.dir/Drivers/STM32F1xx_HAL_Driver/Src/stm32f1xx_hal_adc.c.obj
                0x0800249c                ADC_ConversionStop_Disable
 .text.HAL_ADCEx_InjectedConvCpltCallback
                0x0800251e       0x12 CMakeFiles/hw_rgr.dir/Drivers/STM32F1xx_HAL_Driver/Src/stm32f1xx_hal_adc_ex.c.obj
                0x0800251e                HAL_ADCEx_InjectedConvCpltCallback
 .text.HAL_Init
                0x08002530       0x2c CMakeFiles/hw_rgr.dir/Drivers/STM32F1xx_HAL_Driver/Src/stm32f1xx_hal.c.obj
                0x08002530                HAL_Init
 .text.HAL_InitTick
                0x0800255c       0x60 CMakeFiles/hw_rgr.dir/Drivers/STM32F1xx_HAL_Driver/Src/stm32f1xx_hal.c.obj
                0x0800255c                HAL_InitTick
 .text.HAL_IncTick
                0x080025bc       0x24 CMakeFiles/hw_rgr.dir/Drivers/STM32F1xx_HAL_Driver/Src/stm32f1xx_hal.c.obj
                0x080025bc                HAL_IncTick
 .text.HAL_GetTick
                0x080025e0       0x14 CMakeFiles/hw_rgr.dir/Drivers/STM32F1xx_HAL_Driver/Src/stm32f1xx_hal.c.obj
                0x080025e0                HAL_GetTick
 .text.HAL_Delay
                0x080025f4       0x48 CMakeFiles/hw_rgr.dir/Drivers/STM32F1xx_HAL_Driver/Src/stm32f1xx_hal.c.obj
                0x080025f4                HAL_Delay
 .text.HAL_RCC_OscConfig
                0x0800263c      0x504 CMakeFiles/hw_rgr.dir/Drivers/STM32F1xx_HAL_Driver/Src/stm32f1xx_hal_rcc.c.obj
                0x0800263c                HAL_RCC_OscConfig
 .text.HAL_RCC_ClockConfig
                0x08002b40      0x1d4 CMakeFiles/hw_rgr.dir/Drivers/STM32F1xx_HAL_Driver/Src/stm32f1xx_hal_rcc.c.obj
                0x08002b40                HAL_RCC_ClockConfig
 .text.HAL_RCC_GetSysClockFreq
                0x08002d14       0xa8 CMakeFiles/hw_rgr.dir/Drivers/STM32F1xx_HAL_Driver/Src/stm32f1xx_hal_rcc.c.obj
                0x08002d14                HAL_RCC_GetSysClockFreq
 .text.HAL_RCC_GetHCLKFreq
                0x08002dbc       0x14 CMakeFiles/hw_rgr.dir/Drivers/STM32F1xx_HAL_Driver/Src/stm32f1xx_hal_rcc.c.obj
                0x08002dbc                HAL_RCC_GetHCLKFreq
 .text.HAL_RCC_GetPCLK1Freq
                0x08002dd0       0x28 CMakeFiles/hw_rgr.dir/Drivers/STM32F1xx_HAL_Driver/Src/stm32f1xx_hal_rcc.c.obj
                0x08002dd0                HAL_RCC_GetPCLK1Freq
 .text.RCC_Delay
                0x08002df8       0x3c CMakeFiles/hw_rgr.dir/Drivers/STM32F1xx_HAL_Driver/Src/stm32f1xx_hal_rcc.c.obj
 .text.HAL_RCCEx_PeriphCLKConfig
                0x08002e34      0x16c CMakeFiles/hw_rgr.dir/Drivers/STM32F1xx_HAL_Driver/Src/stm32f1xx_hal_rcc_ex.c.obj
                0x08002e34                HAL_RCCEx_PeriphCLKConfig
 .text.HAL_GPIO_Init
                0x08002fa0      0x308 CMakeFiles/hw_rgr.dir/Drivers/STM32F1xx_HAL_Driver/Src/stm32f1xx_hal_gpio.c.obj
                0x08002fa0                HAL_GPIO_Init
 .text.HAL_GPIO_WritePin
                0x080032a8       0x30 CMakeFiles/hw_rgr.dir/Drivers/STM32F1xx_HAL_Driver/Src/stm32f1xx_hal_gpio.c.obj
                0x080032a8                HAL_GPIO_WritePin
 .text.HAL_GPIO_TogglePin
                0x080032d8       0x32 CMakeFiles/hw_rgr.dir/Drivers/STM32F1xx_HAL_Driver/Src/stm32f1xx_hal_gpio.c.obj
                0x080032d8                HAL_GPIO_TogglePin
 *fill*         0x0800330a        0x2 
 .text.__NVIC_SetPriorityGrouping
                0x0800330c       0x48 CMakeFiles/hw_rgr.dir/Drivers/STM32F1xx_HAL_Driver/Src/stm32f1xx_hal_cortex.c.obj
 .text.__NVIC_GetPriorityGrouping
                0x08003354       0x1c CMakeFiles/hw_rgr.dir/Drivers/STM32F1xx_HAL_Driver/Src/stm32f1xx_hal_cortex.c.obj
 .text.__NVIC_EnableIRQ
                0x08003370       0x38 CMakeFiles/hw_rgr.dir/Drivers/STM32F1xx_HAL_Driver/Src/stm32f1xx_hal_cortex.c.obj
 .text.__NVIC_DisableIRQ
                0x080033a8       0x48 CMakeFiles/hw_rgr.dir/Drivers/STM32F1xx_HAL_Driver/Src/stm32f1xx_hal_cortex.c.obj
 .text.__NVIC_SetPriority
                0x080033f0       0x54 CMakeFiles/hw_rgr.dir/Drivers/STM32F1xx_HAL_Driver/Src/stm32f1xx_hal_cortex.c.obj
 .text.NVIC_EncodePriority
                0x08003444       0x64 CMakeFiles/hw_rgr.dir/Drivers/STM32F1xx_HAL_Driver/Src/stm32f1xx_hal_cortex.c.obj
 .text.SysTick_Config
                0x080034a8       0x44 CMakeFiles/hw_rgr.dir/Drivers/STM32F1xx_HAL_Driver/Src/stm32f1xx_hal_cortex.c.obj
 .text.HAL_NVIC_SetPriorityGrouping
                0x080034ec       0x16 CMakeFiles/hw_rgr.dir/Drivers/STM32F1xx_HAL_Driver/Src/stm32f1xx_hal_cortex.c.obj
                0x080034ec                HAL_NVIC_SetPriorityGrouping
 .text.HAL_NVIC_SetPriority
                0x08003502       0x38 CMakeFiles/hw_rgr.dir/Drivers/STM32F1xx_HAL_Driver/Src/stm32f1xx_hal_cortex.c.obj
                0x08003502                HAL_NVIC_SetPriority
 .text.HAL_NVIC_EnableIRQ
                0x0800353a       0x1c CMakeFiles/hw_rgr.dir/Drivers/STM32F1xx_HAL_Driver/Src/stm32f1xx_hal_cortex.c.obj
                0x0800353a                HAL_NVIC_EnableIRQ
 .text.HAL_NVIC_DisableIRQ
                0x08003556       0x1c CMakeFiles/hw_rgr.dir/Drivers/STM32F1xx_HAL_Driver/Src/stm32f1xx_hal_cortex.c.obj
                0x08003556                HAL_NVIC_DisableIRQ
 .text.HAL_SYSTICK_Config
                0x08003572       0x18 CMakeFiles/hw_rgr.dir/Drivers/STM32F1xx_HAL_Driver/Src/stm32f1xx_hal_cortex.c.obj
                0x08003572                HAL_SYSTICK_Config
 *fill*         0x0800358a        0x2 
 .text.HAL_I2C_Init
                0x0800358c      0x288 CMakeFiles/hw_rgr.dir/Drivers/STM32F1xx_HAL_Driver/Src/stm32f1xx_hal_i2c.c.obj
                0x0800358c                HAL_I2C_Init
 .text.HAL_I2C_Mem_Write
                0x08003814      0x1f4 CMakeFiles/hw_rgr.dir/Drivers/STM32F1xx_HAL_Driver/Src/stm32f1xx_hal_i2c.c.obj
                0x08003814                HAL_I2C_Mem_Write
 .text.HAL_I2C_IsDeviceReady
                0x08003a08      0x25c CMakeFiles/hw_rgr.dir/Drivers/STM32F1xx_HAL_Driver/Src/stm32f1xx_hal_i2c.c.obj
                0x08003a08                HAL_I2C_IsDeviceReady
 .text.I2C_RequestMemoryWrite
                0x08003c64      0x12c CMakeFiles/hw_rgr.dir/Drivers/STM32F1xx_HAL_Driver/Src/stm32f1xx_hal_i2c.c.obj
 .text.I2C_WaitOnFlagUntilTimeout
                0x08003d90       0xf4 CMakeFiles/hw_rgr.dir/Drivers/STM32F1xx_HAL_Driver/Src/stm32f1xx_hal_i2c.c.obj
 .text.I2C_WaitOnMasterAddressFlagUntilTimeout
                0x08003e84      0x140 CMakeFiles/hw_rgr.dir/Drivers/STM32F1xx_HAL_Driver/Src/stm32f1xx_hal_i2c.c.obj
 .text.I2C_WaitOnTXEFlagUntilTimeout
                0x08003fc4       0x90 CMakeFiles/hw_rgr.dir/Drivers/STM32F1xx_HAL_Driver/Src/stm32f1xx_hal_i2c.c.obj
 .text.I2C_WaitOnBTFFlagUntilTimeout
                0x08004054       0x90 CMakeFiles/hw_rgr.dir/Drivers/STM32F1xx_HAL_Driver/Src/stm32f1xx_hal_i2c.c.obj
 .text.I2C_IsAcknowledgeFailed
                0x080040e4       0x5c CMakeFiles/hw_rgr.dir/Drivers/STM32F1xx_HAL_Driver/Src/stm32f1xx_hal_i2c.c.obj
 .text.HAL_TIM_Base_Start
                0x08004140       0x94 CMakeFiles/hw_rgr.dir/Drivers/STM32F1xx_HAL_Driver/Src/stm32f1xx_hal_tim.c.obj
                0x08004140                HAL_TIM_Base_Start
 .text.HAL_TIM_Base_Stop
                0x080041d4       0x4c CMakeFiles/hw_rgr.dir/Drivers/STM32F1xx_HAL_Driver/Src/stm32f1xx_hal_tim.c.obj
                0x080041d4                HAL_TIM_Base_Stop
 .text.HAL_TIM_PWM_Init
                0x08004220       0x9e CMakeFiles/hw_rgr.dir/Drivers/STM32F1xx_HAL_Driver/Src/stm32f1xx_hal_tim.c.obj
                0x08004220                HAL_TIM_PWM_Init
 *fill*         0x080042be        0x2 
 .text.HAL_TIM_IC_Start
                0x080042c0      0x180 CMakeFiles/hw_rgr.dir/Drivers/STM32F1xx_HAL_Driver/Src/stm32f1xx_hal_tim.c.obj
                0x080042c0                HAL_TIM_IC_Start
 .text.HAL_TIM_IC_Stop
                0x08004440       0xc2 CMakeFiles/hw_rgr.dir/Drivers/STM32F1xx_HAL_Driver/Src/stm32f1xx_hal_tim.c.obj
                0x08004440                HAL_TIM_IC_Stop
 *fill*         0x08004502        0x2 
 .text.HAL_TIM_OnePulse_Start
                0x08004504       0xac CMakeFiles/hw_rgr.dir/Drivers/STM32F1xx_HAL_Driver/Src/stm32f1xx_hal_tim.c.obj
                0x08004504                HAL_TIM_OnePulse_Start
 .text.HAL_TIM_PWM_ConfigChannel
                0x080045b0      0x184 CMakeFiles/hw_rgr.dir/Drivers/STM32F1xx_HAL_Driver/Src/stm32f1xx_hal_tim.c.obj
                0x080045b0                HAL_TIM_PWM_ConfigChannel
 .text.TIM_Base_SetConfig
                0x08004734       0xdc CMakeFiles/hw_rgr.dir/Drivers/STM32F1xx_HAL_Driver/Src/stm32f1xx_hal_tim.c.obj
                0x08004734                TIM_Base_SetConfig
 .text.TIM_OC1_SetConfig
                0x08004810       0xcc CMakeFiles/hw_rgr.dir/Drivers/STM32F1xx_HAL_Driver/Src/stm32f1xx_hal_tim.c.obj
 .text.TIM_OC2_SetConfig
                0x080048dc       0xd4 CMakeFiles/hw_rgr.dir/Drivers/STM32F1xx_HAL_Driver/Src/stm32f1xx_hal_tim.c.obj
                0x080048dc                TIM_OC2_SetConfig
 .text.TIM_OC3_SetConfig
                0x080049b0       0xd4 CMakeFiles/hw_rgr.dir/Drivers/STM32F1xx_HAL_Driver/Src/stm32f1xx_hal_tim.c.obj
 .text.TIM_OC4_SetConfig
                0x08004a84       0x9c CMakeFiles/hw_rgr.dir/Drivers/STM32F1xx_HAL_Driver/Src/stm32f1xx_hal_tim.c.obj
 .text.TIM_CCxChannelCmd
                0x08004b20       0x48 CMakeFiles/hw_rgr.dir/Drivers/STM32F1xx_HAL_Driver/Src/stm32f1xx_hal_tim.c.obj
                0x08004b20                TIM_CCxChannelCmd
 .text.HAL_TIMEx_MasterConfigSynchronization
                0x08004b68       0xbc CMakeFiles/hw_rgr.dir/Drivers/STM32F1xx_HAL_Driver/Src/stm32f1xx_hal_tim_ex.c.obj
                0x08004b68                HAL_TIMEx_MasterConfigSynchronization
 .text.SystemInit
                0x08004c24        0xc CMakeFiles/hw_rgr.dir/Core/Src/system_stm32f1xx.c.obj
                0x08004c24                SystemInit
 .text._sbrk    0x08004c30       0x6c CMakeFiles/hw_rgr.dir/Core/Src/sysmem.c.obj
                0x08004c30                _sbrk
 .text.Reset_Handler
                0x08004c9c       0x48 CMakeFiles/hw_rgr.dir/startup_stm32f103xb.s.obj
                0x08004c9c                Reset_Handler
 .text.Default_Handler
                0x08004ce4        0x2 CMakeFiles/hw_rgr.dir/startup_stm32f103xb.s.obj
                0x08004ce4                RTC_Alarm_IRQHandler
                0x08004ce4                EXTI2_IRQHandler
                0x08004ce4                TIM1_CC_IRQHandler
                0x08004ce4                PVD_IRQHandler
                0x08004ce4                EXTI3_IRQHandler
                0x08004ce4                EXTI0_IRQHandler
                0x08004ce4                I2C2_EV_IRQHandler
                0x08004ce4                SPI1_IRQHandler
                0x08004ce4                TAMPER_IRQHandler
                0x08004ce4                DMA1_Channel4_IRQHandler
                0x08004ce4                USART3_IRQHandler
                0x08004ce4                RTC_IRQHandler
                0x08004ce4                DMA1_Channel7_IRQHandler
                0x08004ce4                CAN1_RX1_IRQHandler
                0x08004ce4                TIM4_IRQHandler
                0x08004ce4                I2C1_EV_IRQHandler
                0x08004ce4                DMA1_Channel6_IRQHandler
                0x08004ce4                TIM3_IRQHandler
                0x08004ce4                RCC_IRQHandler
                0x08004ce4                TIM1_TRG_COM_IRQHandler
                0x08004ce4                DMA1_Channel1_IRQHandler
                0x08004ce4                Default_Handler
                0x08004ce4                EXTI15_10_IRQHandler
                0x08004ce4                EXTI9_5_IRQHandler
                0x08004ce4                SPI2_IRQHandler
                0x08004ce4                DMA1_Channel5_IRQHandler
                0x08004ce4                EXTI4_IRQHandler
                0x08004ce4                USB_LP_CAN1_RX0_IRQHandler
                0x08004ce4                USB_HP_CAN1_TX_IRQHandler
                0x08004ce4                DMA1_Channel3_IRQHandler
                0x08004ce4                TIM1_UP_IRQHandler
                0x08004ce4                WWDG_IRQHandler
                0x08004ce4                TIM2_IRQHandler
                0x08004ce4                TIM1_BRK_IRQHandler
                0x08004ce4                EXTI1_IRQHandler
                0x08004ce4                USART2_IRQHandler
                0x08004ce4                I2C2_ER_IRQHandler
                0x08004ce4                DMA1_Channel2_IRQHandler
                0x08004ce4                CAN1_SCE_IRQHandler
                0x08004ce4                FLASH_IRQHandler
                0x08004ce4                USART1_IRQHandler
                0x08004ce4                I2C1_ER_IRQHandler
                0x08004ce4                USBWakeUp_IRQHandler
 *fill*         0x08004ce6        0x2 
 .text.snprintf
                0x08004ce8       0x6c /usr/lib/gcc/arm-none-eabi/14.2.0/../../../../arm-none-eabi/lib/thumb/v7-m/nofp/libg_nano.a(libc_a-snprintf.o)
                0x08004ce8                snprintf
                0x08004ce8                sniprintf
 .text.__errno  0x08004d54        0xc /usr/lib/gcc/arm-none-eabi/14.2.0/../../../../arm-none-eabi/lib/thumb/v7-m/nofp/libg_nano.a(libc_a-errno.o)
                0x08004d54                __errno
 .text.__ssputs_r
                0x08004d60       0xc0 /usr/lib/gcc/arm-none-eabi/14.2.0/../../../../arm-none-eabi/lib/thumb/v7-m/nofp/libg_nano.a(libc_a-nano-svfprintf.o)
                0x08004d60                __ssputs_r
 .text._svfprintf_r
                0x08004e20      0x1f8 /usr/lib/gcc/arm-none-eabi/14.2.0/../../../../arm-none-eabi/lib/thumb/v7-m/nofp/libg_nano.a(libc_a-nano-svfprintf.o)
                0x08004e20                _svfprintf_r
                0x08004e20                _svfiprintf_r
 .text._printf_common
                0x08005018       0xe4 /usr/lib/gcc/arm-none-eabi/14.2.0/../../../../arm-none-eabi/lib/thumb/v7-m/nofp/libg_nano.a(libc_a-nano-vfprintf_i.o)
                0x08005018                _printf_common
 .text._printf_i
                0x080050fc      0x240 /usr/lib/gcc/arm-none-eabi/14.2.0/../../../../arm-none-eabi/lib/thumb/v7-m/nofp/libg_nano.a(libc_a-nano-vfprintf_i.o)
                0x080050fc                _printf_i
 .text.memmove  0x0800533c       0x32 /usr/lib/gcc/arm-none-eabi/14.2.0/../../../../arm-none-eabi/lib/thumb/v7-m/nofp/libg_nano.a(libc_a-memmove.o)
                0x0800533c                memmove
 .text.memchr   0x0800536e       0x1c /usr/lib/gcc/arm-none-eabi/14.2.0/../../../../arm-none-eabi/lib/thumb/v7-m/nofp/libg_nano.a(libc_a-memchr-stub.o)
                0x0800536e                memchr
 .text.memcpy   0x0800538a       0x1c /usr/lib/gcc/arm-none-eabi/14.2.0/../../../../arm-none-eabi/lib/thumb/v7-m/nofp/libg_nano.a(libc_a-memcpy-stub.o)
                0x0800538a                memcpy
 .text._realloc_r
                0x080053a6       0x5c /usr/lib/gcc/arm-none-eabi/14.2.0/../../../../arm-none-eabi/lib/thumb/v7-m/nofp/libg_nano.a(libc_a-reallocr.o)
                0x080053a6                _realloc_r
 .text._malloc_usable_size_r
                0x08005402       0x10 /usr/lib/gcc/arm-none-eabi/14.2.0/../../../../arm-none-eabi/lib/thumb/v7-m/nofp/libg_nano.a(libc_a-msizer.o)
                0x08005402                _malloc_usable_size_r
 *(.glue_7)
 .glue_7        0x08005412        0x0 linker stubs
 *(.glue_7t)
 .glue_7t       0x08005412        0x0 linker stubs
 *(.eh_frame)
 *fill*         0x08005412        0x2 
 .eh_frame      0x08005414        0x0 /usr/lib/gcc/arm-none-eabi/14.2.0/thumb/v7-m/nofp/crtbegin.o
 *(.init)
 .init          0x08005414        0x4 /usr/lib/gcc/arm-none-eabi/14.2.0/thumb/v7-m/nofp/crti.o
                0x08005414                _init
 .init          0x08005418        0x8 /usr/lib/gcc/arm-none-eabi/14.2.0/thumb/v7-m/nofp/crtn.o
 *(.fini)
 .fini          0x08005420        0x4 /usr/lib/gcc/arm-none-eabi/14.2.0/thumb/v7-m/nofp/crti.o
                0x08005420                _fini
 .fini          0x08005424        0x8 /usr/lib/gcc/arm-none-eabi/14.2.0/thumb/v7-m/nofp/crtn.o
                0x0800542c                        . = ALIGN (0x4)
                0x0800542c                        _etext = .

.vfp11_veneer   0x0800542c        0x0
 .vfp11_veneer  0x0800542c        0x0 linker stubs

.v4_bx          0x0800542c        0x0
 .v4_bx         0x0800542c        0x0 linker stubs

.iplt           0x0800542c        0x0
 .iplt          0x0800542c        0x0 /usr/lib/gcc/arm-none-eabi/14.2.0/thumb/v7-m/nofp/crtbegin.o

.rodata         0x0800542c     0x1564
                0x0800542c                        . = ALIGN (0x4)
 *(.rodata)
 .rodata        0x0800542c       0x3c CMakeFiles/hw_rgr.dir/Core/Src/main.c.obj
 *(.rodata*)
 .rodata.Font7x10
                0x08005468      0x76c CMakeFiles/hw_rgr.dir/Core/Libs/SSD1306_for_STM32_HAL_IAR/src/fonts.c.obj
 .rodata.Font11x18
                0x08005bd4      0xd5c CMakeFiles/hw_rgr.dir/Core/Libs/SSD1306_for_STM32_HAL_IAR/src/fonts.c.obj
 .rodata.aPLLMULFactorTable.1
                0x08006930       0x10 CMakeFiles/hw_rgr.dir/Drivers/STM32F1xx_HAL_Driver/Src/stm32f1xx_hal_rcc.c.obj
 .rodata.aPredivFactorTable.0
                0x08006940        0x2 CMakeFiles/hw_rgr.dir/Drivers/STM32F1xx_HAL_Driver/Src/stm32f1xx_hal_rcc.c.obj
 *fill*         0x08006942        0x2 
 .rodata.AHBPrescTable
                0x08006944       0x10 CMakeFiles/hw_rgr.dir/Core/Src/system_stm32f1xx.c.obj
                0x08006944                AHBPrescTable
 .rodata.APBPrescTable
                0x08006954        0x8 CMakeFiles/hw_rgr.dir/Core/Src/system_stm32f1xx.c.obj
                0x08006954                APBPrescTable
 .rodata._svfprintf_r.str1.1
                0x0800695c       0x33 /usr/lib/gcc/arm-none-eabi/14.2.0/../../../../arm-none-eabi/lib/thumb/v7-m/nofp/libg_nano.a(libc_a-nano-svfprintf.o)
                                 0x11 (size before relaxing)
 .rodata._printf_i.str1.1
                0x0800698f       0x22 /usr/lib/gcc/arm-none-eabi/14.2.0/../../../../arm-none-eabi/lib/thumb/v7-m/nofp/libg_nano.a(libc_a-nano-vfprintf_i.o)
                0x080069b4                        . = ALIGN (0x4)
 *fill*         0x0800698f        0x1 

.rel.dyn        0x08006990        0x0
 .rel.iplt      0x08006990        0x0 /usr/lib/gcc/arm-none-eabi/14.2.0/thumb/v7-m/nofp/crtbegin.o

.ARM.extab
 *(.ARM.extab* .gnu.linkonce.armextab.*)

.ARM            0x08006990        0x0
                0x08006990                        __exidx_start = .
 *(.ARM.exidx*)
                0x08006990                        __exidx_end = .

.preinit_array  0x08006990        0x0
                0x08006990                        PROVIDE (__preinit_array_start = .)
 *(.preinit_array*)
                0x08006990                        PROVIDE (__preinit_array_end = .)

.init_array     0x08006990        0x4
                0x08006990                        PROVIDE (__init_array_start = .)
 *(SORT_BY_NAME(.init_array.*))
 *(.init_array*)
 .init_array    0x08006990        0x4 /usr/lib/gcc/arm-none-eabi/14.2.0/thumb/v7-m/nofp/crtbegin.o
                0x08006994                        PROVIDE (__init_array_end = .)

.fini_array     0x08006994        0x4
                0x08006994                        PROVIDE (__fini_array_start = .)
 *(SORT_BY_NAME(.fini_array.*))
 *(.fini_array*)
 .fini_array    0x08006994        0x4 /usr/lib/gcc/arm-none-eabi/14.2.0/thumb/v7-m/nofp/crtbegin.o
                0x08006998                        PROVIDE (__fini_array_end = .)
                0x08006998                        _sidata = LOADADDR (.data)

.data           0x20000000       0x6c load address 0x08006998
                0x20000000                        . = ALIGN (0x4)
                0x20000000                        _sdata = .
 *(.data)
 *(.data*)
 .data._impure_ptr
                0x20000000        0x4 /usr/lib/gcc/arm-none-eabi/14.2.0/../../../../arm-none-eabi/lib/thumb/v7-m/nofp/libc_nano.a(libc_a-impure.o)
                0x20000000                _impure_ptr
 .data._impure_data
                0x20000004       0x4c /usr/lib/gcc/arm-none-eabi/14.2.0/../../../../arm-none-eabi/lib/thumb/v7-m/nofp/libc_nano.a(libc_a-impure.o)
                0x20000004                _impure_data
 .data.Font_7x10
                0x20000050        0x8 CMakeFiles/hw_rgr.dir/Core/Libs/SSD1306_for_STM32_HAL_IAR/src/fonts.c.obj
                0x20000050                Font_7x10
 .data.Font_11x18
                0x20000058        0x8 CMakeFiles/hw_rgr.dir/Core/Libs/SSD1306_for_STM32_HAL_IAR/src/fonts.c.obj
                0x20000058                Font_11x18
 .data.uwTickPrio
                0x20000060        0x4 CMakeFiles/hw_rgr.dir/Drivers/STM32F1xx_HAL_Driver/Src/stm32f1xx_hal.c.obj
                0x20000060                uwTickPrio
 .data.uwTickFreq
                0x20000064        0x1 CMakeFiles/hw_rgr.dir/Drivers/STM32F1xx_HAL_Driver/Src/stm32f1xx_hal.c.obj
                0x20000064                uwTickFreq
 *fill*         0x20000065        0x3 
 .data.SystemCoreClock
                0x20000068        0x4 CMakeFiles/hw_rgr.dir/Core/Src/system_stm32f1xx.c.obj
                0x20000068                SystemCoreClock
                0x2000006c                        . = ALIGN (0x4)
                0x2000006c                        _edata = .

.igot.plt       0x2000006c        0x0 load address 0x08006a04
 .igot.plt      0x2000006c        0x0 /usr/lib/gcc/arm-none-eabi/14.2.0/thumb/v7-m/nofp/crtbegin.o
                0x2000006c                        . = ALIGN (0x4)

.bss            0x2000006c      0x648 load address 0x08006a04
                0x2000006c                        _sbss = .
                0x2000006c                        __bss_start__ = _sbss
 *(.bss)
 *(.bss*)
 .bss.completed.1
                0x2000006c        0x1 /usr/lib/gcc/arm-none-eabi/14.2.0/thumb/v7-m/nofp/crtbegin.o
 *fill*         0x2000006d        0x3 
 .bss.object.0  0x20000070       0x18 /usr/lib/gcc/arm-none-eabi/14.2.0/thumb/v7-m/nofp/crtbegin.o
 .bss.__sf      0x20000088      0x138 /usr/lib/gcc/arm-none-eabi/14.2.0/../../../../arm-none-eabi/lib/thumb/v7-m/nofp/libc_nano.a(libc_a-findfp.o)
                0x20000088                __sf
 .bss.errno     0x200001c0        0x4 /usr/lib/gcc/arm-none-eabi/14.2.0/../../../../arm-none-eabi/lib/thumb/v7-m/nofp/libc_nano.a(libc_a-reent.o)
                0x200001c0                errno
 .bss.__lock___malloc_recursive_mutex
                0x200001c4        0x1 /usr/lib/gcc/arm-none-eabi/14.2.0/../../../../arm-none-eabi/lib/thumb/v7-m/nofp/libc_nano.a(libc_a-lock.o)
                0x200001c4                __lock___malloc_recursive_mutex
 *fill*         0x200001c5        0x3 
 .bss.__malloc_sbrk_start
                0x200001c8        0x4 /usr/lib/gcc/arm-none-eabi/14.2.0/../../../../arm-none-eabi/lib/thumb/v7-m/nofp/libc_nano.a(libc_a-mallocr.o)
                0x200001c8                __malloc_sbrk_start
 .bss.__malloc_free_list
                0x200001cc        0x4 /usr/lib/gcc/arm-none-eabi/14.2.0/../../../../arm-none-eabi/lib/thumb/v7-m/nofp/libc_nano.a(libc_a-mallocr.o)
                0x200001cc                __malloc_free_list
 .bss.SSD1306   0x200001d0        0x8 CMakeFiles/hw_rgr.dir/Core/Libs/SSD1306_for_STM32_HAL_IAR/src/ssd1306.c.obj
 .bss.SSD1306_Buffer
                0x200001d8      0x400 CMakeFiles/hw_rgr.dir/Core/Libs/SSD1306_for_STM32_HAL_IAR/src/ssd1306.c.obj
 .bss.display_geometry
                0x200005d8        0x1 CMakeFiles/hw_rgr.dir/Core/Libs/SSD1306_for_STM32_HAL_IAR/src/ssd1306.c.obj
                0x200005d8                display_geometry
 *fill*         0x200005d9        0x3 
 .bss.hadc1     0x200005dc       0x30 CMakeFiles/hw_rgr.dir/Core/Src/main.c.obj
                0x200005dc                hadc1
 .bss.hi2c1     0x2000060c       0x54 CMakeFiles/hw_rgr.dir/Core/Src/main.c.obj
                0x2000060c                hi2c1
 .bss.htim4     0x20000660       0x48 CMakeFiles/hw_rgr.dir/Core/Src/main.c.obj
                0x20000660                htim4
 .bss.CNT_CHARGED
                0x200006a8        0x2 CMakeFiles/hw_rgr.dir/Core/Src/main.c.obj
                0x200006a8                CNT_CHARGED
 *fill*         0x200006aa        0x2 
 .bss.uwTick    0x200006ac        0x4 CMakeFiles/hw_rgr.dir/Drivers/STM32F1xx_HAL_Driver/Src/stm32f1xx_hal.c.obj
                0x200006ac                uwTick
 .bss.__sbrk_heap_end
                0x200006b0        0x4 CMakeFiles/hw_rgr.dir/Core/Src/sysmem.c.obj
 *(COMMON)
                0x200006b4                        . = ALIGN (0x4)
                0x200006b4                        _ebss = .
                0x200006b4                        __bss_end__ = _ebss

._user_heap_stack
                0x200006b4      0x604 load address 0x08006a04
                0x200006b8                        . = ALIGN (0x8)
 *fill*         0x200006b4        0x4 
                [!provide]                        PROVIDE (end = .)
                0x200006b8                        PROVIDE (_end = .)
                0x200008b8                        . = (. + _Min_Heap_Size)
 *fill*         0x200006b8      0x200 
                0x20000cb8                        . = (. + _Min_Stack_Size)
 *fill*         0x200008b8      0x400 
                0x20000cb8                        . = ALIGN (0x8)

/DISCARD/
 libc.a(*)
 libm.a(*)
 libgcc.a(*)
OUTPUT(hw_rgr.elf elf32-littlearm)
LOAD linker stubs
LOAD /usr/lib/gcc/arm-none-eabi/14.2.0/../../../../arm-none-eabi/lib/thumb/v7-m/nofp/libc.a
LOAD /usr/lib/gcc/arm-none-eabi/14.2.0/../../../../arm-none-eabi/lib/thumb/v7-m/nofp/libm.a
LOAD /usr/lib/gcc/arm-none-eabi/14.2.0/thumb/v7-m/nofp/libgcc.a

.ARM.attributes
                0x00000000       0x29
 .ARM.attributes
                0x00000000       0x1d /usr/lib/gcc/arm-none-eabi/14.2.0/thumb/v7-m/nofp/crti.o
 .ARM.attributes
                0x0000001d       0x2d /usr/lib/gcc/arm-none-eabi/14.2.0/thumb/v7-m/nofp/crtbegin.o
 .ARM.attributes
                0x0000004a       0x2d /usr/lib/gcc/arm-none-eabi/14.2.0/../../../../arm-none-eabi/lib/thumb/v7-m/nofp/libc_nano.a(libc_a-findfp.o)
 .ARM.attributes
                0x00000077       0x2d /usr/lib/gcc/arm-none-eabi/14.2.0/../../../../arm-none-eabi/lib/thumb/v7-m/nofp/libc_nano.a(libc_a-memset.o)
 .ARM.attributes
                0x000000a4       0x2d /usr/lib/gcc/arm-none-eabi/14.2.0/../../../../arm-none-eabi/lib/thumb/v7-m/nofp/libc_nano.a(libc_a-reent.o)
 .ARM.attributes
                0x000000d1       0x2d /usr/lib/gcc/arm-none-eabi/14.2.0/../../../../arm-none-eabi/lib/thumb/v7-m/nofp/libc_nano.a(libc_a-impure.o)
 .ARM.attributes
                0x000000fe       0x2d /usr/lib/gcc/arm-none-eabi/14.2.0/../../../../arm-none-eabi/lib/thumb/v7-m/nofp/libc_nano.a(libc_a-init.o)
 .ARM.attributes
                0x0000012b       0x2d /usr/lib/gcc/arm-none-eabi/14.2.0/../../../../arm-none-eabi/lib/thumb/v7-m/nofp/libc_nano.a(libc_a-lock.o)
 .ARM.attributes
                0x00000158       0x2d /usr/lib/gcc/arm-none-eabi/14.2.0/../../../../arm-none-eabi/lib/thumb/v7-m/nofp/libc_nano.a(libc_a-freer.o)
 .ARM.attributes
                0x00000185       0x2d /usr/lib/gcc/arm-none-eabi/14.2.0/../../../../arm-none-eabi/lib/thumb/v7-m/nofp/libc_nano.a(libc_a-mallocr.o)
 .ARM.attributes
                0x000001b2       0x2d /usr/lib/gcc/arm-none-eabi/14.2.0/../../../../arm-none-eabi/lib/thumb/v7-m/nofp/libc_nano.a(libc_a-mlock.o)
 .ARM.attributes
                0x000001df       0x2d /usr/lib/gcc/arm-none-eabi/14.2.0/../../../../arm-none-eabi/lib/thumb/v7-m/nofp/libc_nano.a(libc_a-sbrkr.o)
 .ARM.attributes
                0x0000020c       0x2d CMakeFiles/hw_rgr.dir/Core/Libs/SSD1306_for_STM32_HAL_IAR/src/ssd1306.c.obj
 .ARM.attributes
                0x00000239       0x2d CMakeFiles/hw_rgr.dir/Core/Libs/SSD1306_for_STM32_HAL_IAR/src/fonts.c.obj
 .ARM.attributes
                0x00000266       0x2d CMakeFiles/hw_rgr.dir/Core/Src/main.c.obj
 .ARM.attributes
                0x00000293       0x2d CMakeFiles/hw_rgr.dir/Core/Src/stm32f1xx_it.c.obj
 .ARM.attributes
                0x000002c0       0x2d CMakeFiles/hw_rgr.dir/Core/Src/stm32f1xx_hal_msp.c.obj
 .ARM.attributes
                0x000002ed       0x2d CMakeFiles/hw_rgr.dir/Drivers/STM32F1xx_HAL_Driver/Src/stm32f1xx_hal_adc.c.obj
 .ARM.attributes
                0x0000031a       0x2d CMakeFiles/hw_rgr.dir/Drivers/STM32F1xx_HAL_Driver/Src/stm32f1xx_hal_adc_ex.c.obj
 .ARM.attributes
                0x00000347       0x2d CMakeFiles/hw_rgr.dir/Drivers/STM32F1xx_HAL_Driver/Src/stm32f1xx_hal.c.obj
 .ARM.attributes
                0x00000374       0x2d CMakeFiles/hw_rgr.dir/Drivers/STM32F1xx_HAL_Driver/Src/stm32f1xx_hal_rcc.c.obj
 .ARM.attributes
                0x000003a1       0x2d CMakeFiles/hw_rgr.dir/Drivers/STM32F1xx_HAL_Driver/Src/stm32f1xx_hal_rcc_ex.c.obj
 .ARM.attributes
                0x000003ce       0x2d CMakeFiles/hw_rgr.dir/Drivers/STM32F1xx_HAL_Driver/Src/stm32f1xx_hal_gpio.c.obj
 .ARM.attributes
                0x000003fb       0x2d CMakeFiles/hw_rgr.dir/Drivers/STM32F1xx_HAL_Driver/Src/stm32f1xx_hal_cortex.c.obj
 .ARM.attributes
                0x00000428       0x2d CMakeFiles/hw_rgr.dir/Drivers/STM32F1xx_HAL_Driver/Src/stm32f1xx_hal_i2c.c.obj
 .ARM.attributes
                0x00000455       0x2d CMakeFiles/hw_rgr.dir/Drivers/STM32F1xx_HAL_Driver/Src/stm32f1xx_hal_tim.c.obj
 .ARM.attributes
                0x00000482       0x2d CMakeFiles/hw_rgr.dir/Drivers/STM32F1xx_HAL_Driver/Src/stm32f1xx_hal_tim_ex.c.obj
 .ARM.attributes
                0x000004af       0x2d CMakeFiles/hw_rgr.dir/Core/Src/system_stm32f1xx.c.obj
 .ARM.attributes
                0x000004dc       0x2d CMakeFiles/hw_rgr.dir/Core/Src/sysmem.c.obj
 .ARM.attributes
                0x00000509       0x21 CMakeFiles/hw_rgr.dir/startup_stm32f103xb.s.obj
 .ARM.attributes
                0x0000052a       0x1d /usr/lib/gcc/arm-none-eabi/14.2.0/thumb/v7-m/nofp/libgcc.a(_arm_muldf3.o)
 .ARM.attributes
                0x00000547       0x1d /usr/lib/gcc/arm-none-eabi/14.2.0/thumb/v7-m/nofp/libgcc.a(_arm_addsubdf3.o)
 .ARM.attributes
                0x00000564       0x1d /usr/lib/gcc/arm-none-eabi/14.2.0/thumb/v7-m/nofp/libgcc.a(_arm_truncdfsf2.o)
 .ARM.attributes
                0x00000581       0x1d /usr/lib/gcc/arm-none-eabi/14.2.0/thumb/v7-m/nofp/libgcc.a(_arm_addsubsf3.o)
 .ARM.attributes
                0x0000059e       0x1d /usr/lib/gcc/arm-none-eabi/14.2.0/thumb/v7-m/nofp/libgcc.a(_arm_muldivsf3.o)
 .ARM.attributes
                0x000005bb       0x1d /usr/lib/gcc/arm-none-eabi/14.2.0/thumb/v7-m/nofp/libgcc.a(_arm_fixsfsi.o)
 .ARM.attributes
                0x000005d8       0x2d /usr/lib/gcc/arm-none-eabi/14.2.0/../../../../arm-none-eabi/lib/thumb/v7-m/nofp/libg_nano.a(libc_a-snprintf.o)
 .ARM.attributes
                0x00000605       0x2d /usr/lib/gcc/arm-none-eabi/14.2.0/../../../../arm-none-eabi/lib/thumb/v7-m/nofp/libg_nano.a(libc_a-errno.o)
 .ARM.attributes
                0x00000632       0x2d /usr/lib/gcc/arm-none-eabi/14.2.0/../../../../arm-none-eabi/lib/thumb/v7-m/nofp/libg_nano.a(libc_a-nano-svfprintf.o)
 .ARM.attributes
                0x0000065f       0x2d /usr/lib/gcc/arm-none-eabi/14.2.0/../../../../arm-none-eabi/lib/thumb/v7-m/nofp/libg_nano.a(libc_a-nano-vfprintf_i.o)
 .ARM.attributes
                0x0000068c       0x2d /usr/lib/gcc/arm-none-eabi/14.2.0/../../../../arm-none-eabi/lib/thumb/v7-m/nofp/libg_nano.a(libc_a-memmove.o)
 .ARM.attributes
                0x000006b9       0x2d /usr/lib/gcc/arm-none-eabi/14.2.0/../../../../arm-none-eabi/lib/thumb/v7-m/nofp/libg_nano.a(libc_a-memchr-stub.o)
 .ARM.attributes
                0x000006e6       0x2d /usr/lib/gcc/arm-none-eabi/14.2.0/../../../../arm-none-eabi/lib/thumb/v7-m/nofp/libg_nano.a(libc_a-memcpy-stub.o)
 .ARM.attributes
                0x00000713       0x2d /usr/lib/gcc/arm-none-eabi/14.2.0/../../../../arm-none-eabi/lib/thumb/v7-m/nofp/libg_nano.a(libc_a-reallocr.o)
 .ARM.attributes
                0x00000740       0x2d /usr/lib/gcc/arm-none-eabi/14.2.0/../../../../arm-none-eabi/lib/thumb/v7-m/nofp/libg_nano.a(libc_a-msizer.o)
 .ARM.attributes
                0x0000076d       0x1d /usr/lib/gcc/arm-none-eabi/14.2.0/thumb/v7-m/nofp/crtn.o

.comment        0x00000000       0x1e
 .comment       0x00000000       0x1e /usr/lib/gcc/arm-none-eabi/14.2.0/../../../../arm-none-eabi/lib/thumb/v7-m/nofp/libc_nano.a(libc_a-findfp.o)
                                 0x1f (size before relaxing)
 .comment       0x0000001e       0x1f /usr/lib/gcc/arm-none-eabi/14.2.0/../../../../arm-none-eabi/lib/thumb/v7-m/nofp/libc_nano.a(libc_a-memset.o)
 .comment       0x0000001e       0x1f /usr/lib/gcc/arm-none-eabi/14.2.0/../../../../arm-none-eabi/lib/thumb/v7-m/nofp/libc_nano.a(libc_a-reent.o)
 .comment       0x0000001e       0x1f /usr/lib/gcc/arm-none-eabi/14.2.0/../../../../arm-none-eabi/lib/thumb/v7-m/nofp/libc_nano.a(libc_a-impure.o)
 .comment       0x0000001e       0x1f /usr/lib/gcc/arm-none-eabi/14.2.0/../../../../arm-none-eabi/lib/thumb/v7-m/nofp/libc_nano.a(libc_a-init.o)
 .comment       0x0000001e       0x1f /usr/lib/gcc/arm-none-eabi/14.2.0/../../../../arm-none-eabi/lib/thumb/v7-m/nofp/libc_nano.a(libc_a-lock.o)
 .comment       0x0000001e       0x1f /usr/lib/gcc/arm-none-eabi/14.2.0/../../../../arm-none-eabi/lib/thumb/v7-m/nofp/libc_nano.a(libc_a-freer.o)
 .comment       0x0000001e       0x1f /usr/lib/gcc/arm-none-eabi/14.2.0/../../../../arm-none-eabi/lib/thumb/v7-m/nofp/libc_nano.a(libc_a-mallocr.o)
 .comment       0x0000001e       0x1f /usr/lib/gcc/arm-none-eabi/14.2.0/../../../../arm-none-eabi/lib/thumb/v7-m/nofp/libc_nano.a(libc_a-mlock.o)
 .comment       0x0000001e       0x1f /usr/lib/gcc/arm-none-eabi/14.2.0/../../../../arm-none-eabi/lib/thumb/v7-m/nofp/libc_nano.a(libc_a-sbrkr.o)
 .comment       0x0000001e       0x1f CMakeFiles/hw_rgr.dir/Core/Libs/SSD1306_for_STM32_HAL_IAR/src/ssd1306.c.obj
 .comment       0x0000001e       0x1f CMakeFiles/hw_rgr.dir/Core/Libs/SSD1306_for_STM32_HAL_IAR/src/fonts.c.obj
 .comment       0x0000001e       0x1f CMakeFiles/hw_rgr.dir/Core/Src/main.c.obj
 .comment       0x0000001e       0x1f CMakeFiles/hw_rgr.dir/Core/Src/stm32f1xx_it.c.obj
 .comment       0x0000001e       0x1f CMakeFiles/hw_rgr.dir/Core/Src/stm32f1xx_hal_msp.c.obj
 .comment       0x0000001e       0x1f CMakeFiles/hw_rgr.dir/Drivers/STM32F1xx_HAL_Driver/Src/stm32f1xx_hal_adc.c.obj
 .comment       0x0000001e       0x1f CMakeFiles/hw_rgr.dir/Drivers/STM32F1xx_HAL_Driver/Src/stm32f1xx_hal_adc_ex.c.obj
 .comment       0x0000001e       0x1f CMakeFiles/hw_rgr.dir/Drivers/STM32F1xx_HAL_Driver/Src/stm32f1xx_hal.c.obj
 .comment       0x0000001e       0x1f CMakeFiles/hw_rgr.dir/Drivers/STM32F1xx_HAL_Driver/Src/stm32f1xx_hal_rcc.c.obj
 .comment       0x0000001e       0x1f CMakeFiles/hw_rgr.dir/Drivers/STM32F1xx_HAL_Driver/Src/stm32f1xx_hal_rcc_ex.c.obj
 .comment       0x0000001e       0x1f CMakeFiles/hw_rgr.dir/Drivers/STM32F1xx_HAL_Driver/Src/stm32f1xx_hal_gpio.c.obj
 .comment       0x0000001e       0x1f CMakeFiles/hw_rgr.dir/Drivers/STM32F1xx_HAL_Driver/Src/stm32f1xx_hal_cortex.c.obj
 .comment       0x0000001e       0x1f CMakeFiles/hw_rgr.dir/Drivers/STM32F1xx_HAL_Driver/Src/stm32f1xx_hal_i2c.c.obj
 .comment       0x0000001e       0x1f CMakeFiles/hw_rgr.dir/Drivers/STM32F1xx_HAL_Driver/Src/stm32f1xx_hal_tim.c.obj
 .comment       0x0000001e       0x1f CMakeFiles/hw_rgr.dir/Drivers/STM32F1xx_HAL_Driver/Src/stm32f1xx_hal_tim_ex.c.obj
 .comment       0x0000001e       0x1f CMakeFiles/hw_rgr.dir/Core/Src/system_stm32f1xx.c.obj
 .comment       0x0000001e       0x1f CMakeFiles/hw_rgr.dir/Core/Src/sysmem.c.obj
 .comment       0x0000001e       0x1f /usr/lib/gcc/arm-none-eabi/14.2.0/../../../../arm-none-eabi/lib/thumb/v7-m/nofp/libg_nano.a(libc_a-snprintf.o)
 .comment       0x0000001e       0x1f /usr/lib/gcc/arm-none-eabi/14.2.0/../../../../arm-none-eabi/lib/thumb/v7-m/nofp/libg_nano.a(libc_a-errno.o)
 .comment       0x0000001e       0x1f /usr/lib/gcc/arm-none-eabi/14.2.0/../../../../arm-none-eabi/lib/thumb/v7-m/nofp/libg_nano.a(libc_a-nano-svfprintf.o)
 .comment       0x0000001e       0x1f /usr/lib/gcc/arm-none-eabi/14.2.0/../../../../arm-none-eabi/lib/thumb/v7-m/nofp/libg_nano.a(libc_a-nano-vfprintf_i.o)
 .comment       0x0000001e       0x1f /usr/lib/gcc/arm-none-eabi/14.2.0/../../../../arm-none-eabi/lib/thumb/v7-m/nofp/libg_nano.a(libc_a-memmove.o)
 .comment       0x0000001e       0x1f /usr/lib/gcc/arm-none-eabi/14.2.0/../../../../arm-none-eabi/lib/thumb/v7-m/nofp/libg_nano.a(libc_a-memchr-stub.o)
 .comment       0x0000001e       0x1f /usr/lib/gcc/arm-none-eabi/14.2.0/../../../../arm-none-eabi/lib/thumb/v7-m/nofp/libg_nano.a(libc_a-memcpy-stub.o)
 .comment       0x0000001e       0x1f /usr/lib/gcc/arm-none-eabi/14.2.0/../../../../arm-none-eabi/lib/thumb/v7-m/nofp/libg_nano.a(libc_a-reallocr.o)
 .comment       0x0000001e       0x1f /usr/lib/gcc/arm-none-eabi/14.2.0/../../../../arm-none-eabi/lib/thumb/v7-m/nofp/libg_nano.a(libc_a-msizer.o)

.debug_info     0x00000000    0x168fc
 .debug_info    0x00000000      0xfb2 /usr/lib/gcc/arm-none-eabi/14.2.0/../../../../arm-none-eabi/lib/thumb/v7-m/nofp/libc_nano.a(libc_a-findfp.o)
 .debug_info    0x00000fb2       0xe0 /usr/lib/gcc/arm-none-eabi/14.2.0/../../../../arm-none-eabi/lib/thumb/v7-m/nofp/libc_nano.a(libc_a-memset.o)
 .debug_info    0x00001092      0x8a1 /usr/lib/gcc/arm-none-eabi/14.2.0/../../../../arm-none-eabi/lib/thumb/v7-m/nofp/libc_nano.a(libc_a-reent.o)
 .debug_info    0x00001933      0x715 /usr/lib/gcc/arm-none-eabi/14.2.0/../../../../arm-none-eabi/lib/thumb/v7-m/nofp/libc_nano.a(libc_a-impure.o)
 .debug_info    0x00002048      0x10b /usr/lib/gcc/arm-none-eabi/14.2.0/../../../../arm-none-eabi/lib/thumb/v7-m/nofp/libc_nano.a(libc_a-init.o)
 .debug_info    0x00002153      0x218 /usr/lib/gcc/arm-none-eabi/14.2.0/../../../../arm-none-eabi/lib/thumb/v7-m/nofp/libc_nano.a(libc_a-lock.o)
 .debug_info    0x0000236b      0x851 /usr/lib/gcc/arm-none-eabi/14.2.0/../../../../arm-none-eabi/lib/thumb/v7-m/nofp/libc_nano.a(libc_a-freer.o)
 .debug_info    0x00002bbc      0x9bc /usr/lib/gcc/arm-none-eabi/14.2.0/../../../../arm-none-eabi/lib/thumb/v7-m/nofp/libc_nano.a(libc_a-mallocr.o)
 .debug_info    0x00003578      0x76b /usr/lib/gcc/arm-none-eabi/14.2.0/../../../../arm-none-eabi/lib/thumb/v7-m/nofp/libc_nano.a(libc_a-mlock.o)
 .debug_info    0x00003ce3      0x782 /usr/lib/gcc/arm-none-eabi/14.2.0/../../../../arm-none-eabi/lib/thumb/v7-m/nofp/libc_nano.a(libc_a-sbrkr.o)
 .debug_info    0x00004465     0x10f3 CMakeFiles/hw_rgr.dir/Core/Libs/SSD1306_for_STM32_HAL_IAR/src/ssd1306.c.obj
 .debug_info    0x00005558      0x19a CMakeFiles/hw_rgr.dir/Core/Libs/SSD1306_for_STM32_HAL_IAR/src/fonts.c.obj
 .debug_info    0x000056f2     0x1785 CMakeFiles/hw_rgr.dir/Core/Src/main.c.obj
 .debug_info    0x00006e77      0x57f CMakeFiles/hw_rgr.dir/Core/Src/stm32f1xx_it.c.obj
 .debug_info    0x000073f6     0x1071 CMakeFiles/hw_rgr.dir/Core/Src/stm32f1xx_hal_msp.c.obj
 .debug_info    0x00008467      0xc50 CMakeFiles/hw_rgr.dir/Drivers/STM32F1xx_HAL_Driver/Src/stm32f1xx_hal_adc.c.obj
 .debug_info    0x000090b7      0xa10 CMakeFiles/hw_rgr.dir/Drivers/STM32F1xx_HAL_Driver/Src/stm32f1xx_hal_adc_ex.c.obj
 .debug_info    0x00009ac7      0x704 CMakeFiles/hw_rgr.dir/Drivers/STM32F1xx_HAL_Driver/Src/stm32f1xx_hal.c.obj
 .debug_info    0x0000a1cb      0x7d5 CMakeFiles/hw_rgr.dir/Drivers/STM32F1xx_HAL_Driver/Src/stm32f1xx_hal_rcc.c.obj
 .debug_info    0x0000a9a0      0x3c0 CMakeFiles/hw_rgr.dir/Drivers/STM32F1xx_HAL_Driver/Src/stm32f1xx_hal_rcc_ex.c.obj
 .debug_info    0x0000ad60      0x5ab CMakeFiles/hw_rgr.dir/Drivers/STM32F1xx_HAL_Driver/Src/stm32f1xx_hal_gpio.c.obj
 .debug_info    0x0000b30b      0xa87 CMakeFiles/hw_rgr.dir/Drivers/STM32F1xx_HAL_Driver/Src/stm32f1xx_hal_cortex.c.obj
 .debug_info    0x0000bd92     0x2524 CMakeFiles/hw_rgr.dir/Drivers/STM32F1xx_HAL_Driver/Src/stm32f1xx_hal_i2c.c.obj
 .debug_info    0x0000e2b6     0x2959 CMakeFiles/hw_rgr.dir/Drivers/STM32F1xx_HAL_Driver/Src/stm32f1xx_hal_tim.c.obj
 .debug_info    0x00010c0f     0x149b CMakeFiles/hw_rgr.dir/Drivers/STM32F1xx_HAL_Driver/Src/stm32f1xx_hal_tim_ex.c.obj
 .debug_info    0x000120aa      0x222 CMakeFiles/hw_rgr.dir/Core/Src/system_stm32f1xx.c.obj
 .debug_info    0x000122cc      0x168 CMakeFiles/hw_rgr.dir/Core/Src/sysmem.c.obj
 .debug_info    0x00012434       0x30 CMakeFiles/hw_rgr.dir/startup_stm32f103xb.s.obj
 .debug_info    0x00012464       0x3f /usr/lib/gcc/arm-none-eabi/14.2.0/thumb/v7-m/nofp/libgcc.a(_arm_muldf3.o)
 .debug_info    0x000124a3       0xd3 /usr/lib/gcc/arm-none-eabi/14.2.0/thumb/v7-m/nofp/libgcc.a(_arm_addsubdf3.o)
 .debug_info    0x00012576       0x3f /usr/lib/gcc/arm-none-eabi/14.2.0/thumb/v7-m/nofp/libgcc.a(_arm_truncdfsf2.o)
 .debug_info    0x000125b5       0xca /usr/lib/gcc/arm-none-eabi/14.2.0/thumb/v7-m/nofp/libgcc.a(_arm_addsubsf3.o)
 .debug_info    0x0001267f       0x57 /usr/lib/gcc/arm-none-eabi/14.2.0/thumb/v7-m/nofp/libgcc.a(_arm_muldivsf3.o)
 .debug_info    0x000126d6       0x3c /usr/lib/gcc/arm-none-eabi/14.2.0/thumb/v7-m/nofp/libgcc.a(_arm_fixsfsi.o)
 .debug_info    0x00012712      0x8b9 /usr/lib/gcc/arm-none-eabi/14.2.0/../../../../arm-none-eabi/lib/thumb/v7-m/nofp/libg_nano.a(libc_a-snprintf.o)
 .debug_info    0x00012fcb      0x6fb /usr/lib/gcc/arm-none-eabi/14.2.0/../../../../arm-none-eabi/lib/thumb/v7-m/nofp/libg_nano.a(libc_a-errno.o)
 .debug_info    0x000136c6     0x10b3 /usr/lib/gcc/arm-none-eabi/14.2.0/../../../../arm-none-eabi/lib/thumb/v7-m/nofp/libg_nano.a(libc_a-nano-svfprintf.o)
 .debug_info    0x00014779      0xde2 /usr/lib/gcc/arm-none-eabi/14.2.0/../../../../arm-none-eabi/lib/thumb/v7-m/nofp/libg_nano.a(libc_a-nano-vfprintf_i.o)
 .debug_info    0x0001555b      0x10f /usr/lib/gcc/arm-none-eabi/14.2.0/../../../../arm-none-eabi/lib/thumb/v7-m/nofp/libg_nano.a(libc_a-memmove.o)
 .debug_info    0x0001566a      0x110 /usr/lib/gcc/arm-none-eabi/14.2.0/../../../../arm-none-eabi/lib/thumb/v7-m/nofp/libg_nano.a(libc_a-memchr-stub.o)
 .debug_info    0x0001577a      0x121 /usr/lib/gcc/arm-none-eabi/14.2.0/../../../../arm-none-eabi/lib/thumb/v7-m/nofp/libg_nano.a(libc_a-memcpy-stub.o)
 .debug_info    0x0001589b      0x8cd /usr/lib/gcc/arm-none-eabi/14.2.0/../../../../arm-none-eabi/lib/thumb/v7-m/nofp/libg_nano.a(libc_a-reallocr.o)
 .debug_info    0x00016168      0x794 /usr/lib/gcc/arm-none-eabi/14.2.0/../../../../arm-none-eabi/lib/thumb/v7-m/nofp/libg_nano.a(libc_a-msizer.o)

.debug_abbrev   0x00000000     0x45db
 .debug_abbrev  0x00000000      0x424 /usr/lib/gcc/arm-none-eabi/14.2.0/../../../../arm-none-eabi/lib/thumb/v7-m/nofp/libc_nano.a(libc_a-findfp.o)
 .debug_abbrev  0x00000424       0x9e /usr/lib/gcc/arm-none-eabi/14.2.0/../../../../arm-none-eabi/lib/thumb/v7-m/nofp/libc_nano.a(libc_a-memset.o)
 .debug_abbrev  0x000004c2      0x1f7 /usr/lib/gcc/arm-none-eabi/14.2.0/../../../../arm-none-eabi/lib/thumb/v7-m/nofp/libc_nano.a(libc_a-reent.o)
 .debug_abbrev  0x000006b9      0x149 /usr/lib/gcc/arm-none-eabi/14.2.0/../../../../arm-none-eabi/lib/thumb/v7-m/nofp/libc_nano.a(libc_a-impure.o)
 .debug_abbrev  0x00000802       0xc9 /usr/lib/gcc/arm-none-eabi/14.2.0/../../../../arm-none-eabi/lib/thumb/v7-m/nofp/libc_nano.a(libc_a-init.o)
 .debug_abbrev  0x000008cb      0x115 /usr/lib/gcc/arm-none-eabi/14.2.0/../../../../arm-none-eabi/lib/thumb/v7-m/nofp/libc_nano.a(libc_a-lock.o)
 .debug_abbrev  0x000009e0      0x236 /usr/lib/gcc/arm-none-eabi/14.2.0/../../../../arm-none-eabi/lib/thumb/v7-m/nofp/libc_nano.a(libc_a-freer.o)
 .debug_abbrev  0x00000c16      0x24a /usr/lib/gcc/arm-none-eabi/14.2.0/../../../../arm-none-eabi/lib/thumb/v7-m/nofp/libc_nano.a(libc_a-mallocr.o)
 .debug_abbrev  0x00000e60      0x1bf /usr/lib/gcc/arm-none-eabi/14.2.0/../../../../arm-none-eabi/lib/thumb/v7-m/nofp/libc_nano.a(libc_a-mlock.o)
 .debug_abbrev  0x0000101f      0x1da /usr/lib/gcc/arm-none-eabi/14.2.0/../../../../arm-none-eabi/lib/thumb/v7-m/nofp/libc_nano.a(libc_a-sbrkr.o)
 .debug_abbrev  0x000011f9      0x33c CMakeFiles/hw_rgr.dir/Core/Libs/SSD1306_for_STM32_HAL_IAR/src/ssd1306.c.obj
 .debug_abbrev  0x00001535       0xb3 CMakeFiles/hw_rgr.dir/Core/Libs/SSD1306_for_STM32_HAL_IAR/src/fonts.c.obj
 .debug_abbrev  0x000015e8      0x339 CMakeFiles/hw_rgr.dir/Core/Src/main.c.obj
 .debug_abbrev  0x00001921      0x182 CMakeFiles/hw_rgr.dir/Core/Src/stm32f1xx_it.c.obj
 .debug_abbrev  0x00001aa3      0x21d CMakeFiles/hw_rgr.dir/Core/Src/stm32f1xx_hal_msp.c.obj
 .debug_abbrev  0x00001cc0      0x225 CMakeFiles/hw_rgr.dir/Drivers/STM32F1xx_HAL_Driver/Src/stm32f1xx_hal_adc.c.obj
 .debug_abbrev  0x00001ee5      0x249 CMakeFiles/hw_rgr.dir/Drivers/STM32F1xx_HAL_Driver/Src/stm32f1xx_hal_adc_ex.c.obj
 .debug_abbrev  0x0000212e      0x201 CMakeFiles/hw_rgr.dir/Drivers/STM32F1xx_HAL_Driver/Src/stm32f1xx_hal.c.obj
 .debug_abbrev  0x0000232f      0x2b3 CMakeFiles/hw_rgr.dir/Drivers/STM32F1xx_HAL_Driver/Src/stm32f1xx_hal_rcc.c.obj
 .debug_abbrev  0x000025e2      0x188 CMakeFiles/hw_rgr.dir/Drivers/STM32F1xx_HAL_Driver/Src/stm32f1xx_hal_rcc_ex.c.obj
 .debug_abbrev  0x0000276a      0x1ca CMakeFiles/hw_rgr.dir/Drivers/STM32F1xx_HAL_Driver/Src/stm32f1xx_hal_gpio.c.obj
 .debug_abbrev  0x00002934      0x2f8 CMakeFiles/hw_rgr.dir/Drivers/STM32F1xx_HAL_Driver/Src/stm32f1xx_hal_cortex.c.obj
 .debug_abbrev  0x00002c2c      0x2a3 CMakeFiles/hw_rgr.dir/Drivers/STM32F1xx_HAL_Driver/Src/stm32f1xx_hal_i2c.c.obj
 .debug_abbrev  0x00002ecf      0x277 CMakeFiles/hw_rgr.dir/Drivers/STM32F1xx_HAL_Driver/Src/stm32f1xx_hal_tim.c.obj
 .debug_abbrev  0x00003146      0x282 CMakeFiles/hw_rgr.dir/Drivers/STM32F1xx_HAL_Driver/Src/stm32f1xx_hal_tim_ex.c.obj
 .debug_abbrev  0x000033c8      0x13f CMakeFiles/hw_rgr.dir/Core/Src/system_stm32f1xx.c.obj
 .debug_abbrev  0x00003507       0xbc CMakeFiles/hw_rgr.dir/Core/Src/sysmem.c.obj
 .debug_abbrev  0x000035c3       0x24 CMakeFiles/hw_rgr.dir/startup_stm32f103xb.s.obj
 .debug_abbrev  0x000035e7       0x26 /usr/lib/gcc/arm-none-eabi/14.2.0/thumb/v7-m/nofp/libgcc.a(_arm_muldf3.o)
 .debug_abbrev  0x0000360d       0x28 /usr/lib/gcc/arm-none-eabi/14.2.0/thumb/v7-m/nofp/libgcc.a(_arm_addsubdf3.o)
 .debug_abbrev  0x00003635       0x28 /usr/lib/gcc/arm-none-eabi/14.2.0/thumb/v7-m/nofp/libgcc.a(_arm_truncdfsf2.o)
 .debug_abbrev  0x0000365d       0x28 /usr/lib/gcc/arm-none-eabi/14.2.0/thumb/v7-m/nofp/libgcc.a(_arm_addsubsf3.o)
 .debug_abbrev  0x00003685       0x28 /usr/lib/gcc/arm-none-eabi/14.2.0/thumb/v7-m/nofp/libgcc.a(_arm_muldivsf3.o)
 .debug_abbrev  0x000036ad       0x28 /usr/lib/gcc/arm-none-eabi/14.2.0/thumb/v7-m/nofp/libgcc.a(_arm_fixsfsi.o)
 .debug_abbrev  0x000036d5      0x231 /usr/lib/gcc/arm-none-eabi/14.2.0/../../../../arm-none-eabi/lib/thumb/v7-m/nofp/libg_nano.a(libc_a-snprintf.o)
 .debug_abbrev  0x00003906      0x15e /usr/lib/gcc/arm-none-eabi/14.2.0/../../../../arm-none-eabi/lib/thumb/v7-m/nofp/libg_nano.a(libc_a-errno.o)
 .debug_abbrev  0x00003a64      0x31e /usr/lib/gcc/arm-none-eabi/14.2.0/../../../../arm-none-eabi/lib/thumb/v7-m/nofp/libg_nano.a(libc_a-nano-svfprintf.o)
 .debug_abbrev  0x00003d82      0x28e /usr/lib/gcc/arm-none-eabi/14.2.0/../../../../arm-none-eabi/lib/thumb/v7-m/nofp/libg_nano.a(libc_a-nano-vfprintf_i.o)
 .debug_abbrev  0x00004010       0xac /usr/lib/gcc/arm-none-eabi/14.2.0/../../../../arm-none-eabi/lib/thumb/v7-m/nofp/libg_nano.a(libc_a-memmove.o)
 .debug_abbrev  0x000040bc       0xb1 /usr/lib/gcc/arm-none-eabi/14.2.0/../../../../arm-none-eabi/lib/thumb/v7-m/nofp/libg_nano.a(libc_a-memchr-stub.o)
 .debug_abbrev  0x0000416d       0xc1 /usr/lib/gcc/arm-none-eabi/14.2.0/../../../../arm-none-eabi/lib/thumb/v7-m/nofp/libg_nano.a(libc_a-memcpy-stub.o)
 .debug_abbrev  0x0000422e      0x217 /usr/lib/gcc/arm-none-eabi/14.2.0/../../../../arm-none-eabi/lib/thumb/v7-m/nofp/libg_nano.a(libc_a-reallocr.o)
 .debug_abbrev  0x00004445      0x196 /usr/lib/gcc/arm-none-eabi/14.2.0/../../../../arm-none-eabi/lib/thumb/v7-m/nofp/libg_nano.a(libc_a-msizer.o)

.debug_loclists
                0x00000000     0x16cf
 .debug_loclists
                0x00000000      0x2b6 /usr/lib/gcc/arm-none-eabi/14.2.0/../../../../arm-none-eabi/lib/thumb/v7-m/nofp/libc_nano.a(libc_a-findfp.o)
 .debug_loclists
                0x000002b6       0x3b /usr/lib/gcc/arm-none-eabi/14.2.0/../../../../arm-none-eabi/lib/thumb/v7-m/nofp/libc_nano.a(libc_a-memset.o)
 .debug_loclists
                0x000002f1       0x9c /usr/lib/gcc/arm-none-eabi/14.2.0/../../../../arm-none-eabi/lib/thumb/v7-m/nofp/libc_nano.a(libc_a-reent.o)
 .debug_loclists
                0x0000038d       0x44 /usr/lib/gcc/arm-none-eabi/14.2.0/../../../../arm-none-eabi/lib/thumb/v7-m/nofp/libc_nano.a(libc_a-init.o)
 .debug_loclists
                0x000003d1       0x29 /usr/lib/gcc/arm-none-eabi/14.2.0/../../../../arm-none-eabi/lib/thumb/v7-m/nofp/libc_nano.a(libc_a-lock.o)
 .debug_loclists
                0x000003fa       0xe0 /usr/lib/gcc/arm-none-eabi/14.2.0/../../../../arm-none-eabi/lib/thumb/v7-m/nofp/libc_nano.a(libc_a-freer.o)
 .debug_loclists
                0x000004da      0x23a /usr/lib/gcc/arm-none-eabi/14.2.0/../../../../arm-none-eabi/lib/thumb/v7-m/nofp/libc_nano.a(libc_a-mallocr.o)
 .debug_loclists
                0x00000714       0x46 /usr/lib/gcc/arm-none-eabi/14.2.0/../../../../arm-none-eabi/lib/thumb/v7-m/nofp/libc_nano.a(libc_a-mlock.o)
 .debug_loclists
                0x0000075a       0x58 /usr/lib/gcc/arm-none-eabi/14.2.0/../../../../arm-none-eabi/lib/thumb/v7-m/nofp/libc_nano.a(libc_a-sbrkr.o)
 .debug_loclists
                0x000007b2      0x14d /usr/lib/gcc/arm-none-eabi/14.2.0/../../../../arm-none-eabi/lib/thumb/v7-m/nofp/libg_nano.a(libc_a-snprintf.o)
 .debug_loclists
                0x000008ff      0x4c3 /usr/lib/gcc/arm-none-eabi/14.2.0/../../../../arm-none-eabi/lib/thumb/v7-m/nofp/libg_nano.a(libc_a-nano-svfprintf.o)
 .debug_loclists
                0x00000dc2      0x47a /usr/lib/gcc/arm-none-eabi/14.2.0/../../../../arm-none-eabi/lib/thumb/v7-m/nofp/libg_nano.a(libc_a-nano-vfprintf_i.o)
 .debug_loclists
                0x0000123c      0x149 /usr/lib/gcc/arm-none-eabi/14.2.0/../../../../arm-none-eabi/lib/thumb/v7-m/nofp/libg_nano.a(libc_a-memmove.o)
 .debug_loclists
                0x00001385       0xf7 /usr/lib/gcc/arm-none-eabi/14.2.0/../../../../arm-none-eabi/lib/thumb/v7-m/nofp/libg_nano.a(libc_a-memchr-stub.o)
 .debug_loclists
                0x0000147c       0xad /usr/lib/gcc/arm-none-eabi/14.2.0/../../../../arm-none-eabi/lib/thumb/v7-m/nofp/libg_nano.a(libc_a-memcpy-stub.o)
 .debug_loclists
                0x00001529      0x13e /usr/lib/gcc/arm-none-eabi/14.2.0/../../../../arm-none-eabi/lib/thumb/v7-m/nofp/libg_nano.a(libc_a-reallocr.o)
 .debug_loclists
                0x00001667       0x68 /usr/lib/gcc/arm-none-eabi/14.2.0/../../../../arm-none-eabi/lib/thumb/v7-m/nofp/libg_nano.a(libc_a-msizer.o)

.debug_aranges  0x00000000     0x1310
 .debug_aranges
                0x00000000       0x78 /usr/lib/gcc/arm-none-eabi/14.2.0/../../../../arm-none-eabi/lib/thumb/v7-m/nofp/libc_nano.a(libc_a-findfp.o)
 .debug_aranges
                0x00000078       0x20 /usr/lib/gcc/arm-none-eabi/14.2.0/../../../../arm-none-eabi/lib/thumb/v7-m/nofp/libc_nano.a(libc_a-memset.o)
 .debug_aranges
                0x00000098       0x20 /usr/lib/gcc/arm-none-eabi/14.2.0/../../../../arm-none-eabi/lib/thumb/v7-m/nofp/libc_nano.a(libc_a-reent.o)
 .debug_aranges
                0x000000b8       0x18 /usr/lib/gcc/arm-none-eabi/14.2.0/../../../../arm-none-eabi/lib/thumb/v7-m/nofp/libc_nano.a(libc_a-impure.o)
 .debug_aranges
                0x000000d0       0x20 /usr/lib/gcc/arm-none-eabi/14.2.0/../../../../arm-none-eabi/lib/thumb/v7-m/nofp/libc_nano.a(libc_a-init.o)
 .debug_aranges
                0x000000f0       0x68 /usr/lib/gcc/arm-none-eabi/14.2.0/../../../../arm-none-eabi/lib/thumb/v7-m/nofp/libc_nano.a(libc_a-lock.o)
 .debug_aranges
                0x00000158       0x20 /usr/lib/gcc/arm-none-eabi/14.2.0/../../../../arm-none-eabi/lib/thumb/v7-m/nofp/libc_nano.a(libc_a-freer.o)
 .debug_aranges
                0x00000178       0x28 /usr/lib/gcc/arm-none-eabi/14.2.0/../../../../arm-none-eabi/lib/thumb/v7-m/nofp/libc_nano.a(libc_a-mallocr.o)
 .debug_aranges
                0x000001a0       0x28 /usr/lib/gcc/arm-none-eabi/14.2.0/../../../../arm-none-eabi/lib/thumb/v7-m/nofp/libc_nano.a(libc_a-mlock.o)
 .debug_aranges
                0x000001c8       0x20 /usr/lib/gcc/arm-none-eabi/14.2.0/../../../../arm-none-eabi/lib/thumb/v7-m/nofp/libc_nano.a(libc_a-sbrkr.o)
 .debug_aranges
                0x000001e8      0x130 CMakeFiles/hw_rgr.dir/Core/Libs/SSD1306_for_STM32_HAL_IAR/src/ssd1306.c.obj
 .debug_aranges
                0x00000318       0x18 CMakeFiles/hw_rgr.dir/Core/Libs/SSD1306_for_STM32_HAL_IAR/src/fonts.c.obj
 .debug_aranges
                0x00000330       0x68 CMakeFiles/hw_rgr.dir/Core/Src/main.c.obj
 .debug_aranges
                0x00000398       0x68 CMakeFiles/hw_rgr.dir/Core/Src/stm32f1xx_it.c.obj
 .debug_aranges
                0x00000400       0x58 CMakeFiles/hw_rgr.dir/Core/Src/stm32f1xx_hal_msp.c.obj
 .debug_aranges
                0x00000458       0xf0 CMakeFiles/hw_rgr.dir/Drivers/STM32F1xx_HAL_Driver/Src/stm32f1xx_hal_adc.c.obj
 .debug_aranges
                0x00000548       0x80 CMakeFiles/hw_rgr.dir/Drivers/STM32F1xx_HAL_Driver/Src/stm32f1xx_hal_adc_ex.c.obj
 .debug_aranges
                0x000005c8       0xe0 CMakeFiles/hw_rgr.dir/Drivers/STM32F1xx_HAL_Driver/Src/stm32f1xx_hal.c.obj
 .debug_aranges
                0x000006a8       0x90 CMakeFiles/hw_rgr.dir/Drivers/STM32F1xx_HAL_Driver/Src/stm32f1xx_hal_rcc.c.obj
 .debug_aranges
                0x00000738       0x30 CMakeFiles/hw_rgr.dir/Drivers/STM32F1xx_HAL_Driver/Src/stm32f1xx_hal_rcc_ex.c.obj
 .debug_aranges
                0x00000768       0x58 CMakeFiles/hw_rgr.dir/Drivers/STM32F1xx_HAL_Driver/Src/stm32f1xx_hal_gpio.c.obj
 .debug_aranges
                0x000007c0      0x100 CMakeFiles/hw_rgr.dir/Drivers/STM32F1xx_HAL_Driver/Src/stm32f1xx_hal_cortex.c.obj
 .debug_aranges
                0x000008c0      0x2a8 CMakeFiles/hw_rgr.dir/Drivers/STM32F1xx_HAL_Driver/Src/stm32f1xx_hal_i2c.c.obj
 .debug_aranges
                0x00000b68      0x3d0 CMakeFiles/hw_rgr.dir/Drivers/STM32F1xx_HAL_Driver/Src/stm32f1xx_hal_tim.c.obj
 .debug_aranges
                0x00000f38      0x168 CMakeFiles/hw_rgr.dir/Drivers/STM32F1xx_HAL_Driver/Src/stm32f1xx_hal_tim_ex.c.obj
 .debug_aranges
                0x000010a0       0x28 CMakeFiles/hw_rgr.dir/Core/Src/system_stm32f1xx.c.obj
 .debug_aranges
                0x000010c8       0x20 CMakeFiles/hw_rgr.dir/Core/Src/sysmem.c.obj
 .debug_aranges
                0x000010e8       0x28 CMakeFiles/hw_rgr.dir/startup_stm32f103xb.s.obj
 .debug_aranges
                0x00001110       0x20 /usr/lib/gcc/arm-none-eabi/14.2.0/thumb/v7-m/nofp/libgcc.a(_arm_muldf3.o)
 .debug_aranges
                0x00001130       0x20 /usr/lib/gcc/arm-none-eabi/14.2.0/thumb/v7-m/nofp/libgcc.a(_arm_addsubdf3.o)
 .debug_aranges
                0x00001150       0x20 /usr/lib/gcc/arm-none-eabi/14.2.0/thumb/v7-m/nofp/libgcc.a(_arm_truncdfsf2.o)
 .debug_aranges
                0x00001170       0x20 /usr/lib/gcc/arm-none-eabi/14.2.0/thumb/v7-m/nofp/libgcc.a(_arm_addsubsf3.o)
 .debug_aranges
                0x00001190       0x20 /usr/lib/gcc/arm-none-eabi/14.2.0/thumb/v7-m/nofp/libgcc.a(_arm_muldivsf3.o)
 .debug_aranges
                0x000011b0       0x20 /usr/lib/gcc/arm-none-eabi/14.2.0/thumb/v7-m/nofp/libgcc.a(_arm_fixsfsi.o)
 .debug_aranges
                0x000011d0       0x28 /usr/lib/gcc/arm-none-eabi/14.2.0/../../../../arm-none-eabi/lib/thumb/v7-m/nofp/libg_nano.a(libc_a-snprintf.o)
 .debug_aranges
                0x000011f8       0x20 /usr/lib/gcc/arm-none-eabi/14.2.0/../../../../arm-none-eabi/lib/thumb/v7-m/nofp/libg_nano.a(libc_a-errno.o)
 .debug_aranges
                0x00001218       0x30 /usr/lib/gcc/arm-none-eabi/14.2.0/../../../../arm-none-eabi/lib/thumb/v7-m/nofp/libg_nano.a(libc_a-nano-svfprintf.o)
 .debug_aranges
                0x00001248       0x28 /usr/lib/gcc/arm-none-eabi/14.2.0/../../../../arm-none-eabi/lib/thumb/v7-m/nofp/libg_nano.a(libc_a-nano-vfprintf_i.o)
 .debug_aranges
                0x00001270       0x20 /usr/lib/gcc/arm-none-eabi/14.2.0/../../../../arm-none-eabi/lib/thumb/v7-m/nofp/libg_nano.a(libc_a-memmove.o)
 .debug_aranges
                0x00001290       0x20 /usr/lib/gcc/arm-none-eabi/14.2.0/../../../../arm-none-eabi/lib/thumb/v7-m/nofp/libg_nano.a(libc_a-memchr-stub.o)
 .debug_aranges
                0x000012b0       0x20 /usr/lib/gcc/arm-none-eabi/14.2.0/../../../../arm-none-eabi/lib/thumb/v7-m/nofp/libg_nano.a(libc_a-memcpy-stub.o)
 .debug_aranges
                0x000012d0       0x20 /usr/lib/gcc/arm-none-eabi/14.2.0/../../../../arm-none-eabi/lib/thumb/v7-m/nofp/libg_nano.a(libc_a-reallocr.o)
 .debug_aranges
                0x000012f0       0x20 /usr/lib/gcc/arm-none-eabi/14.2.0/../../../../arm-none-eabi/lib/thumb/v7-m/nofp/libg_nano.a(libc_a-msizer.o)

.debug_rnglists
                0x00000000      0xe82
 .debug_rnglists
                0x00000000       0x7a /usr/lib/gcc/arm-none-eabi/14.2.0/../../../../arm-none-eabi/lib/thumb/v7-m/nofp/libc_nano.a(libc_a-findfp.o)
 .debug_rnglists
                0x0000007a       0x13 /usr/lib/gcc/arm-none-eabi/14.2.0/../../../../arm-none-eabi/lib/thumb/v7-m/nofp/libc_nano.a(libc_a-memset.o)
 .debug_rnglists
                0x0000008d       0x2c /usr/lib/gcc/arm-none-eabi/14.2.0/../../../../arm-none-eabi/lib/thumb/v7-m/nofp/libc_nano.a(libc_a-reent.o)
 .debug_rnglists
                0x000000b9       0x13 /usr/lib/gcc/arm-none-eabi/14.2.0/../../../../arm-none-eabi/lib/thumb/v7-m/nofp/libc_nano.a(libc_a-init.o)
 .debug_rnglists
                0x000000cc       0x49 /usr/lib/gcc/arm-none-eabi/14.2.0/../../../../arm-none-eabi/lib/thumb/v7-m/nofp/libc_nano.a(libc_a-lock.o)
 .debug_rnglists
                0x00000115       0x14 /usr/lib/gcc/arm-none-eabi/14.2.0/../../../../arm-none-eabi/lib/thumb/v7-m/nofp/libc_nano.a(libc_a-freer.o)
 .debug_rnglists
                0x00000129       0x2c /usr/lib/gcc/arm-none-eabi/14.2.0/../../../../arm-none-eabi/lib/thumb/v7-m/nofp/libc_nano.a(libc_a-mallocr.o)
 .debug_rnglists
                0x00000155       0x19 /usr/lib/gcc/arm-none-eabi/14.2.0/../../../../arm-none-eabi/lib/thumb/v7-m/nofp/libc_nano.a(libc_a-mlock.o)
 .debug_rnglists
                0x0000016e       0x13 /usr/lib/gcc/arm-none-eabi/14.2.0/../../../../arm-none-eabi/lib/thumb/v7-m/nofp/libc_nano.a(libc_a-sbrkr.o)
 .debug_rnglists
                0x00000181       0xec CMakeFiles/hw_rgr.dir/Core/Libs/SSD1306_for_STM32_HAL_IAR/src/ssd1306.c.obj
 .debug_rnglists
                0x0000026d       0x4f CMakeFiles/hw_rgr.dir/Core/Src/main.c.obj
 .debug_rnglists
                0x000002bc       0x49 CMakeFiles/hw_rgr.dir/Core/Src/stm32f1xx_it.c.obj
 .debug_rnglists
                0x00000305       0x3e CMakeFiles/hw_rgr.dir/Core/Src/stm32f1xx_hal_msp.c.obj
 .debug_rnglists
                0x00000343       0xbc CMakeFiles/hw_rgr.dir/Drivers/STM32F1xx_HAL_Driver/Src/stm32f1xx_hal_adc.c.obj
 .debug_rnglists
                0x000003ff       0x65 CMakeFiles/hw_rgr.dir/Drivers/STM32F1xx_HAL_Driver/Src/stm32f1xx_hal_adc_ex.c.obj
 .debug_rnglists
                0x00000464       0xa3 CMakeFiles/hw_rgr.dir/Drivers/STM32F1xx_HAL_Driver/Src/stm32f1xx_hal.c.obj
 .debug_rnglists
                0x00000507       0x6c CMakeFiles/hw_rgr.dir/Drivers/STM32F1xx_HAL_Driver/Src/stm32f1xx_hal_rcc.c.obj
 .debug_rnglists
                0x00000573       0x21 CMakeFiles/hw_rgr.dir/Drivers/STM32F1xx_HAL_Driver/Src/stm32f1xx_hal_rcc_ex.c.obj
 .debug_rnglists
                0x00000594       0x3f CMakeFiles/hw_rgr.dir/Drivers/STM32F1xx_HAL_Driver/Src/stm32f1xx_hal_gpio.c.obj
 .debug_rnglists
                0x000005d3       0xbb CMakeFiles/hw_rgr.dir/Drivers/STM32F1xx_HAL_Driver/Src/stm32f1xx_hal_cortex.c.obj
 .debug_rnglists
                0x0000068e      0x23c CMakeFiles/hw_rgr.dir/Drivers/STM32F1xx_HAL_Driver/Src/stm32f1xx_hal_i2c.c.obj
 .debug_rnglists
                0x000008ca      0x31a CMakeFiles/hw_rgr.dir/Drivers/STM32F1xx_HAL_Driver/Src/stm32f1xx_hal_tim.c.obj
 .debug_rnglists
                0x00000be4      0x125 CMakeFiles/hw_rgr.dir/Drivers/STM32F1xx_HAL_Driver/Src/stm32f1xx_hal_tim_ex.c.obj
 .debug_rnglists
                0x00000d09       0x1a CMakeFiles/hw_rgr.dir/Core/Src/system_stm32f1xx.c.obj
 .debug_rnglists
                0x00000d23       0x13 CMakeFiles/hw_rgr.dir/Core/Src/sysmem.c.obj
 .debug_rnglists
                0x00000d36       0x19 CMakeFiles/hw_rgr.dir/startup_stm32f103xb.s.obj
 .debug_rnglists
                0x00000d4f       0x19 /usr/lib/gcc/arm-none-eabi/14.2.0/../../../../arm-none-eabi/lib/thumb/v7-m/nofp/libg_nano.a(libc_a-snprintf.o)
 .debug_rnglists
                0x00000d68       0x13 /usr/lib/gcc/arm-none-eabi/14.2.0/../../../../arm-none-eabi/lib/thumb/v7-m/nofp/libg_nano.a(libc_a-errno.o)
 .debug_rnglists
                0x00000d7b       0x40 /usr/lib/gcc/arm-none-eabi/14.2.0/../../../../arm-none-eabi/lib/thumb/v7-m/nofp/libg_nano.a(libc_a-nano-svfprintf.o)
 .debug_rnglists
                0x00000dbb       0x68 /usr/lib/gcc/arm-none-eabi/14.2.0/../../../../arm-none-eabi/lib/thumb/v7-m/nofp/libg_nano.a(libc_a-nano-vfprintf_i.o)
 .debug_rnglists
                0x00000e23       0x13 /usr/lib/gcc/arm-none-eabi/14.2.0/../../../../arm-none-eabi/lib/thumb/v7-m/nofp/libg_nano.a(libc_a-memmove.o)
 .debug_rnglists
                0x00000e36       0x13 /usr/lib/gcc/arm-none-eabi/14.2.0/../../../../arm-none-eabi/lib/thumb/v7-m/nofp/libg_nano.a(libc_a-memchr-stub.o)
 .debug_rnglists
                0x00000e49       0x13 /usr/lib/gcc/arm-none-eabi/14.2.0/../../../../arm-none-eabi/lib/thumb/v7-m/nofp/libg_nano.a(libc_a-memcpy-stub.o)
 .debug_rnglists
                0x00000e5c       0x13 /usr/lib/gcc/arm-none-eabi/14.2.0/../../../../arm-none-eabi/lib/thumb/v7-m/nofp/libg_nano.a(libc_a-reallocr.o)
 .debug_rnglists
                0x00000e6f       0x13 /usr/lib/gcc/arm-none-eabi/14.2.0/../../../../arm-none-eabi/lib/thumb/v7-m/nofp/libg_nano.a(libc_a-msizer.o)

.debug_line     0x00000000    0x139d6
 .debug_line    0x00000000      0x580 /usr/lib/gcc/arm-none-eabi/14.2.0/../../../../arm-none-eabi/lib/thumb/v7-m/nofp/libc_nano.a(libc_a-findfp.o)
 .debug_line    0x00000580      0x123 /usr/lib/gcc/arm-none-eabi/14.2.0/../../../../arm-none-eabi/lib/thumb/v7-m/nofp/libc_nano.a(libc_a-memset.o)
 .debug_line    0x000006a3      0x294 /usr/lib/gcc/arm-none-eabi/14.2.0/../../../../arm-none-eabi/lib/thumb/v7-m/nofp/libc_nano.a(libc_a-reent.o)
 .debug_line    0x00000937      0x108 /usr/lib/gcc/arm-none-eabi/14.2.0/../../../../arm-none-eabi/lib/thumb/v7-m/nofp/libc_nano.a(libc_a-impure.o)
 .debug_line    0x00000a3f      0x116 /usr/lib/gcc/arm-none-eabi/14.2.0/../../../../arm-none-eabi/lib/thumb/v7-m/nofp/libc_nano.a(libc_a-init.o)
 .debug_line    0x00000b55      0x17d /usr/lib/gcc/arm-none-eabi/14.2.0/../../../../arm-none-eabi/lib/thumb/v7-m/nofp/libc_nano.a(libc_a-lock.o)
 .debug_line    0x00000cd2      0x2b3 /usr/lib/gcc/arm-none-eabi/14.2.0/../../../../arm-none-eabi/lib/thumb/v7-m/nofp/libc_nano.a(libc_a-freer.o)
 .debug_line    0x00000f85      0x486 /usr/lib/gcc/arm-none-eabi/14.2.0/../../../../arm-none-eabi/lib/thumb/v7-m/nofp/libc_nano.a(libc_a-mallocr.o)
 .debug_line    0x0000140b      0x18a /usr/lib/gcc/arm-none-eabi/14.2.0/../../../../arm-none-eabi/lib/thumb/v7-m/nofp/libc_nano.a(libc_a-mlock.o)
 .debug_line    0x00001595      0x1bc /usr/lib/gcc/arm-none-eabi/14.2.0/../../../../arm-none-eabi/lib/thumb/v7-m/nofp/libc_nano.a(libc_a-sbrkr.o)
 .debug_line    0x00001751     0x120a CMakeFiles/hw_rgr.dir/Core/Libs/SSD1306_for_STM32_HAL_IAR/src/ssd1306.c.obj
 .debug_line    0x0000295b      0x1c4 CMakeFiles/hw_rgr.dir/Core/Libs/SSD1306_for_STM32_HAL_IAR/src/fonts.c.obj
 .debug_line    0x00002b1f      0x9cc CMakeFiles/hw_rgr.dir/Core/Src/main.c.obj
 .debug_line    0x000034eb      0x668 CMakeFiles/hw_rgr.dir/Core/Src/stm32f1xx_it.c.obj
 .debug_line    0x00003b53      0x699 CMakeFiles/hw_rgr.dir/Core/Src/stm32f1xx_hal_msp.c.obj
 .debug_line    0x000041ec      0xe76 CMakeFiles/hw_rgr.dir/Drivers/STM32F1xx_HAL_Driver/Src/stm32f1xx_hal_adc.c.obj
 .debug_line    0x00005062      0xb98 CMakeFiles/hw_rgr.dir/Drivers/STM32F1xx_HAL_Driver/Src/stm32f1xx_hal_adc_ex.c.obj
 .debug_line    0x00005bfa      0x851 CMakeFiles/hw_rgr.dir/Drivers/STM32F1xx_HAL_Driver/Src/stm32f1xx_hal.c.obj
 .debug_line    0x0000644b      0xd0a CMakeFiles/hw_rgr.dir/Drivers/STM32F1xx_HAL_Driver/Src/stm32f1xx_hal_rcc.c.obj
 .debug_line    0x00007155      0x7bb CMakeFiles/hw_rgr.dir/Drivers/STM32F1xx_HAL_Driver/Src/stm32f1xx_hal_rcc_ex.c.obj
 .debug_line    0x00007910      0x8ae CMakeFiles/hw_rgr.dir/Drivers/STM32F1xx_HAL_Driver/Src/stm32f1xx_hal_gpio.c.obj
 .debug_line    0x000081be      0xa1b CMakeFiles/hw_rgr.dir/Drivers/STM32F1xx_HAL_Driver/Src/stm32f1xx_hal_cortex.c.obj
 .debug_line    0x00008bd9     0x3a4e CMakeFiles/hw_rgr.dir/Drivers/STM32F1xx_HAL_Driver/Src/stm32f1xx_hal_i2c.c.obj
 .debug_line    0x0000c627     0x333f CMakeFiles/hw_rgr.dir/Drivers/STM32F1xx_HAL_Driver/Src/stm32f1xx_hal_tim.c.obj
 .debug_line    0x0000f966     0x1715 CMakeFiles/hw_rgr.dir/Drivers/STM32F1xx_HAL_Driver/Src/stm32f1xx_hal_tim_ex.c.obj
 .debug_line    0x0001107b      0x620 CMakeFiles/hw_rgr.dir/Core/Src/system_stm32f1xx.c.obj
 .debug_line    0x0001169b      0x213 CMakeFiles/hw_rgr.dir/Core/Src/sysmem.c.obj
 .debug_line    0x000118ae       0x78 CMakeFiles/hw_rgr.dir/startup_stm32f103xb.s.obj
 .debug_line    0x00011926       0xf5 /usr/lib/gcc/arm-none-eabi/14.2.0/thumb/v7-m/nofp/libgcc.a(_arm_muldf3.o)
 .debug_line    0x00011a1b      0x16f /usr/lib/gcc/arm-none-eabi/14.2.0/thumb/v7-m/nofp/libgcc.a(_arm_addsubdf3.o)
 .debug_line    0x00011b8a       0x76 /usr/lib/gcc/arm-none-eabi/14.2.0/thumb/v7-m/nofp/libgcc.a(_arm_truncdfsf2.o)
 .debug_line    0x00011c00      0x103 /usr/lib/gcc/arm-none-eabi/14.2.0/thumb/v7-m/nofp/libgcc.a(_arm_addsubsf3.o)
 .debug_line    0x00011d03      0x123 /usr/lib/gcc/arm-none-eabi/14.2.0/thumb/v7-m/nofp/libgcc.a(_arm_muldivsf3.o)
 .debug_line    0x00011e26       0x62 /usr/lib/gcc/arm-none-eabi/14.2.0/thumb/v7-m/nofp/libgcc.a(_arm_fixsfsi.o)
 .debug_line    0x00011e88      0x2f5 /usr/lib/gcc/arm-none-eabi/14.2.0/../../../../arm-none-eabi/lib/thumb/v7-m/nofp/libg_nano.a(libc_a-snprintf.o)
 .debug_line    0x0001217d      0x12a /usr/lib/gcc/arm-none-eabi/14.2.0/../../../../arm-none-eabi/lib/thumb/v7-m/nofp/libg_nano.a(libc_a-errno.o)
 .debug_line    0x000122a7      0x83d /usr/lib/gcc/arm-none-eabi/14.2.0/../../../../arm-none-eabi/lib/thumb/v7-m/nofp/libg_nano.a(libc_a-nano-svfprintf.o)
 .debug_line    0x00012ae4      0x6bc /usr/lib/gcc/arm-none-eabi/14.2.0/../../../../arm-none-eabi/lib/thumb/v7-m/nofp/libg_nano.a(libc_a-nano-vfprintf_i.o)
 .debug_line    0x000131a0      0x160 /usr/lib/gcc/arm-none-eabi/14.2.0/../../../../arm-none-eabi/lib/thumb/v7-m/nofp/libg_nano.a(libc_a-memmove.o)
 .debug_line    0x00013300      0x18d /usr/lib/gcc/arm-none-eabi/14.2.0/../../../../arm-none-eabi/lib/thumb/v7-m/nofp/libg_nano.a(libc_a-memchr-stub.o)
 .debug_line    0x0001348d      0x196 /usr/lib/gcc/arm-none-eabi/14.2.0/../../../../arm-none-eabi/lib/thumb/v7-m/nofp/libg_nano.a(libc_a-memcpy-stub.o)
 .debug_line    0x00013623      0x211 /usr/lib/gcc/arm-none-eabi/14.2.0/../../../../arm-none-eabi/lib/thumb/v7-m/nofp/libg_nano.a(libc_a-reallocr.o)
 .debug_line    0x00013834      0x1a2 /usr/lib/gcc/arm-none-eabi/14.2.0/../../../../arm-none-eabi/lib/thumb/v7-m/nofp/libg_nano.a(libc_a-msizer.o)

.debug_str      0x00000000    0x9124f
 .debug_str     0x00000000    0x9124f /usr/lib/gcc/arm-none-eabi/14.2.0/../../../../arm-none-eabi/lib/thumb/v7-m/nofp/libc_nano.a(libc_a-findfp.o)
                                0x75a (size before relaxing)
 .debug_str     0x0009124f      0x1b7 /usr/lib/gcc/arm-none-eabi/14.2.0/../../../../arm-none-eabi/lib/thumb/v7-m/nofp/libc_nano.a(libc_a-memset.o)
 .debug_str     0x0009124f      0x4f6 /usr/lib/gcc/arm-none-eabi/14.2.0/../../../../arm-none-eabi/lib/thumb/v7-m/nofp/libc_nano.a(libc_a-reent.o)
 .debug_str     0x0009124f      0x4d7 /usr/lib/gcc/arm-none-eabi/14.2.0/../../../../arm-none-eabi/lib/thumb/v7-m/nofp/libc_nano.a(libc_a-impure.o)
 .debug_str     0x0009124f      0x218 /usr/lib/gcc/arm-none-eabi/14.2.0/../../../../arm-none-eabi/lib/thumb/v7-m/nofp/libc_nano.a(libc_a-init.o)
 .debug_str     0x0009124f      0x34e /usr/lib/gcc/arm-none-eabi/14.2.0/../../../../arm-none-eabi/lib/thumb/v7-m/nofp/libc_nano.a(libc_a-lock.o)
 .debug_str     0x0009124f      0x557 /usr/lib/gcc/arm-none-eabi/14.2.0/../../../../arm-none-eabi/lib/thumb/v7-m/nofp/libc_nano.a(libc_a-freer.o)
 .debug_str     0x0009124f      0x5b8 /usr/lib/gcc/arm-none-eabi/14.2.0/../../../../arm-none-eabi/lib/thumb/v7-m/nofp/libc_nano.a(libc_a-mallocr.o)
 .debug_str     0x0009124f      0x559 /usr/lib/gcc/arm-none-eabi/14.2.0/../../../../arm-none-eabi/lib/thumb/v7-m/nofp/libc_nano.a(libc_a-mlock.o)
 .debug_str     0x0009124f      0x4e0 /usr/lib/gcc/arm-none-eabi/14.2.0/../../../../arm-none-eabi/lib/thumb/v7-m/nofp/libc_nano.a(libc_a-sbrkr.o)
 .debug_str     0x0009124f    0x8b712 CMakeFiles/hw_rgr.dir/Core/Libs/SSD1306_for_STM32_HAL_IAR/src/ssd1306.c.obj
 .debug_str     0x0009124f     0x3e1c CMakeFiles/hw_rgr.dir/Core/Libs/SSD1306_for_STM32_HAL_IAR/src/fonts.c.obj
 .debug_str     0x0009124f    0x8c775 CMakeFiles/hw_rgr.dir/Core/Src/main.c.obj
 .debug_str     0x0009124f    0x8823f CMakeFiles/hw_rgr.dir/Core/Src/stm32f1xx_it.c.obj
 .debug_str     0x0009124f    0x88b83 CMakeFiles/hw_rgr.dir/Core/Src/stm32f1xx_hal_msp.c.obj
 .debug_str     0x0009124f    0x885a7 CMakeFiles/hw_rgr.dir/Drivers/STM32F1xx_HAL_Driver/Src/stm32f1xx_hal_adc.c.obj
 .debug_str     0x0009124f    0x88577 CMakeFiles/hw_rgr.dir/Drivers/STM32F1xx_HAL_Driver/Src/stm32f1xx_hal_adc_ex.c.obj
 .debug_str     0x0009124f    0x885f6 CMakeFiles/hw_rgr.dir/Drivers/STM32F1xx_HAL_Driver/Src/stm32f1xx_hal.c.obj
 .debug_str     0x0009124f    0x882f2 CMakeFiles/hw_rgr.dir/Drivers/STM32F1xx_HAL_Driver/Src/stm32f1xx_hal_rcc.c.obj
 .debug_str     0x0009124f    0x88042 CMakeFiles/hw_rgr.dir/Drivers/STM32F1xx_HAL_Driver/Src/stm32f1xx_hal_rcc_ex.c.obj
 .debug_str     0x0009124f    0x88249 CMakeFiles/hw_rgr.dir/Drivers/STM32F1xx_HAL_Driver/Src/stm32f1xx_hal_gpio.c.obj
 .debug_str     0x0009124f    0x88542 CMakeFiles/hw_rgr.dir/Drivers/STM32F1xx_HAL_Driver/Src/stm32f1xx_hal_cortex.c.obj
 .debug_str     0x0009124f    0x88f8a CMakeFiles/hw_rgr.dir/Drivers/STM32F1xx_HAL_Driver/Src/stm32f1xx_hal_i2c.c.obj
 .debug_str     0x0009124f    0x892f4 CMakeFiles/hw_rgr.dir/Drivers/STM32F1xx_HAL_Driver/Src/stm32f1xx_hal_tim.c.obj
 .debug_str     0x0009124f    0x88b00 CMakeFiles/hw_rgr.dir/Drivers/STM32F1xx_HAL_Driver/Src/stm32f1xx_hal_tim_ex.c.obj
 .debug_str     0x0009124f    0x87ec3 CMakeFiles/hw_rgr.dir/Core/Src/system_stm32f1xx.c.obj
 .debug_str     0x0009124f     0x7143 CMakeFiles/hw_rgr.dir/Core/Src/sysmem.c.obj
 .debug_str     0x0009124f       0x8c CMakeFiles/hw_rgr.dir/startup_stm32f103xb.s.obj
 .debug_str     0x0009124f       0xb5 /usr/lib/gcc/arm-none-eabi/14.2.0/thumb/v7-m/nofp/libgcc.a(_arm_muldf3.o)
 .debug_str     0x0009124f      0x14b /usr/lib/gcc/arm-none-eabi/14.2.0/thumb/v7-m/nofp/libgcc.a(_arm_addsubdf3.o)
 .debug_str     0x0009124f       0xb8 /usr/lib/gcc/arm-none-eabi/14.2.0/thumb/v7-m/nofp/libgcc.a(_arm_truncdfsf2.o)
 .debug_str     0x0009124f      0x13f /usr/lib/gcc/arm-none-eabi/14.2.0/thumb/v7-m/nofp/libgcc.a(_arm_addsubsf3.o)
 .debug_str     0x0009124f       0xcb /usr/lib/gcc/arm-none-eabi/14.2.0/thumb/v7-m/nofp/libgcc.a(_arm_muldivsf3.o)
 .debug_str     0x0009124f       0xb6 /usr/lib/gcc/arm-none-eabi/14.2.0/thumb/v7-m/nofp/libgcc.a(_arm_fixsfsi.o)
 .debug_str     0x0009124f      0x525 /usr/lib/gcc/arm-none-eabi/14.2.0/../../../../arm-none-eabi/lib/thumb/v7-m/nofp/libg_nano.a(libc_a-snprintf.o)
 .debug_str     0x0009124f      0x4d1 /usr/lib/gcc/arm-none-eabi/14.2.0/../../../../arm-none-eabi/lib/thumb/v7-m/nofp/libg_nano.a(libc_a-errno.o)
 .debug_str     0x0009124f      0x820 /usr/lib/gcc/arm-none-eabi/14.2.0/../../../../arm-none-eabi/lib/thumb/v7-m/nofp/libg_nano.a(libc_a-nano-svfprintf.o)
 .debug_str     0x0009124f      0x7b6 /usr/lib/gcc/arm-none-eabi/14.2.0/../../../../arm-none-eabi/lib/thumb/v7-m/nofp/libg_nano.a(libc_a-nano-vfprintf_i.o)
 .debug_str     0x0009124f      0x1d2 /usr/lib/gcc/arm-none-eabi/14.2.0/../../../../arm-none-eabi/lib/thumb/v7-m/nofp/libg_nano.a(libc_a-memmove.o)
 .debug_str     0x0009124f      0x1d1 /usr/lib/gcc/arm-none-eabi/14.2.0/../../../../arm-none-eabi/lib/thumb/v7-m/nofp/libg_nano.a(libc_a-memchr-stub.o)
 .debug_str     0x0009124f      0x1d5 /usr/lib/gcc/arm-none-eabi/14.2.0/../../../../arm-none-eabi/lib/thumb/v7-m/nofp/libg_nano.a(libc_a-memcpy-stub.o)
 .debug_str     0x0009124f      0x54d /usr/lib/gcc/arm-none-eabi/14.2.0/../../../../arm-none-eabi/lib/thumb/v7-m/nofp/libg_nano.a(libc_a-reallocr.o)
 .debug_str     0x0009124f      0x520 /usr/lib/gcc/arm-none-eabi/14.2.0/../../../../arm-none-eabi/lib/thumb/v7-m/nofp/libg_nano.a(libc_a-msizer.o)

.debug_frame    0x00000000     0x4654
 .debug_frame   0x00000000      0x144 /usr/lib/gcc/arm-none-eabi/14.2.0/../../../../arm-none-eabi/lib/thumb/v7-m/nofp/libc_nano.a(libc_a-findfp.o)
 .debug_frame   0x00000144       0x20 /usr/lib/gcc/arm-none-eabi/14.2.0/../../../../arm-none-eabi/lib/thumb/v7-m/nofp/libc_nano.a(libc_a-memset.o)
 .debug_frame   0x00000164       0x38 /usr/lib/gcc/arm-none-eabi/14.2.0/../../../../arm-none-eabi/lib/thumb/v7-m/nofp/libc_nano.a(libc_a-reent.o)
 .debug_frame   0x0000019c       0x2c /usr/lib/gcc/arm-none-eabi/14.2.0/../../../../arm-none-eabi/lib/thumb/v7-m/nofp/libc_nano.a(libc_a-init.o)
 .debug_frame   0x000001c8       0xb0 /usr/lib/gcc/arm-none-eabi/14.2.0/../../../../arm-none-eabi/lib/thumb/v7-m/nofp/libc_nano.a(libc_a-lock.o)
 .debug_frame   0x00000278       0x38 /usr/lib/gcc/arm-none-eabi/14.2.0/../../../../arm-none-eabi/lib/thumb/v7-m/nofp/libc_nano.a(libc_a-freer.o)
 .debug_frame   0x000002b0       0x50 /usr/lib/gcc/arm-none-eabi/14.2.0/../../../../arm-none-eabi/lib/thumb/v7-m/nofp/libc_nano.a(libc_a-mallocr.o)
 .debug_frame   0x00000300       0x30 /usr/lib/gcc/arm-none-eabi/14.2.0/../../../../arm-none-eabi/lib/thumb/v7-m/nofp/libc_nano.a(libc_a-mlock.o)
 .debug_frame   0x00000330       0x2c /usr/lib/gcc/arm-none-eabi/14.2.0/../../../../arm-none-eabi/lib/thumb/v7-m/nofp/libc_nano.a(libc_a-sbrkr.o)
 .debug_frame   0x0000035c      0x4e0 CMakeFiles/hw_rgr.dir/Core/Libs/SSD1306_for_STM32_HAL_IAR/src/ssd1306.c.obj
 .debug_frame   0x0000083c      0x168 CMakeFiles/hw_rgr.dir/Core/Src/main.c.obj
 .debug_frame   0x000009a4      0x120 CMakeFiles/hw_rgr.dir/Core/Src/stm32f1xx_it.c.obj
 .debug_frame   0x00000ac4      0x13c CMakeFiles/hw_rgr.dir/Core/Src/stm32f1xx_hal_msp.c.obj
 .debug_frame   0x00000c00      0x40c CMakeFiles/hw_rgr.dir/Drivers/STM32F1xx_HAL_Driver/Src/stm32f1xx_hal_adc.c.obj
 .debug_frame   0x0000100c      0x200 CMakeFiles/hw_rgr.dir/Drivers/STM32F1xx_HAL_Driver/Src/stm32f1xx_hal_adc_ex.c.obj
 .debug_frame   0x0000120c      0x334 CMakeFiles/hw_rgr.dir/Drivers/STM32F1xx_HAL_Driver/Src/stm32f1xx_hal.c.obj
 .debug_frame   0x00001540      0x218 CMakeFiles/hw_rgr.dir/Drivers/STM32F1xx_HAL_Driver/Src/stm32f1xx_hal_rcc.c.obj
 .debug_frame   0x00001758       0x80 CMakeFiles/hw_rgr.dir/Drivers/STM32F1xx_HAL_Driver/Src/stm32f1xx_hal_rcc_ex.c.obj
 .debug_frame   0x000017d8      0x14c CMakeFiles/hw_rgr.dir/Drivers/STM32F1xx_HAL_Driver/Src/stm32f1xx_hal_gpio.c.obj
 .debug_frame   0x00001924      0x428 CMakeFiles/hw_rgr.dir/Drivers/STM32F1xx_HAL_Driver/Src/stm32f1xx_hal_cortex.c.obj
 .debug_frame   0x00001d4c      0xc84 CMakeFiles/hw_rgr.dir/Drivers/STM32F1xx_HAL_Driver/Src/stm32f1xx_hal_i2c.c.obj
 .debug_frame   0x000029d0     0x11b8 CMakeFiles/hw_rgr.dir/Drivers/STM32F1xx_HAL_Driver/Src/stm32f1xx_hal_tim.c.obj
 .debug_frame   0x00003b88      0x638 CMakeFiles/hw_rgr.dir/Drivers/STM32F1xx_HAL_Driver/Src/stm32f1xx_hal_tim_ex.c.obj
 .debug_frame   0x000041c0       0x58 CMakeFiles/hw_rgr.dir/Core/Src/system_stm32f1xx.c.obj
 .debug_frame   0x00004218       0x34 CMakeFiles/hw_rgr.dir/Core/Src/sysmem.c.obj
 .debug_frame   0x0000424c       0x30 /usr/lib/gcc/arm-none-eabi/14.2.0/thumb/v7-m/nofp/libgcc.a(_arm_muldf3.o)
 .debug_frame   0x0000427c       0xac /usr/lib/gcc/arm-none-eabi/14.2.0/thumb/v7-m/nofp/libgcc.a(_arm_addsubdf3.o)
 .debug_frame   0x00004328       0x24 /usr/lib/gcc/arm-none-eabi/14.2.0/thumb/v7-m/nofp/libgcc.a(_arm_truncdfsf2.o)
 .debug_frame   0x0000434c       0x4c /usr/lib/gcc/arm-none-eabi/14.2.0/thumb/v7-m/nofp/libgcc.a(_arm_addsubsf3.o)
 .debug_frame   0x00004398       0x38 /usr/lib/gcc/arm-none-eabi/14.2.0/thumb/v7-m/nofp/libgcc.a(_arm_muldivsf3.o)
 .debug_frame   0x000043d0       0x24 /usr/lib/gcc/arm-none-eabi/14.2.0/thumb/v7-m/nofp/libgcc.a(_arm_fixsfsi.o)
 .debug_frame   0x000043f4       0x7c /usr/lib/gcc/arm-none-eabi/14.2.0/../../../../arm-none-eabi/lib/thumb/v7-m/nofp/libg_nano.a(libc_a-snprintf.o)
 .debug_frame   0x00004470       0x20 /usr/lib/gcc/arm-none-eabi/14.2.0/../../../../arm-none-eabi/lib/thumb/v7-m/nofp/libg_nano.a(libc_a-errno.o)
 .debug_frame   0x00004490       0x90 /usr/lib/gcc/arm-none-eabi/14.2.0/../../../../arm-none-eabi/lib/thumb/v7-m/nofp/libg_nano.a(libc_a-nano-svfprintf.o)
 .debug_frame   0x00004520       0x60 /usr/lib/gcc/arm-none-eabi/14.2.0/../../../../arm-none-eabi/lib/thumb/v7-m/nofp/libg_nano.a(libc_a-nano-vfprintf_i.o)